Component: ARM Compiler 5.06 update 6 (build 750) Tool: armlink [4d35ed]

==============================================================================

Section Cross References

    main.o(i.bit_counter_strike) refers to rt_ge.o(i.svc_GE_suscribir) for svc_GE_suscribir
    main.o(i.bit_counter_strike) refers to svc_alarma.o(i.svc_alarma_codificar) for svc_alarma_codificar
    main.o(i.bit_counter_strike) refers to svc_alarma.o(i.svc_alarma_activar) for svc_alarma_activar
    main.o(i.bit_counter_strike) refers to rt_ge.o(i.rt_GE_lanzador) for rt_GE_lanzador
    main.o(i.bit_counter_strike) refers to main.o(i.boton_pulsar_counter_strike) for boton_pulsar_counter_strike
    main.o(i.bit_counter_strike) refers to main.o(i.apagarLed) for apagarLed
    main.o(i.bit_counter_strike) refers to main.o(i.siguienteLed) for siguienteLed
    main.o(i.blink_v3_bis) refers to rt_fifo.o(i.rt_FIFO_inicializar) for rt_FIFO_inicializar
    main.o(i.blink_v3_bis) refers to drv_consumo.o(i.drv_consumo_iniciar) for drv_consumo_iniciar
    main.o(i.blink_v3_bis) refers to drv_tiempo.o(i.drv_tiempo_periodico_ms) for drv_tiempo_periodico_ms
    main.o(i.blink_v3_bis) refers to drv_botones.o(i.drv_botones_iniciar) for drv_botones_iniciar
    main.o(i.blink_v3_bis) refers to drv_consumo.o(i.drv_consumo_esperar) for drv_consumo_esperar
    main.o(i.blink_v3_bis) refers to drv_leds.o(i.drv_led_apagar) for drv_led_apagar
    main.o(i.blink_v3_bis) refers to drv_consumo.o(i.drv_consumo_dormir) for drv_consumo_dormir
    main.o(i.blink_v3_bis) refers to drv_leds.o(i.drv_led_encender) for drv_led_encender
    main.o(i.blink_v3_bis) refers to drv_leds.o(i.drv_led_conmutar) for drv_led_conmutar
    main.o(i.blink_v3_bis) refers to rt_fifo.o(i.rt_FIFO_encolar) for rt_FIFO_encolar
    main.o(i.boton_pulsar_counter_strike) refers to drv_leds.o(i.drv_led_apagar) for drv_led_apagar
    main.o(i.boton_pulsar_counter_strike) refers to aeabi_sdivfast.o(.text) for __aeabi_idivmod
    main.o(i.boton_pulsar_counter_strike) refers to svc_alarma.o(i.svc_alarma_codificar) for svc_alarma_codificar
    main.o(i.boton_pulsar_counter_strike) refers to svc_alarma.o(i.svc_alarma_activar) for svc_alarma_activar
    main.o(i.boton_pulsar_counter_strike) refers to main.o(.data) for .data
    main.o(i.main) refers to hal_gpio_lpc.o(i.hal_gpio_iniciar) for hal_gpio_iniciar
    main.o(i.main) refers to drv_leds.o(i.drv_leds_iniciar) for drv_leds_iniciar
    main.o(i.main) refers to rt_ge.o(i.rt_GE_iniciar) for rt_GE_iniciar
    main.o(i.main) refers to drv_tiempo.o(i.drv_tiempo_iniciar) for drv_tiempo_iniciar
    main.o(i.main) refers to drv_wtd.o(i.drv_WDT_iniciar) for drv_WDT_iniciar
    main.o(i.main) refers to drv_consumo.o(i.drv_consumo_iniciar) for drv_consumo_iniciar
    main.o(i.main) refers to drv_botones.o(i.drv_botones_iniciar) for drv_botones_iniciar
    main.o(i.main) refers to svc_alarma.o(i.svc_alarma_iniciar) for svc_alarma_iniciar
    main.o(i.main) refers to rt_ge.o(i.svc_GE_suscribir) for svc_GE_suscribir
    main.o(i.main) refers to svc_alarma.o(i.svc_alarma_codificar) for svc_alarma_codificar
    main.o(i.main) refers to svc_alarma.o(i.svc_alarma_activar) for svc_alarma_activar
    main.o(i.main) refers to rt_ge.o(i.rt_GE_lanzador) for rt_GE_lanzador
    main.o(i.main) refers to rt_fifo.o(i.rt_FIFO_encolar) for rt_FIFO_encolar
    main.o(i.main) refers to main.o(i.boton_pulsar_counter_strike) for boton_pulsar_counter_strike
    main.o(i.main) refers to main.o(i.apagarLed) for apagarLed
    main.o(i.main) refers to main.o(i.siguienteLed) for siguienteLed
    main.o(i.siguienteLed) refers to drv_leds.o(i.drv_led_apagar) for drv_led_apagar
    main.o(i.siguienteLed) refers to aeabi_sdivfast.o(.text) for __aeabi_idivmod
    main.o(i.siguienteLed) refers to drv_leds.o(i.drv_led_encender) for drv_led_encender
    main.o(i.siguienteLed) refers to main.o(.data) for .data
    drv_leds.o(i.drv_led_apagar) refers to hal_gpio_lpc.o(i.hal_gpio_escribir) for hal_gpio_escribir
    drv_leds.o(i.drv_led_apagar) refers to drv_leds.o(.constdata) for .constdata
    drv_leds.o(i.drv_led_conmutar) refers to hal_gpio_lpc.o(i.hal_gpio_leer) for hal_gpio_leer
    drv_leds.o(i.drv_led_conmutar) refers to hal_gpio_lpc.o(i.hal_gpio_escribir) for hal_gpio_escribir
    drv_leds.o(i.drv_led_conmutar) refers to drv_leds.o(.constdata) for .constdata
    drv_leds.o(i.drv_led_encender) refers to hal_gpio_lpc.o(i.hal_gpio_escribir) for hal_gpio_escribir
    drv_leds.o(i.drv_led_encender) refers to drv_leds.o(.constdata) for .constdata
    drv_leds.o(i.drv_leds_iniciar) refers to hal_gpio_lpc.o(i.hal_gpio_sentido) for hal_gpio_sentido
    drv_leds.o(i.drv_leds_iniciar) refers to hal_gpio_lpc.o(i.hal_gpio_escribir) for hal_gpio_escribir
    drv_leds.o(i.drv_leds_iniciar) refers to drv_leds.o(.constdata) for .constdata
    drv_tiempo.o(i.drv_funcion_callback) refers to drv_monitor.o(i.drv_monitor_marcar) for drv_monitor_marcar
    drv_tiempo.o(i.drv_funcion_callback) refers to drv_tiempo.o(.data) for .data
    drv_tiempo.o(i.drv_tiempo_actual_ms) refers to hal_tiempo_lpc.o(i.hal_tiempo_actual_tick) for hal_tiempo_actual_tick
    drv_tiempo.o(i.drv_tiempo_actual_ms) refers to lludiv.o(.text) for __aeabi_uldivmod
    drv_tiempo.o(i.drv_tiempo_actual_ms) refers to drv_tiempo.o(.data) for .data
    drv_tiempo.o(i.drv_tiempo_actual_us) refers to hal_tiempo_lpc.o(i.hal_tiempo_actual_tick) for hal_tiempo_actual_tick
    drv_tiempo.o(i.drv_tiempo_actual_us) refers to lludiv.o(.text) for __aeabi_uldivmod
    drv_tiempo.o(i.drv_tiempo_actual_us) refers to drv_tiempo.o(.data) for .data
    drv_tiempo.o(i.drv_tiempo_esperar_hasta_ms) refers to hal_tiempo_lpc.o(i.hal_tiempo_actual_tick) for hal_tiempo_actual_tick
    drv_tiempo.o(i.drv_tiempo_esperar_hasta_ms) refers to lludiv.o(.text) for __aeabi_uldivmod
    drv_tiempo.o(i.drv_tiempo_esperar_hasta_ms) refers to drv_tiempo.o(.data) for .data
    drv_tiempo.o(i.drv_tiempo_esperar_ms) refers to hal_tiempo_lpc.o(i.hal_tiempo_actual_tick) for hal_tiempo_actual_tick
    drv_tiempo.o(i.drv_tiempo_esperar_ms) refers to lludiv.o(.text) for __aeabi_uldivmod
    drv_tiempo.o(i.drv_tiempo_esperar_ms) refers to drv_tiempo.o(.data) for .data
    drv_tiempo.o(i.drv_tiempo_iniciar) refers to hal_tiempo_lpc.o(i.hal_tiempo_iniciar_tick) for hal_tiempo_iniciar_tick
    drv_tiempo.o(i.drv_tiempo_iniciar) refers to drv_tiempo.o(.data) for .data
    drv_tiempo.o(i.drv_tiempo_periodico_ms) refers to hal_tiempo_lpc.o(i.hal_tiempo_reloj_periodico_tick) for hal_tiempo_reloj_periodico_tick
    drv_tiempo.o(i.drv_tiempo_periodico_ms) refers to drv_tiempo.o(.data) for .data
    drv_tiempo.o(i.drv_tiempo_periodico_ms) refers to drv_tiempo.o(i.drv_funcion_callback) for drv_funcion_callback
    drv_tiempo.o(i.drv_tiempo_setMonitor) refers to drv_tiempo.o(.data) for .data
    drv_consumo.o(i.drv_consumo_dormir) refers to drv_monitor.o(i.drv_monitor_desmarcar) for drv_monitor_desmarcar
    drv_consumo.o(i.drv_consumo_dormir) refers to hal_consumo_lpc.o(i.hal_consumo_dormir) for hal_consumo_dormir
    drv_consumo.o(i.drv_consumo_dormir) refers to drv_consumo.o(.data) for .data
    drv_consumo.o(i.drv_consumo_esperar) refers to drv_monitor.o(i.drv_monitor_desmarcar) for drv_monitor_desmarcar
    drv_consumo.o(i.drv_consumo_esperar) refers to hal_consumo_lpc.o(i.hal_consumo_esperar) for hal_consumo_esperar
    drv_consumo.o(i.drv_consumo_esperar) refers to drv_consumo.o(.data) for .data
    drv_consumo.o(i.drv_consumo_iniciar) refers to drv_tiempo.o(i.drv_tiempo_setMonitor) for drv_tiempo_setMonitor
    drv_consumo.o(i.drv_consumo_iniciar) refers to drv_monitor.o(i.drv_monitor_marcar) for drv_monitor_marcar
    drv_consumo.o(i.drv_consumo_iniciar) refers to drv_consumo.o(.data) for .data
    drv_monitor.o(i.drv_monitor_desmarcar) refers to hal_gpio_lpc.o(i.hal_gpio_escribir) for hal_gpio_escribir
    drv_monitor.o(i.drv_monitor_desmarcar) refers to drv_monitor.o(.constdata) for .constdata
    drv_monitor.o(i.drv_monitor_marcar) refers to hal_gpio_lpc.o(i.hal_gpio_escribir) for hal_gpio_escribir
    drv_monitor.o(i.drv_monitor_marcar) refers to drv_monitor.o(.constdata) for .constdata
    rt_fifo.o(i.rt_FIFO_encolar) refers to svc_sc.o(i.svc_SC_entrar) for svc_SC_entrar
    rt_fifo.o(i.rt_FIFO_encolar) refers to drv_monitor.o(i.drv_monitor_marcar) for drv_monitor_marcar
    rt_fifo.o(i.rt_FIFO_encolar) refers to drv_tiempo.o(i.drv_tiempo_actual_us) for drv_tiempo_actual_us
    rt_fifo.o(i.rt_FIFO_encolar) refers to svc_sc.o(i.svc_SC_salir) for svc_SC_salir
    rt_fifo.o(i.rt_FIFO_encolar) refers to rt_fifo.o(.data) for .data
    rt_fifo.o(i.rt_FIFO_encolar) refers to rt_fifo.o(.bss) for .bss
    rt_fifo.o(i.rt_FIFO_estadisticas) refers to rt_fifo.o(.bss) for .bss
    rt_fifo.o(i.rt_FIFO_extraer) refers to svc_sc.o(i.svc_SC_entrar) for svc_SC_entrar
    rt_fifo.o(i.rt_FIFO_extraer) refers to svc_sc.o(i.svc_SC_salir) for svc_SC_salir
    rt_fifo.o(i.rt_FIFO_extraer) refers to rt_fifo.o(.data) for .data
    rt_fifo.o(i.rt_FIFO_extraer) refers to rt_fifo.o(.bss) for .bss
    rt_fifo.o(i.rt_FIFO_inicializar) refers to rt_fifo.o(.data) for .data
    rt_fifo.o(i.rt_FIFO_inicializar) refers to rt_fifo.o(.bss) for .bss
    rt_fifo.o(i.rt_FIFO_llena) refers to rt_fifo.o(.data) for .data
    rt_fifo.o(i.rt_FIFO_vacia) refers to rt_fifo.o(.data) for .data
    rt_fifo.o(i.rt_FIFO_vaciar) refers to rt_fifo.o(.data) for .data
    test_fifo.o(i.test_fifo) refers to rt_fifo.o(i.rt_FIFO_inicializar) for rt_FIFO_inicializar
    test_fifo.o(i.test_fifo) refers to rt_fifo.o(i.rt_FIFO_encolar) for rt_FIFO_encolar
    rt_ge.o(i.rt_GE_iniciar) refers to rt_ge.o(i.svc_GE_suscribir) for svc_GE_suscribir
    rt_ge.o(i.rt_GE_iniciar) refers to rt_ge.o(.data) for .data
    rt_ge.o(i.rt_GE_iniciar) refers to rt_ge.o(.bss) for .bss
    rt_ge.o(i.rt_GE_iniciar) refers to rt_ge.o(i.rt_GE_tratar) for rt_GE_tratar
    rt_ge.o(i.rt_GE_lanzador) refers to svc_alarma.o(i.svc_alarma_codificar) for svc_alarma_codificar
    rt_ge.o(i.rt_GE_lanzador) refers to svc_alarma.o(i.svc_alarma_activar) for svc_alarma_activar
    rt_ge.o(i.rt_GE_lanzador) refers to rt_fifo.o(i.rt_FIFO_vacia) for rt_FIFO_vacia
    rt_ge.o(i.rt_GE_lanzador) refers to drv_consumo.o(i.drv_consumo_esperar) for drv_consumo_esperar
    rt_ge.o(i.rt_GE_lanzador) refers to rt_fifo.o(i.rt_FIFO_extraer) for rt_FIFO_extraer
    rt_ge.o(i.rt_GE_lanzador) refers to drv_wtd.o(i.drv_WDT_alimentar) for drv_WDT_alimentar
    rt_ge.o(i.rt_GE_lanzador) refers to rt_ge.o(.bss) for .bss
    rt_ge.o(i.rt_GE_tratar) refers to drv_leds.o(i.drv_led_apagar) for drv_led_apagar
    rt_ge.o(i.rt_GE_tratar) refers to drv_consumo.o(i.drv_consumo_dormir) for drv_consumo_dormir
    rt_ge.o(i.rt_GE_tratar) refers to svc_alarma.o(i.svc_alarma_codificar) for svc_alarma_codificar
    rt_ge.o(i.rt_GE_tratar) refers to svc_alarma.o(i.svc_alarma_activar) for svc_alarma_activar
    rt_ge.o(i.svc_GE_cancelar) refers to rt_ge.o(.bss) for .bss
    rt_ge.o(i.svc_GE_suscribir) refers to drv_monitor.o(i.drv_monitor_marcar) for drv_monitor_marcar
    rt_ge.o(i.svc_GE_suscribir) refers to rt_ge.o(.bss) for .bss
    rt_ge.o(i.svc_GE_suscribir) refers to rt_ge.o(.data) for .data
    svc_alarma.o(i.svc_alarma_activar) refers to drv_monitor.o(i.drv_monitor_marcar) for drv_monitor_marcar
    svc_alarma.o(i.svc_alarma_activar) refers to svc_alarma.o(.bss) for .bss
    svc_alarma.o(i.svc_alarma_activar) refers to svc_alarma.o(.data) for .data
    svc_alarma.o(i.svc_alarma_iniciar) refers to drv_tiempo.o(i.drv_tiempo_periodico_ms) for drv_tiempo_periodico_ms
    svc_alarma.o(i.svc_alarma_iniciar) refers to rt_ge.o(i.svc_GE_suscribir) for svc_GE_suscribir
    svc_alarma.o(i.svc_alarma_iniciar) refers to svc_alarma.o(.data) for .data
    svc_alarma.o(i.svc_alarma_iniciar) refers to svc_alarma.o(.bss) for .bss
    svc_alarma.o(i.svc_alarma_iniciar) refers to svc_alarma.o(i.svc_alarma_tratar) for svc_alarma_tratar
    svc_alarma.o(i.svc_alarma_tratar) refers to rt_fifo.o(i.rt_FIFO_encolar) for rt_FIFO_encolar
    svc_alarma.o(i.svc_alarma_tratar) refers to svc_alarma.o(.bss) for .bss
    drv_wtd.o(i.drv_WDT_alimentar) refers to svc_sc.o(i.svc_SC_entrar) for svc_SC_entrar
    drv_wtd.o(i.drv_WDT_alimentar) refers to hal_wtd_lpc.o(i.hal_WDT_alimentar) for hal_WDT_alimentar
    drv_wtd.o(i.drv_WDT_alimentar) refers to svc_sc.o(i.svc_SC_salir) for svc_SC_salir
    drv_wtd.o(i.drv_WDT_iniciar) refers to hal_wtd_lpc.o(i.hal_WDT_iniciar) for hal_WDT_iniciar
    drv_botones.o(i.drv_botones_iniciar) refers to hal_ext_int_lpc.o(i.hal_ext_int_iniciar) for hal_ext_int_iniciar
    drv_botones.o(i.drv_botones_iniciar) refers to hal_ext_int_lpc.o(i.hal_ext_int_habilitar_int) for hal_ext_int_habilitar_int
    drv_botones.o(i.drv_botones_iniciar) refers to hal_ext_int_lpc.o(i.hal_ext_int_habilitar_despertar) for hal_ext_int_habilitar_despertar
    drv_botones.o(i.drv_botones_iniciar) refers to rt_ge.o(i.svc_GE_suscribir) for svc_GE_suscribir
    drv_botones.o(i.drv_botones_iniciar) refers to drv_botones.o(.constdata) for .constdata
    drv_botones.o(i.drv_botones_iniciar) refers to drv_botones.o(i.drv_botones_tratar) for drv_botones_tratar
    drv_botones.o(i.drv_botones_tratar) refers to hal_ext_int_lpc.o(i.hal_ext_int_habilitar_int) for hal_ext_int_habilitar_int
    drv_botones.o(i.drv_botones_tratar) refers to svc_alarma.o(i.svc_alarma_activar) for svc_alarma_activar
    drv_botones.o(i.drv_botones_tratar) refers to hal_gpio_lpc.o(i.hal_gpio_leer) for hal_gpio_leer
    drv_botones.o(i.drv_botones_tratar) refers to drv_botones.o(.data) for .data
    svc_sc.o(i.svc_SC_entrar) refers to svc_sc.o(.data) for .data
    svc_sc.o(i.svc_SC_salir) refers to svc_sc.o(.data) for .data
    hal_tiempo_lpc.o(i.hal_tiempo_actual_tick) refers to hal_tiempo_lpc.o(.data) for .data
    hal_tiempo_lpc.o(i.hal_tiempo_iniciar_tick) refers to hal_tiempo_lpc.o(.data) for .data
    hal_tiempo_lpc.o(i.hal_tiempo_iniciar_tick) refers to hal_tiempo_lpc.o(i.timer0_ISR) for timer0_ISR
    hal_tiempo_lpc.o(i.hal_tiempo_reloj_periodico_tick) refers to hal_tiempo_lpc.o(.data) for .data
    hal_tiempo_lpc.o(i.hal_tiempo_reloj_periodico_tick) refers to hal_tiempo_lpc.o(i.timer1_ISR) for timer1_ISR
    hal_tiempo_lpc.o(i.timer0_ISR) refers to hal_tiempo_lpc.o(.data) for .data
    hal_tiempo_lpc.o(i.timer1_ISR) refers to hal_tiempo_lpc.o(.data) for .data
    hal_consumo_lpc.o(i.hal_consumo_dormir) refers to startup.o(.text) for switch_to_PLL
    hal_ext_int_lpc.o(i.eint0_ISR) refers to hal_ext_int_lpc.o(i.hal_ext_int_deshabilitar_int) for hal_ext_int_deshabilitar_int
    hal_ext_int_lpc.o(i.eint0_ISR) refers to hal_ext_int_lpc.o(.data) for .data
    hal_ext_int_lpc.o(i.eint1_ISR) refers to hal_ext_int_lpc.o(i.hal_ext_int_deshabilitar_int) for hal_ext_int_deshabilitar_int
    hal_ext_int_lpc.o(i.eint1_ISR) refers to hal_ext_int_lpc.o(.data) for .data
    hal_ext_int_lpc.o(i.eint2_ISR) refers to hal_ext_int_lpc.o(i.hal_ext_int_deshabilitar_int) for hal_ext_int_deshabilitar_int
    hal_ext_int_lpc.o(i.eint2_ISR) refers to hal_ext_int_lpc.o(.data) for .data
    hal_ext_int_lpc.o(i.hal_ext_int_iniciar) refers to hal_ext_int_lpc.o(.data) for .data
    hal_ext_int_lpc.o(i.hal_ext_int_iniciar) refers to hal_ext_int_lpc.o(i.eint0_ISR) for eint0_ISR
    hal_ext_int_lpc.o(i.hal_ext_int_iniciar) refers to hal_ext_int_lpc.o(i.eint1_ISR) for eint1_ISR
    hal_ext_int_lpc.o(i.hal_ext_int_iniciar) refers to hal_ext_int_lpc.o(i.eint2_ISR) for eint2_ISR
    startup.o(STACK) refers (Special) to heapauxi.o(.text) for __use_two_region_memory
    startup.o(HEAP) refers (Special) to heapauxi.o(.text) for __use_two_region_memory
    startup.o(RESET) refers (Special) to heapauxi.o(.text) for __use_two_region_memory
    startup.o(RESET) refers to startup.o(STACK) for Stack_Top
    startup.o(RESET) refers to __main.o(!!!main) for __main
    startup.o(.text) refers (Special) to heapauxi.o(.text) for __use_two_region_memory
    startup.o(.text) refers to startup.o(HEAP) for Heap_Mem
    startup.o(.text) refers to startup.o(STACK) for Stack_Mem
    aeabi_sdivfast.o(.text_udiv) refers to aeabi_sdivfast.o(.text) for __arm_div2
    aeabi_sdivfast_div0.o(.text_udiv) refers to aeabi_sdivfast_div0.o(.text) for __arm_div2
    __main.o(!!!main) refers to __rtentry.o(.ARM.Collect$$rtentry$$00000000) for __rt_entry
    __rtentry.o(.ARM.Collect$$rtentry$$00000000) refers (Special) to __rtentry2.o(.ARM.Collect$$rtentry$$0000000A) for __rt_entry_li
    __rtentry.o(.ARM.Collect$$rtentry$$00000000) refers (Special) to __rtentry2.o(.ARM.Collect$$rtentry$$0000000D) for __rt_entry_main
    __rtentry.o(.ARM.Collect$$rtentry$$00000000) refers (Special) to __rtentry2.o(.ARM.Collect$$rtentry$$0000000C) for __rt_entry_postli_1
    __rtentry.o(.ARM.Collect$$rtentry$$00000000) refers (Special) to __rtentry2.o(.ARM.Collect$$rtentry$$00000009) for __rt_entry_postsh_1
    __rtentry.o(.ARM.Collect$$rtentry$$00000000) refers (Special) to __rtentry2.o(.ARM.Collect$$rtentry$$00000002) for __rt_entry_presh_1
    __rtentry.o(.ARM.Collect$$rtentry$$00000000) refers (Special) to __rtentry4.o(.ARM.Collect$$rtentry$$00000004) for __rt_entry_sh
    aeabi_idiv0_sigfpe.o(.text) refers to rt_div0.o(.text) for __rt_div0
    aeabi_ldiv0_sigfpe.o(.text) refers to rt_div0.o(.text) for __rt_div0
    __rtentry2.o(.ARM.Collect$$rtentry$$00000008) refers to boardinit2.o(.text) for _platform_post_stackheap_init
    __rtentry2.o(.ARM.Collect$$rtentry$$0000000A) refers to libinit.o(.ARM.Collect$$libinit$$00000000) for __rt_lib_init
    __rtentry2.o(.ARM.Collect$$rtentry$$0000000B) refers to boardinit3.o(.text) for _platform_post_lib_init
    __rtentry2.o(.ARM.Collect$$rtentry$$0000000D) refers to exit.o(.text) for exit
    __rtentry2.o(.ARM.Collect$$rtentry$$0000000D) refers to main.o(i.main) for main
    __rtentry2.o(.ARM.exidx) refers to __rtentry2.o(.ARM.Collect$$rtentry$$00000001) for .ARM.Collect$$rtentry$$00000001
    __rtentry2.o(.ARM.exidx) refers to __rtentry2.o(.ARM.Collect$$rtentry$$00000008) for .ARM.Collect$$rtentry$$00000008
    __rtentry2.o(.ARM.exidx) refers to __rtentry2.o(.ARM.Collect$$rtentry$$0000000A) for .ARM.Collect$$rtentry$$0000000A
    __rtentry2.o(.ARM.exidx) refers to __rtentry2.o(.ARM.Collect$$rtentry$$0000000B) for .ARM.Collect$$rtentry$$0000000B
    __rtentry2.o(.ARM.exidx) refers to __rtentry2.o(.ARM.Collect$$rtentry$$0000000D) for .ARM.Collect$$rtentry$$0000000D
    __rtentry4.o(.ARM.Collect$$rtentry$$00000004) refers to sys_stackheap_outer.o(.text) for __user_setup_stackheap
    __rtentry4.o(.ARM.exidx) refers to __rtentry4.o(.ARM.Collect$$rtentry$$00000004) for .ARM.Collect$$rtentry$$00000004
    rt_div0.o(.text) refers to defsig_fpe_outer.o(.text) for __rt_SIGFPE
    sys_stackheap_outer.o(.text) refers to libspace.o(.text) for __user_perproc_libspace
    sys_stackheap_outer.o(.text) refers to startup.o(.text) for __user_initial_stackheap
    exit.o(.text) refers to rtexit.o(.ARM.Collect$$rtexit$$00000000) for __rt_exit
    defsig_fpe_outer.o(.text) refers to defsig_fpe_inner.o(.text) for __rt_SIGFPE_inner
    defsig_fpe_outer.o(.text) refers to defsig_exit.o(.text) for __sig_exit
    defsig_fpe_formal.o(.text) refers to rt_raise.o(.text) for __rt_raise
    libinit.o(.ARM.Collect$$libinit$$00000000) refers (Special) to libinit2.o(.ARM.Collect$$libinit$$0000002E) for __rt_lib_init_alloca_1
    libinit.o(.ARM.Collect$$libinit$$00000000) refers (Special) to libinit2.o(.ARM.Collect$$libinit$$0000002C) for __rt_lib_init_argv_1
    libinit.o(.ARM.Collect$$libinit$$00000000) refers (Special) to libinit2.o(.ARM.Collect$$libinit$$0000001B) for __rt_lib_init_atexit_1
    libinit.o(.ARM.Collect$$libinit$$00000000) refers (Special) to libinit2.o(.ARM.Collect$$libinit$$00000021) for __rt_lib_init_clock_1
    libinit.o(.ARM.Collect$$libinit$$00000000) refers (Special) to libinit2.o(.ARM.Collect$$libinit$$00000032) for __rt_lib_init_cpp_1
    libinit.o(.ARM.Collect$$libinit$$00000000) refers (Special) to libinit2.o(.ARM.Collect$$libinit$$00000030) for __rt_lib_init_exceptions_1
    libinit.o(.ARM.Collect$$libinit$$00000000) refers (Special) to libinit2.o(.ARM.Collect$$libinit$$00000002) for __rt_lib_init_fp_1
    libinit.o(.ARM.Collect$$libinit$$00000000) refers (Special) to libinit2.o(.ARM.Collect$$libinit$$0000001F) for __rt_lib_init_fp_trap_1
    libinit.o(.ARM.Collect$$libinit$$00000000) refers (Special) to libinit2.o(.ARM.Collect$$libinit$$00000023) for __rt_lib_init_getenv_1
    libinit.o(.ARM.Collect$$libinit$$00000000) refers (Special) to libinit2.o(.ARM.Collect$$libinit$$0000000A) for __rt_lib_init_heap_1
    libinit.o(.ARM.Collect$$libinit$$00000000) refers (Special) to libinit2.o(.ARM.Collect$$libinit$$00000011) for __rt_lib_init_lc_collate_1
    libinit.o(.ARM.Collect$$libinit$$00000000) refers (Special) to libinit2.o(.ARM.Collect$$libinit$$00000013) for __rt_lib_init_lc_ctype_1
    libinit.o(.ARM.Collect$$libinit$$00000000) refers (Special) to libinit2.o(.ARM.Collect$$libinit$$00000015) for __rt_lib_init_lc_monetary_1
    libinit.o(.ARM.Collect$$libinit$$00000000) refers (Special) to libinit2.o(.ARM.Collect$$libinit$$00000017) for __rt_lib_init_lc_numeric_1
    libinit.o(.ARM.Collect$$libinit$$00000000) refers (Special) to libinit2.o(.ARM.Collect$$libinit$$00000019) for __rt_lib_init_lc_time_1
    libinit.o(.ARM.Collect$$libinit$$00000000) refers (Special) to libinit2.o(.ARM.Collect$$libinit$$00000004) for __rt_lib_init_preinit_1
    libinit.o(.ARM.Collect$$libinit$$00000000) refers (Special) to libinit2.o(.ARM.Collect$$libinit$$0000000E) for __rt_lib_init_rand_1
    libinit.o(.ARM.Collect$$libinit$$00000000) refers (Special) to libinit2.o(.ARM.Collect$$libinit$$00000033) for __rt_lib_init_return
    libinit.o(.ARM.Collect$$libinit$$00000000) refers (Special) to libinit2.o(.ARM.Collect$$libinit$$0000001D) for __rt_lib_init_signal_1
    libinit.o(.ARM.Collect$$libinit$$00000000) refers (Special) to libinit2.o(.ARM.Collect$$libinit$$00000025) for __rt_lib_init_stdio_1
    libinit.o(.ARM.Collect$$libinit$$00000000) refers (Special) to libinit2.o(.ARM.Collect$$libinit$$0000000C) for __rt_lib_init_user_alloc_1
    libspace.o(.text) refers to libspace.o(.bss) for __libspace_start
    rtexit.o(.ARM.Collect$$rtexit$$00000000) refers (Special) to rtexit2.o(.ARM.Collect$$rtexit$$00000004) for __rt_exit_exit
    rtexit.o(.ARM.Collect$$rtexit$$00000000) refers (Special) to rtexit2.o(.ARM.Collect$$rtexit$$00000003) for __rt_exit_ls
    rtexit.o(.ARM.Collect$$rtexit$$00000000) refers (Special) to rtexit2.o(.ARM.Collect$$rtexit$$00000002) for __rt_exit_prels_1
    rtexit.o(.ARM.exidx) refers (Special) to rtexit2.o(.ARM.Collect$$rtexit$$00000004) for __rt_exit_exit
    rtexit.o(.ARM.exidx) refers (Special) to rtexit2.o(.ARM.Collect$$rtexit$$00000003) for __rt_exit_ls
    rtexit.o(.ARM.exidx) refers (Special) to rtexit2.o(.ARM.Collect$$rtexit$$00000002) for __rt_exit_prels_1
    rtexit.o(.ARM.exidx) refers to rtexit.o(.ARM.Collect$$rtexit$$00000000) for .ARM.Collect$$rtexit$$00000000
    rt_raise.o(.text) refers to __raise.o(.text) for __raise
    rt_raise.o(.text) refers to sys_exit.o(.text) for _sys_exit
    defsig_exit.o(.text) refers to sys_exit.o(.text) for _sys_exit
    defsig_fpe_inner.o(.text) refers to defsig_general.o(.text) for __default_signal_display
    libinit2.o(.ARM.Collect$$libinit$$00000001) refers to fpinit.o(x$fpl$fpinit) for _fp_init
    libinit2.o(.ARM.Collect$$libinit$$00000010) refers to libinit2.o(.ARM.Collect$$libinit$$0000000F) for .ARM.Collect$$libinit$$0000000F
    libinit2.o(.ARM.Collect$$libinit$$00000012) refers to libinit2.o(.ARM.Collect$$libinit$$0000000F) for .ARM.Collect$$libinit$$0000000F
    libinit2.o(.ARM.Collect$$libinit$$00000014) refers to libinit2.o(.ARM.Collect$$libinit$$0000000F) for .ARM.Collect$$libinit$$0000000F
    libinit2.o(.ARM.Collect$$libinit$$00000016) refers to libinit2.o(.ARM.Collect$$libinit$$0000000F) for .ARM.Collect$$libinit$$0000000F
    libinit2.o(.ARM.Collect$$libinit$$00000018) refers to libinit2.o(.ARM.Collect$$libinit$$0000000F) for .ARM.Collect$$libinit$$0000000F
    libinit2.o(.ARM.Collect$$libinit$$00000026) refers to argv_veneer.o(.emb_text) for __ARM_argv_veneer
    libinit2.o(.ARM.Collect$$libinit$$00000027) refers to argv_veneer.o(.emb_text) for __ARM_argv_veneer
    sys_exit.o(.text) refers (Special) to use_no_semi.o(.text) for __I$use$semihosting
    sys_exit.o(.text) refers (Special) to indicate_semi.o(.text) for __semihosting_library_function
    rtexit2.o(.ARM.Collect$$rtexit$$00000003) refers to libshutdown.o(.ARM.Collect$$libshutdown$$00000000) for __rt_lib_shutdown
    rtexit2.o(.ARM.Collect$$rtexit$$00000004) refers to sys_exit.o(.text) for _sys_exit
    rtexit2.o(.ARM.exidx) refers to rtexit2.o(.ARM.Collect$$rtexit$$00000001) for .ARM.Collect$$rtexit$$00000001
    rtexit2.o(.ARM.exidx) refers to rtexit2.o(.ARM.Collect$$rtexit$$00000003) for .ARM.Collect$$rtexit$$00000003
    rtexit2.o(.ARM.exidx) refers to rtexit2.o(.ARM.Collect$$rtexit$$00000004) for .ARM.Collect$$rtexit$$00000004
    __raise.o(.text) refers to __raise.o(i.__ARM_common_call_via_r2) for __ARM_common_call_via_r2
    __raise.o(.text) refers to defsig.o(CL$$defsig) for __default_signal_handler
    defsig_general.o(.text) refers to sys_wrch.o(.text) for _ttywrch
    argv_veneer.o(.emb_text) refers to no_argv.o(.text) for __ARM_get_argv
    sys_wrch.o(.text) refers (Special) to use_no_semi.o(.text) for __I$use$semihosting
    sys_wrch.o(.text) refers (Special) to indicate_semi.o(.text) for __semihosting_library_function
    defsig.o(CL$$defsig) refers to defsig_fpe_inner.o(.text) for __rt_SIGFPE_inner
    defsig.o(CL$$defsig) refers to defsig_rtmem_inner.o(.text) for __rt_SIGRTMEM_inner
    _get_argv_nomalloc.o(.text) refers (Special) to hrguard.o(.text) for __heap_region$guard
    _get_argv_nomalloc.o(.text) refers to defsig_rtmem_outer.o(.text) for __rt_SIGRTMEM
    _get_argv_nomalloc.o(.text) refers to sys_command.o(.text) for _sys_command_string
    libshutdown.o(.ARM.Collect$$libshutdown$$00000000) refers (Special) to libshutdown2.o(.ARM.Collect$$libshutdown$$00000002) for __rt_lib_shutdown_cpp_1
    libshutdown.o(.ARM.Collect$$libshutdown$$00000000) refers (Special) to libshutdown2.o(.ARM.Collect$$libshutdown$$00000007) for __rt_lib_shutdown_fp_trap_1
    libshutdown.o(.ARM.Collect$$libshutdown$$00000000) refers (Special) to libshutdown2.o(.ARM.Collect$$libshutdown$$0000000F) for __rt_lib_shutdown_heap_1
    libshutdown.o(.ARM.Collect$$libshutdown$$00000000) refers (Special) to libshutdown2.o(.ARM.Collect$$libshutdown$$00000010) for __rt_lib_shutdown_return
    libshutdown.o(.ARM.Collect$$libshutdown$$00000000) refers (Special) to libshutdown2.o(.ARM.Collect$$libshutdown$$0000000A) for __rt_lib_shutdown_signal_1
    libshutdown.o(.ARM.Collect$$libshutdown$$00000000) refers (Special) to libshutdown2.o(.ARM.Collect$$libshutdown$$00000004) for __rt_lib_shutdown_stdio_1
    libshutdown.o(.ARM.Collect$$libshutdown$$00000000) refers (Special) to libshutdown2.o(.ARM.Collect$$libshutdown$$0000000C) for __rt_lib_shutdown_user_alloc_1
    sys_command.o(.text) refers (Special) to use_no_semi.o(.text) for __I$use$semihosting
    sys_command.o(.text) refers (Special) to indicate_semi.o(.text) for __semihosting_library_function
    defsig_abrt_inner.o(.text) refers to defsig_general.o(.text) for __default_signal_display
    defsig_rtred_inner.o(.text) refers to defsig_general.o(.text) for __default_signal_display
    defsig_rtmem_inner.o(.text) refers to defsig_general.o(.text) for __default_signal_display
    defsig_rtmem_outer.o(.text) refers to defsig_rtmem_inner.o(.text) for __rt_SIGRTMEM_inner
    defsig_rtmem_outer.o(.text) refers to defsig_exit.o(.text) for __sig_exit
    defsig_rtmem_formal.o(.text) refers to rt_raise.o(.text) for __rt_raise
    defsig_stak_inner.o(.text) refers to defsig_general.o(.text) for __default_signal_display
    defsig_pvfn_inner.o(.text) refers to defsig_general.o(.text) for __default_signal_display
    defsig_cppl_inner.o(.text) refers to defsig_general.o(.text) for __default_signal_display
    defsig_segv_inner.o(.text) refers to defsig_general.o(.text) for __default_signal_display
    defsig_other.o(.text) refers to defsig_general.o(.text) for __default_signal_display


==============================================================================

Removing Unused input sections from the image.

    Removing main.o(i.bit_counter_strike), (84 bytes).
    Removing main.o(i.blink_v3_bis), (124 bytes).
    Removing drv_leds.o(i.drv_led_conmutar), (52 bytes).
    Removing drv_tiempo.o(i.drv_tiempo_actual_ms), (44 bytes).
    Removing drv_tiempo.o(i.drv_tiempo_esperar_hasta_ms), (80 bytes).
    Removing drv_tiempo.o(i.drv_tiempo_esperar_ms), (84 bytes).
    Removing rt_fifo.o(i.rt_FIFO_estadisticas), (64 bytes).
    Removing rt_fifo.o(i.rt_FIFO_inicializar), (64 bytes).
    Removing rt_fifo.o(i.rt_FIFO_llena), (40 bytes).
    Removing rt_fifo.o(i.rt_FIFO_vaciar), (24 bytes).
    Removing test_fifo.o(i.test_fifo), (84 bytes).
    Removing rt_ge.o(i.svc_GE_cancelar), (68 bytes).
    Removing hal_gpio_lpc.o(i.hal_gpio_escribir_n), (52 bytes).
    Removing hal_gpio_lpc.o(i.hal_gpio_leer_n), (36 bytes).
    Removing hal_gpio_lpc.o(i.hal_gpio_sentido_n), (64 bytes).
    Removing hal_consumo_lpc.o(i.hal_consumo_iniciar), (8 bytes).
    Removing hal_ext_int_lpc.o(i.hal_ext_int_deshabilitar_despertar), (72 bytes).

17 unused section(s) (total 1044 bytes) removed from the image.

==============================================================================

Adding Veneers to the image

    Adding AT veneer (8 bytes, Inline) for call to '__rt_lib_init' from __rtentry2.o(.ARM.Collect$$rtentry$$0000000A).
    Adding AT veneer (8 bytes, Inline) for call to '__rt_lib_shutdown' from rtexit2.o(.ARM.Collect$$rtexit$$00000003).
    Adding TA veneer (4 bytes, Inline) for call to '__rt_exit' from exit.o(.text).
    Adding AT veneer (8 bytes, Inline) for call to '_sys_exit' from rtexit2.o(.ARM.Collect$$rtexit$$00000004).

4 Veneer(s) (total 28 bytes) added to the image.

==============================================================================

Image Symbol Table

    Local Symbols

    Symbol Name                              Value     Ov Type        Size  Object(Section)

    RESET                                    0x00000000   Section      272  startup.o(RESET)
    ../clib/angel/boardlib.s                 0x00000000   Number         0  boardshut.o ABSOLUTE
    ../clib/angel/boardlib.s                 0x00000000   Number         0  boardinit3.o ABSOLUTE
    ../clib/angel/boardlib.s                 0x00000000   Number         0  boardinit2.o ABSOLUTE
    ../clib/angel/boardlib.s                 0x00000000   Number         0  boardinit1.o ABSOLUTE
    ../clib/angel/handlers.s                 0x00000000   Number         0  __scatter_copy.o ABSOLUTE
    ../clib/angel/handlers.s                 0x00000000   Number         0  __scatter_zi.o ABSOLUTE
    ../clib/angel/kernel.s                   0x00000000   Number         0  __rtentry4.o ABSOLUTE
    ../clib/angel/kernel.s                   0x00000000   Number         0  __rtentry.o ABSOLUTE
    ../clib/angel/kernel.s                   0x00000000   Number         0  __rtentry2.o ABSOLUTE
    ../clib/angel/kernel.s                   0x00000000   Number         0  rtexit2.o ABSOLUTE
    ../clib/angel/kernel.s                   0x00000000   Number         0  rtexit.o ABSOLUTE
    ../clib/angel/rt.s                       0x00000000   Number         0  rt_div0.o ABSOLUTE
    ../clib/angel/rt.s                       0x00000000   Number         0  aeabi_idiv0.o ABSOLUTE
    ../clib/angel/rt.s                       0x00000000   Number         0  rt_raise.o ABSOLUTE
    ../clib/angel/rt.s                       0x00000000   Number         0  aeabi_idiv0_sigfpe.o ABSOLUTE
    ../clib/angel/rt.s                       0x00000000   Number         0  aeabi_ldiv0_sigfpe.o ABSOLUTE
    ../clib/angel/rt.s                       0x00000000   Number         0  aeabi_ldiv0.o ABSOLUTE
    ../clib/angel/scatter.s                  0x00000000   Number         0  __scatter.o ABSOLUTE
    ../clib/angel/startup.s                  0x00000000   Number         0  __main.o ABSOLUTE
    ../clib/angel/sys.s                      0x00000000   Number         0  libspace.o ABSOLUTE
    ../clib/angel/sys.s                      0x00000000   Number         0  sys_stackheap_outer.o ABSOLUTE
    ../clib/angel/sys.s                      0x00000000   Number         0  use_no_semi.o ABSOLUTE
    ../clib/angel/sys.s                      0x00000000   Number         0  indicate_semi.o ABSOLUTE
    ../clib/angel/sysapp.c                   0x00000000   Number         0  sys_command.o ABSOLUTE
    ../clib/angel/sysapp.c                   0x00000000   Number         0  sys_exit.o ABSOLUTE
    ../clib/angel/sysapp.c                   0x00000000   Number         0  sys_wrch.o ABSOLUTE
    ../clib/armsys.c                         0x00000000   Number         0  _get_argv_nomalloc.o ABSOLUTE
    ../clib/armsys.c                         0x00000000   Number         0  no_argv.o ABSOLUTE
    ../clib/armsys.c                         0x00000000   Number         0  argv_veneer.o ABSOLUTE
    ../clib/armsys.c                         0x00000000   Number         0  argv_veneer.o ABSOLUTE
    ../clib/division.s                       0x00000000   Number         0  aeabi_sdivfast_div0.o ABSOLUTE
    ../clib/division.s                       0x00000000   Number         0  aeabi_sdivfast.o ABSOLUTE
    ../clib/divrt.s                          0x00000000   Number         0  divrt_7tdmi_div0.o ABSOLUTE
    ../clib/divrt.s                          0x00000000   Number         0  divrt_7tdmi.o ABSOLUTE
    ../clib/heapalloc.c                      0x00000000   Number         0  hrguard.o ABSOLUTE
    ../clib/heapaux.c                        0x00000000   Number         0  heapauxi.o ABSOLUTE
    ../clib/libinit.s                        0x00000000   Number         0  libshutdown2.o ABSOLUTE
    ../clib/libinit.s                        0x00000000   Number         0  libshutdown.o ABSOLUTE
    ../clib/libinit.s                        0x00000000   Number         0  libinit2.o ABSOLUTE
    ../clib/libinit.s                        0x00000000   Number         0  libinit.o ABSOLUTE
    ../clib/longlong.s                       0x00000000   Number         0  lludiv.o ABSOLUTE
    ../clib/signal.c                         0x00000000   Number         0  defsig_fpe_formal.o ABSOLUTE
    ../clib/signal.c                         0x00000000   Number         0  defsig_fpe_outer.o ABSOLUTE
    ../clib/signal.c                         0x00000000   Number         0  __raise.o ABSOLUTE
    ../clib/signal.c                         0x00000000   Number         0  defsig_general.o ABSOLUTE
    ../clib/signal.c                         0x00000000   Number         0  defsig_stak_inner.o ABSOLUTE
    ../clib/signal.c                         0x00000000   Number         0  defsig_other.o ABSOLUTE
    ../clib/signal.c                         0x00000000   Number         0  defsig_segv_inner.o ABSOLUTE
    ../clib/signal.c                         0x00000000   Number         0  defsig_cppl_inner.o ABSOLUTE
    ../clib/signal.c                         0x00000000   Number         0  defsig_pvfn_inner.o ABSOLUTE
    ../clib/signal.c                         0x00000000   Number         0  defsig_rtmem_outer.o ABSOLUTE
    ../clib/signal.c                         0x00000000   Number         0  defsig_rtmem_formal.o ABSOLUTE
    ../clib/signal.c                         0x00000000   Number         0  defsig_exit.o ABSOLUTE
    ../clib/signal.c                         0x00000000   Number         0  defsig_rtmem_inner.o ABSOLUTE
    ../clib/signal.c                         0x00000000   Number         0  defsig_fpe_inner.o ABSOLUTE
    ../clib/signal.c                         0x00000000   Number         0  defsig_rtred_inner.o ABSOLUTE
    ../clib/signal.c                         0x00000000   Number         0  defsig_abrt_inner.o ABSOLUTE
    ../clib/signal.s                         0x00000000   Number         0  defsig.o ABSOLUTE
    ../clib/stdlib.c                         0x00000000   Number         0  exit.o ABSOLUTE
    ../fplib/fpinit.s                        0x00000000   Number         0  fpinit.o ABSOLUTE
    ..\..\src\TEST_FIFO.c                    0x00000000   Number         0  test_fifo.o ABSOLUTE
    ..\..\src\drv_WTD.c                      0x00000000   Number         0  drv_wtd.o ABSOLUTE
    ..\..\src\drv_botones.c                  0x00000000   Number         0  drv_botones.o ABSOLUTE
    ..\..\src\drv_consumo.c                  0x00000000   Number         0  drv_consumo.o ABSOLUTE
    ..\..\src\drv_leds.c                     0x00000000   Number         0  drv_leds.o ABSOLUTE
    ..\..\src\drv_monitor.c                  0x00000000   Number         0  drv_monitor.o ABSOLUTE
    ..\..\src\drv_tiempo.c                   0x00000000   Number         0  drv_tiempo.o ABSOLUTE
    ..\..\src\main.c                         0x00000000   Number         0  main.o ABSOLUTE
    ..\..\src\rt_GE.c                        0x00000000   Number         0  rt_ge.o ABSOLUTE
    ..\..\src\rt_fifo.c                      0x00000000   Number         0  rt_fifo.o ABSOLUTE
    ..\..\src\svc_SC.c                       0x00000000   Number         0  svc_sc.o ABSOLUTE
    ..\..\src\svc_alarma.c                   0x00000000   Number         0  svc_alarma.o ABSOLUTE
    ..\src_lpc\Startup.s                     0x00000000   Number         0  startup.o ABSOLUTE
    ..\src_lpc\hal_WTD_lpc.c                 0x00000000   Number         0  hal_wtd_lpc.o ABSOLUTE
    ..\src_lpc\hal_consumo_lpc.c             0x00000000   Number         0  hal_consumo_lpc.o ABSOLUTE
    ..\src_lpc\hal_ext_int_lpc.c             0x00000000   Number         0  hal_ext_int_lpc.o ABSOLUTE
    ..\src_lpc\hal_gpio_lpc.c                0x00000000   Number         0  hal_gpio_lpc.o ABSOLUTE
    ..\src_lpc\hal_tiempo_lpc.c              0x00000000   Number         0  hal_tiempo_lpc.o ABSOLUTE
    dc.s                                     0x00000000   Number         0  dc.o ABSOLUTE
    Undef_Handler                            0x00000040   ARM Code       4  startup.o(RESET)
    SWI_Handler                              0x00000044   ARM Code       4  startup.o(RESET)
    PAbt_Handler                             0x00000048   ARM Code       4  startup.o(RESET)
    DAbt_Handler                             0x0000004c   ARM Code       4  startup.o(RESET)
    IRQ_Handler                              0x00000050   ARM Code       4  startup.o(RESET)
    FIQ_Handler                              0x00000054   ARM Code       4  startup.o(RESET)
    !!!main                                  0x00000110   Section        8  __main.o(!!!main)
    !!!scatter                               0x00000118   Section       60  __scatter.o(!!!scatter)
    !!handler_copy                           0x00000154   Section       40  __scatter_copy.o(!!handler_copy)
    !!handler_zi                             0x0000017c   Section       44  __scatter_zi.o(!!handler_zi)
    .ARM.Collect$$libinit$$00000000          0x000001b0   Section        2  libinit.o(.ARM.Collect$$libinit$$00000000)
    .ARM.Collect$$libinit$$00000002          0x000001b2   Section        0  libinit2.o(.ARM.Collect$$libinit$$00000002)
    .ARM.Collect$$libinit$$00000004          0x000001b2   Section        0  libinit2.o(.ARM.Collect$$libinit$$00000004)
    .ARM.Collect$$libinit$$0000000A          0x000001b2   Section        0  libinit2.o(.ARM.Collect$$libinit$$0000000A)
    .ARM.Collect$$libinit$$0000000C          0x000001b2   Section        0  libinit2.o(.ARM.Collect$$libinit$$0000000C)
    .ARM.Collect$$libinit$$0000000E          0x000001b2   Section        0  libinit2.o(.ARM.Collect$$libinit$$0000000E)
    .ARM.Collect$$libinit$$00000011          0x000001b2   Section        0  libinit2.o(.ARM.Collect$$libinit$$00000011)
    .ARM.Collect$$libinit$$00000013          0x000001b2   Section        0  libinit2.o(.ARM.Collect$$libinit$$00000013)
    .ARM.Collect$$libinit$$00000015          0x000001b2   Section        0  libinit2.o(.ARM.Collect$$libinit$$00000015)
    .ARM.Collect$$libinit$$00000017          0x000001b2   Section        0  libinit2.o(.ARM.Collect$$libinit$$00000017)
    .ARM.Collect$$libinit$$00000019          0x000001b2   Section        0  libinit2.o(.ARM.Collect$$libinit$$00000019)
    .ARM.Collect$$libinit$$0000001B          0x000001b2   Section        0  libinit2.o(.ARM.Collect$$libinit$$0000001B)
    .ARM.Collect$$libinit$$0000001D          0x000001b2   Section        0  libinit2.o(.ARM.Collect$$libinit$$0000001D)
    .ARM.Collect$$libinit$$0000001F          0x000001b2   Section        0  libinit2.o(.ARM.Collect$$libinit$$0000001F)
    .ARM.Collect$$libinit$$00000021          0x000001b2   Section        0  libinit2.o(.ARM.Collect$$libinit$$00000021)
    .ARM.Collect$$libinit$$00000023          0x000001b2   Section        0  libinit2.o(.ARM.Collect$$libinit$$00000023)
    .ARM.Collect$$libinit$$00000025          0x000001b2   Section        0  libinit2.o(.ARM.Collect$$libinit$$00000025)
    .ARM.Collect$$libinit$$0000002C          0x000001b2   Section        0  libinit2.o(.ARM.Collect$$libinit$$0000002C)
    .ARM.Collect$$libinit$$0000002E          0x000001b2   Section        0  libinit2.o(.ARM.Collect$$libinit$$0000002E)
    .ARM.Collect$$libinit$$00000030          0x000001b2   Section        0  libinit2.o(.ARM.Collect$$libinit$$00000030)
    .ARM.Collect$$libinit$$00000032          0x000001b2   Section        0  libinit2.o(.ARM.Collect$$libinit$$00000032)
    .ARM.Collect$$libinit$$00000033          0x000001b2   Section       12  libinit2.o(.ARM.Collect$$libinit$$00000033)
    .ARM.Collect$$libshutdown$$00000000      0x000001c8   Section        4  libshutdown.o(.ARM.Collect$$libshutdown$$00000000)
    .ARM.Collect$$libshutdown$$00000002      0x000001cc   Section        0  libshutdown2.o(.ARM.Collect$$libshutdown$$00000002)
    .ARM.Collect$$libshutdown$$00000004      0x000001cc   Section        0  libshutdown2.o(.ARM.Collect$$libshutdown$$00000004)
    .ARM.Collect$$libshutdown$$00000007      0x000001cc   Section        0  libshutdown2.o(.ARM.Collect$$libshutdown$$00000007)
    .ARM.Collect$$libshutdown$$0000000A      0x000001cc   Section        0  libshutdown2.o(.ARM.Collect$$libshutdown$$0000000A)
    .ARM.Collect$$libshutdown$$0000000C      0x000001cc   Section        0  libshutdown2.o(.ARM.Collect$$libshutdown$$0000000C)
    .ARM.Collect$$libshutdown$$0000000F      0x000001cc   Section        0  libshutdown2.o(.ARM.Collect$$libshutdown$$0000000F)
    .ARM.Collect$$libshutdown$$00000010      0x000001cc   Section        6  libshutdown2.o(.ARM.Collect$$libshutdown$$00000010)
    .ARM.Collect$$rtentry$$00000000          0x000001d4   Section        0  __rtentry.o(.ARM.Collect$$rtentry$$00000000)
    .ARM.Collect$$rtentry$$00000002          0x000001d4   Section        0  __rtentry2.o(.ARM.Collect$$rtentry$$00000002)
    .ARM.Collect$$rtentry$$00000004          0x000001d4   Section        8  __rtentry4.o(.ARM.Collect$$rtentry$$00000004)
    .ARM.Collect$$rtentry$$00000009          0x000001dc   Section        0  __rtentry2.o(.ARM.Collect$$rtentry$$00000009)
    .ARM.Collect$$rtentry$$0000000A          0x000001dc   Section        4  __rtentry2.o(.ARM.Collect$$rtentry$$0000000A)
    .ARM.Collect$$rtentry$$0000000C          0x000001e0   Section        0  __rtentry2.o(.ARM.Collect$$rtentry$$0000000C)
    .ARM.Collect$$rtentry$$0000000D          0x000001e0   Section       40  __rtentry2.o(.ARM.Collect$$rtentry$$0000000D)
    .ARM.Collect$$rtexit$$00000000           0x0000020c   Section        4  rtexit.o(.ARM.Collect$$rtexit$$00000000)
    .ARM.Collect$$rtexit$$00000002           0x00000210   Section        0  rtexit2.o(.ARM.Collect$$rtexit$$00000002)
    .ARM.Collect$$rtexit$$00000003           0x00000210   Section        4  rtexit2.o(.ARM.Collect$$rtexit$$00000003)
    .ARM.Collect$$rtexit$$00000004           0x00000214   Section        8  rtexit2.o(.ARM.Collect$$rtexit$$00000004)
    .text                                    0x0000021c   Section      104  startup.o(.text)
    .text                                    0x00000284   Section      720  lludiv.o(.text)
    .text                                    0x00000554   Section      556  aeabi_sdivfast.o(.text)
    __arm_div_large_positive                 0x00000588   ARM Code       0  aeabi_sdivfast.o(.text)
    __arm_div16                              0x000005b0   ARM Code       0  aeabi_sdivfast.o(.text)
    __arm_div12                              0x000005e0   ARM Code       0  aeabi_sdivfast.o(.text)
    __arm_div8                               0x00000614   ARM Code       0  aeabi_sdivfast.o(.text)
    __arm_div5                               0x00000638   ARM Code       0  aeabi_sdivfast.o(.text)
    __arm_div2                               0x0000065c   ARM Code       0  aeabi_sdivfast.o(.text)
    .text                                    0x00000780   Section        0  heapauxi.o(.text)
    .text                                    0x00000788   Section       96  sys_stackheap_outer.o(.text)
    .text                                    0x000007e8   Section        0  exit.o(.text)
    .text                                    0x000007fc   Section       12  libspace.o(.text)
    .text                                    0x00000810   Section        0  sys_exit.o(.text)
    .text                                    0x0000081c   Section        4  use_no_semi.o(.text)
    .text                                    0x00000820   Section        0  indicate_semi.o(.text)
    i.apagarLed                              0x00000820   Section        0  main.o(i.apagarLed)
    i.boton_pulsar_counter_strike            0x00000824   Section        0  main.o(i.boton_pulsar_counter_strike)
    i.drv_WDT_alimentar                      0x00000878   Section        0  drv_wtd.o(i.drv_WDT_alimentar)
    i.drv_WDT_iniciar                        0x0000088c   Section        0  drv_wtd.o(i.drv_WDT_iniciar)
    i.drv_botones_iniciar                    0x00000890   Section        0  drv_botones.o(i.drv_botones_iniciar)
    i.drv_botones_tratar                     0x000008f4   Section        0  drv_botones.o(i.drv_botones_tratar)
    i.drv_consumo_dormir                     0x000009a8   Section        0  drv_consumo.o(i.drv_consumo_dormir)
    i.drv_consumo_esperar                    0x000009c4   Section        0  drv_consumo.o(i.drv_consumo_esperar)
    i.drv_consumo_iniciar                    0x000009e0   Section        0  drv_consumo.o(i.drv_consumo_iniciar)
    i.drv_funcion_callback                   0x00000a00   Section        0  drv_tiempo.o(i.drv_funcion_callback)
    i.drv_led_apagar                         0x00000a28   Section        0  drv_leds.o(i.drv_led_apagar)
    i.drv_led_encender                       0x00000a4c   Section        0  drv_leds.o(i.drv_led_encender)
    i.drv_leds_iniciar                       0x00000a70   Section        0  drv_leds.o(i.drv_leds_iniciar)
    i.drv_monitor_desmarcar                  0x00000ac0   Section        0  drv_monitor.o(i.drv_monitor_desmarcar)
    i.drv_monitor_marcar                     0x00000ad8   Section        0  drv_monitor.o(i.drv_monitor_marcar)
    i.drv_tiempo_actual_us                   0x00000af0   Section        0  drv_tiempo.o(i.drv_tiempo_actual_us)
    i.drv_tiempo_iniciar                     0x00000b14   Section        0  drv_tiempo.o(i.drv_tiempo_iniciar)
    i.drv_tiempo_periodico_ms                0x00000b30   Section        0  drv_tiempo.o(i.drv_tiempo_periodico_ms)
    i.drv_tiempo_setMonitor                  0x00000b5c   Section        0  drv_tiempo.o(i.drv_tiempo_setMonitor)
    i.eint0_ISR                              0x00000b6c   Section        0  hal_ext_int_lpc.o(i.eint0_ISR)
    i.eint1_ISR                              0x00000ba4   Section        0  hal_ext_int_lpc.o(i.eint1_ISR)
    i.eint2_ISR                              0x00000be0   Section        0  hal_ext_int_lpc.o(i.eint2_ISR)
    i.hal_WDT_alimentar                      0x00000c1c   Section        0  hal_wtd_lpc.o(i.hal_WDT_alimentar)
    i.hal_WDT_iniciar                        0x00000c34   Section        0  hal_wtd_lpc.o(i.hal_WDT_iniciar)
    i.hal_consumo_dormir                     0x00000c64   Section        0  hal_consumo_lpc.o(i.hal_consumo_dormir)
    i.hal_consumo_esperar                    0x00000c7c   Section        0  hal_consumo_lpc.o(i.hal_consumo_esperar)
    i.hal_ext_int_deshabilitar_int           0x00000c94   Section        0  hal_ext_int_lpc.o(i.hal_ext_int_deshabilitar_int)
    i.hal_ext_int_habilitar_despertar        0x00000d08   Section        0  hal_ext_int_lpc.o(i.hal_ext_int_habilitar_despertar)
    i.hal_ext_int_habilitar_int              0x00000d50   Section        0  hal_ext_int_lpc.o(i.hal_ext_int_habilitar_int)
    i.hal_ext_int_iniciar                    0x00000e10   Section        0  hal_ext_int_lpc.o(i.hal_ext_int_iniciar)
    i.hal_gpio_escribir                      0x00000edc   Section        0  hal_gpio_lpc.o(i.hal_gpio_escribir)
    i.hal_gpio_iniciar                       0x00000efc   Section        0  hal_gpio_lpc.o(i.hal_gpio_iniciar)
    i.hal_gpio_leer                          0x00000f10   Section        0  hal_gpio_lpc.o(i.hal_gpio_leer)
    i.hal_gpio_sentido                       0x00000f30   Section        0  hal_gpio_lpc.o(i.hal_gpio_sentido)
    i.hal_tiempo_actual_tick                 0x00000f68   Section        0  hal_tiempo_lpc.o(i.hal_tiempo_actual_tick)
    i.hal_tiempo_iniciar_tick                0x00000f94   Section        0  hal_tiempo_lpc.o(i.hal_tiempo_iniciar_tick)
    i.hal_tiempo_reloj_periodico_tick        0x00000ff4   Section        0  hal_tiempo_lpc.o(i.hal_tiempo_reloj_periodico_tick)
    i.main                                   0x00001064   Section        0  main.o(i.main)
    i.rt_FIFO_encolar                        0x00001108   Section        0  rt_fifo.o(i.rt_FIFO_encolar)
    i.rt_FIFO_extraer                        0x00001198   Section        0  rt_fifo.o(i.rt_FIFO_extraer)
    i.rt_FIFO_vacia                          0x0000124c   Section        0  rt_fifo.o(i.rt_FIFO_vacia)
    i.rt_GE_iniciar                          0x00001268   Section        0  rt_ge.o(i.rt_GE_iniciar)
    i.rt_GE_lanzador                         0x0000132c   Section        0  rt_ge.o(i.rt_GE_lanzador)
    i.rt_GE_tratar                           0x000013ac   Section        0  rt_ge.o(i.rt_GE_tratar)
    i.siguienteLed                           0x0000140c   Section        0  main.o(i.siguienteLed)
    i.svc_GE_suscribir                       0x00001440   Section        0  rt_ge.o(i.svc_GE_suscribir)
    i.svc_SC_entrar                          0x000014b0   Section        0  svc_sc.o(i.svc_SC_entrar)
    i.svc_SC_salir                           0x000014d4   Section        0  svc_sc.o(i.svc_SC_salir)
    i.svc_alarma_activar                     0x00001500   Section        0  svc_alarma.o(i.svc_alarma_activar)
    i.svc_alarma_codificar                   0x000016a4   Section        0  svc_alarma.o(i.svc_alarma_codificar)
    i.svc_alarma_iniciar                     0x000016ac   Section        0  svc_alarma.o(i.svc_alarma_iniciar)
    i.svc_alarma_tratar                      0x0000170c   Section        0  svc_alarma.o(i.svc_alarma_tratar)
    i.timer0_ISR                             0x00001784   Section        0  hal_tiempo_lpc.o(i.timer0_ISR)
    i.timer1_ISR                             0x000017bc   Section        0  hal_tiempo_lpc.o(i.timer1_ISR)
    .constdata                               0x000017f4   Section        4  drv_leds.o(.constdata)
    led_list                                 0x000017f4   Data           4  drv_leds.o(.constdata)
    .constdata                               0x000017f8   Section        4  drv_monitor.o(.constdata)
    monitor_list                             0x000017f8   Data           4  drv_monitor.o(.constdata)
    .constdata                               0x000017fc   Section        3  drv_botones.o(.constdata)
    button_list                              0x000017fc   Data           3  drv_botones.o(.constdata)
    .data                                    0x40000000   Section        8  main.o(.data)
    id_led                                   0x40000000   Data           4  main.o(.data)
    n_leds_juego                             0x40000004   Data           4  main.o(.data)
    .data                                    0x40000008   Section       16  drv_tiempo.o(.data)
    TICKS2US                                 0x40000008   Data           4  drv_tiempo.o(.data)
    parametro_callback                       0x4000000c   Data           4  drv_tiempo.o(.data)
    id_monitor                               0x40000010   Data           4  drv_tiempo.o(.data)
    funcion_callback_drv                     0x40000014   Data           4  drv_tiempo.o(.data)
    .data                                    0x40000018   Section        4  drv_consumo.o(.data)
    id_monitor                               0x40000018   Data           4  drv_consumo.o(.data)
    .data                                    0x4000001c   Section       12  rt_fifo.o(.data)
    id_monitor_overflow                      0x4000001c   Data           4  rt_fifo.o(.data)
    ultimo_encolado                          0x40000020   Data           4  rt_fifo.o(.data)
    por_desencolar                           0x40000024   Data           4  rt_fifo.o(.data)
    .data                                    0x40000028   Section        4  rt_ge.o(.data)
    monitor_overflow                         0x40000028   Data           4  rt_ge.o(.data)
    .data                                    0x4000002c   Section        8  svc_alarma.o(.data)
    num_alarmas_activas                      0x4000002c   Data           1  svc_alarma.o(.data)
    monitor                                  0x40000030   Data           4  svc_alarma.o(.data)
    .data                                    0x40000034   Section        1  drv_botones.o(.data)
    estado_boton                             0x40000034   Data           1  drv_botones.o(.data)
    .data                                    0x40000038   Section        4  svc_sc.o(.data)
    n_in_critical_region                     0x40000038   Data           4  svc_sc.o(.data)
    .data                                    0x4000003c   Section        8  hal_tiempo_lpc.o(.data)
    timer0_int_count                         0x4000003c   Data           4  hal_tiempo_lpc.o(.data)
    f_callback                               0x40000040   Data           4  hal_tiempo_lpc.o(.data)
    .data                                    0x40000044   Section        4  hal_ext_int_lpc.o(.data)
    callback                                 0x40000044   Data           4  hal_ext_int_lpc.o(.data)
    .bss                                     0x40000048   Section     1048  rt_fifo.o(.bss)
    fifo_array                               0x40000048   Data        1024  rt_fifo.o(.bss)
    counter                                  0x40000448   Data          24  rt_fifo.o(.bss)
    .bss                                     0x40000460   Section       96  rt_ge.o(.bss)
    eventos_suscritos                        0x40000460   Data          96  rt_ge.o(.bss)
    .bss                                     0x400004c0   Section       80  svc_alarma.o(.bss)
    alarm_list                               0x400004c0   Data          80  svc_alarma.o(.bss)
    .bss                                     0x40000510   Section       96  libspace.o(.bss)
    HEAP                                     0x40000570   Section        0  startup.o(HEAP)
    STACK                                    0x40000570   Section     2176  startup.o(STACK)
    Heap_Mem                                 0x40000570   Data           0  startup.o(HEAP)
    Stack_Mem                                0x40000570   Data        1024  startup.o(STACK)
    Stack_Top                                0x40000df0   Data           0  startup.o(STACK)

    Global Symbols

    Symbol Name                              Value     Ov Type        Size  Object(Section)

    BuildAttributes$$THM_ISAv1$ARM_ISAv4$S$PE$A:L22$X:L11$S22$IEEE1$IW$USESV6$~STKCKD$USESV7$~SHL$OTIME$ROPI$EBA8$UX$STANDARDLIB$REQ8$PRES8$EABIv2 0x00000000   Number         0  anon$$obj.o ABSOLUTE
    __ARM_use_no_argv                        0x00000000   Number         0  main.o ABSOLUTE
    __ARM_exceptions_init                     - Undefined Weak Reference
    __alloca_initialize                       - Undefined Weak Reference
    __arm_preinit_                            - Undefined Weak Reference
    __cpp_initialize__aeabi_                  - Undefined Weak Reference
    __cxa_finalize                            - Undefined Weak Reference
    __rt_locale                               - Undefined Weak Reference
    __sigvec_lookup                           - Undefined Weak Reference
    _atexit_init                              - Undefined Weak Reference
    _call_atexit_fns                          - Undefined Weak Reference
    _clock_init                               - Undefined Weak Reference
    _fp_trap_init                             - Undefined Weak Reference
    _fp_trap_shutdown                         - Undefined Weak Reference
    _get_lc_collate                           - Undefined Weak Reference
    _get_lc_ctype                             - Undefined Weak Reference
    _get_lc_monetary                          - Undefined Weak Reference
    _get_lc_numeric                           - Undefined Weak Reference
    _get_lc_time                              - Undefined Weak Reference
    _getenv_init                              - Undefined Weak Reference
    _handle_redirection                       - Undefined Weak Reference
    _init_alloc                               - Undefined Weak Reference
    _init_user_alloc                          - Undefined Weak Reference
    _initio                                   - Undefined Weak Reference
    _rand_init                                - Undefined Weak Reference
    _signal_finish                            - Undefined Weak Reference
    _signal_init                              - Undefined Weak Reference
    _terminate_alloc                          - Undefined Weak Reference
    _terminate_user_alloc                     - Undefined Weak Reference
    _terminateio                              - Undefined Weak Reference
    Reset_Handler                            0x00000058   ARM Code       0  startup.o(RESET)
    __main                                   0x00000110   ARM Code       8  __main.o(!!!main)
    __scatterload                            0x00000118   ARM Code       0  __scatter.o(!!!scatter)
    __scatterload_rt2                        0x00000118   ARM Code      52  __scatter.o(!!!scatter)
    __scatterload_null                       0x0000012c   ARM Code       0  __scatter.o(!!!scatter)
    __scatterload_copy                       0x00000154   ARM Code      40  __scatter_copy.o(!!handler_copy)
    __scatterload_zeroinit                   0x0000017c   ARM Code      44  __scatter_zi.o(!!handler_zi)
    Inline ARM to Thumb Veneer to __rt_lib_init 0x000001a8   ARM Code       8  libinit.o(.ARM.Collect$$libinit$$00000000)
    __rt_lib_init                            0x000001b1   Thumb Code     0  libinit.o(.ARM.Collect$$libinit$$00000000)
    __rt_lib_init_alloca_1                   0x000001b3   Thumb Code     0  libinit2.o(.ARM.Collect$$libinit$$0000002E)
    __rt_lib_init_argv_1                     0x000001b3   Thumb Code     0  libinit2.o(.ARM.Collect$$libinit$$0000002C)
    __rt_lib_init_atexit_1                   0x000001b3   Thumb Code     0  libinit2.o(.ARM.Collect$$libinit$$0000001B)
    __rt_lib_init_clock_1                    0x000001b3   Thumb Code     0  libinit2.o(.ARM.Collect$$libinit$$00000021)
    __rt_lib_init_cpp_1                      0x000001b3   Thumb Code     0  libinit2.o(.ARM.Collect$$libinit$$00000032)
    __rt_lib_init_exceptions_1               0x000001b3   Thumb Code     0  libinit2.o(.ARM.Collect$$libinit$$00000030)
    __rt_lib_init_fp_1                       0x000001b3   Thumb Code     0  libinit2.o(.ARM.Collect$$libinit$$00000002)
    __rt_lib_init_fp_trap_1                  0x000001b3   Thumb Code     0  libinit2.o(.ARM.Collect$$libinit$$0000001F)
    __rt_lib_init_getenv_1                   0x000001b3   Thumb Code     0  libinit2.o(.ARM.Collect$$libinit$$00000023)
    __rt_lib_init_heap_1                     0x000001b3   Thumb Code     0  libinit2.o(.ARM.Collect$$libinit$$0000000A)
    __rt_lib_init_lc_collate_1               0x000001b3   Thumb Code     0  libinit2.o(.ARM.Collect$$libinit$$00000011)
    __rt_lib_init_lc_ctype_1                 0x000001b3   Thumb Code     0  libinit2.o(.ARM.Collect$$libinit$$00000013)
    __rt_lib_init_lc_monetary_1              0x000001b3   Thumb Code     0  libinit2.o(.ARM.Collect$$libinit$$00000015)
    __rt_lib_init_lc_numeric_1               0x000001b3   Thumb Code     0  libinit2.o(.ARM.Collect$$libinit$$00000017)
    __rt_lib_init_lc_time_1                  0x000001b3   Thumb Code     0  libinit2.o(.ARM.Collect$$libinit$$00000019)
    __rt_lib_init_preinit_1                  0x000001b3   Thumb Code     0  libinit2.o(.ARM.Collect$$libinit$$00000004)
    __rt_lib_init_rand_1                     0x000001b3   Thumb Code     0  libinit2.o(.ARM.Collect$$libinit$$0000000E)
    __rt_lib_init_return                     0x000001b3   Thumb Code     0  libinit2.o(.ARM.Collect$$libinit$$00000033)
    __rt_lib_init_signal_1                   0x000001b3   Thumb Code     0  libinit2.o(.ARM.Collect$$libinit$$0000001D)
    __rt_lib_init_stdio_1                    0x000001b3   Thumb Code     0  libinit2.o(.ARM.Collect$$libinit$$00000025)
    __rt_lib_init_user_alloc_1               0x000001b3   Thumb Code     0  libinit2.o(.ARM.Collect$$libinit$$0000000C)
    Inline ARM to Thumb Veneer to __rt_lib_shutdown 0x000001c0   ARM Code       8  libshutdown.o(.ARM.Collect$$libshutdown$$00000000)
    __rt_lib_shutdown                        0x000001c9   Thumb Code     0  libshutdown.o(.ARM.Collect$$libshutdown$$00000000)
    __rt_lib_shutdown_cpp_1                  0x000001cd   Thumb Code     0  libshutdown2.o(.ARM.Collect$$libshutdown$$00000002)
    __rt_lib_shutdown_fp_trap_1              0x000001cd   Thumb Code     0  libshutdown2.o(.ARM.Collect$$libshutdown$$00000007)
    __rt_lib_shutdown_heap_1                 0x000001cd   Thumb Code     0  libshutdown2.o(.ARM.Collect$$libshutdown$$0000000F)
    __rt_lib_shutdown_return                 0x000001cd   Thumb Code     0  libshutdown2.o(.ARM.Collect$$libshutdown$$00000010)
    __rt_lib_shutdown_signal_1               0x000001cd   Thumb Code     0  libshutdown2.o(.ARM.Collect$$libshutdown$$0000000A)
    __rt_lib_shutdown_stdio_1                0x000001cd   Thumb Code     0  libshutdown2.o(.ARM.Collect$$libshutdown$$00000004)
    __rt_lib_shutdown_user_alloc_1           0x000001cd   Thumb Code     0  libshutdown2.o(.ARM.Collect$$libshutdown$$0000000C)
    __rt_entry                               0x000001d4   ARM Code       0  __rtentry.o(.ARM.Collect$$rtentry$$00000000)
    __rt_entry_presh_1                       0x000001d4   ARM Code       0  __rtentry2.o(.ARM.Collect$$rtentry$$00000002)
    __rt_entry_sh                            0x000001d4   ARM Code       0  __rtentry4.o(.ARM.Collect$$rtentry$$00000004)
    __rt_entry_li                            0x000001dc   ARM Code       0  __rtentry2.o(.ARM.Collect$$rtentry$$0000000A)
    __rt_entry_postsh_1                      0x000001dc   ARM Code       0  __rtentry2.o(.ARM.Collect$$rtentry$$00000009)
    __rt_entry_main                          0x000001e0   ARM Code       0  __rtentry2.o(.ARM.Collect$$rtentry$$0000000D)
    __rt_entry_postli_1                      0x000001e0   ARM Code       0  __rtentry2.o(.ARM.Collect$$rtentry$$0000000C)
    Inline Thumb to ARM Veneer to __rt_exit  0x00000209   Thumb Code     4  rtexit.o(.ARM.Collect$$rtexit$$00000000)
    __rt_exit                                0x0000020c   ARM Code       0  rtexit.o(.ARM.Collect$$rtexit$$00000000)
    __rt_exit_ls                             0x00000210   ARM Code       0  rtexit2.o(.ARM.Collect$$rtexit$$00000003)
    __rt_exit_prels_1                        0x00000210   ARM Code       0  rtexit2.o(.ARM.Collect$$rtexit$$00000002)
    __rt_exit_exit                           0x00000214   ARM Code       0  rtexit2.o(.ARM.Collect$$rtexit$$00000004)
    __user_initial_stackheap                 0x0000021c   ARM Code       0  startup.o(.text)
    switch_to_PLL                            0x00000230   ARM Code       0  startup.o(.text)
    __aeabi_uldivmod                         0x00000284   ARM Code       0  lludiv.o(.text)
    _ll_udiv                                 0x00000284   ARM Code     720  lludiv.o(.text)
    _ll_udiv_donemoving                      0x00000298   ARM Code       0  lludiv.o(.text)
    __aeabi_idiv                             0x00000554   ARM Code       0  aeabi_sdivfast.o(.text)
    __aeabi_idivmod                          0x00000554   ARM Code     556  aeabi_sdivfast.o(.text)
    __use_two_region_memory                  0x00000781   Thumb Code     2  heapauxi.o(.text)
    __rt_heap_escrow$2region                 0x00000783   Thumb Code     2  heapauxi.o(.text)
    __rt_heap_expand$2region                 0x00000785   Thumb Code     2  heapauxi.o(.text)
    __user_setup_stackheap                   0x00000788   ARM Code      96  sys_stackheap_outer.o(.text)
    exit                                     0x000007e9   Thumb Code    20  exit.o(.text)
    __user_libspace                          0x000007fc   ARM Code      12  libspace.o(.text)
    __user_perproc_libspace                  0x000007fc   ARM Code       0  libspace.o(.text)
    __user_perthread_libspace                0x000007fc   ARM Code       0  libspace.o(.text)
    Inline ARM to Thumb Veneer to _sys_exit  0x00000808   ARM Code       8  sys_exit.o(.text)
    _sys_exit                                0x00000811   Thumb Code     8  sys_exit.o(.text)
    __I$use$semihosting                      0x0000081c   ARM Code       0  use_no_semi.o(.text)
    __use_no_semihosting_swi                 0x0000081c   ARM Code       4  use_no_semi.o(.text)
    __semihosting_library_function           0x00000820   ARM Code       0  indicate_semi.o(.text)
    apagarLed                                0x00000820   ARM Code       4  main.o(i.apagarLed)
    boton_pulsar_counter_strike              0x00000824   ARM Code      80  main.o(i.boton_pulsar_counter_strike)
    drv_WDT_alimentar                        0x00000878   ARM Code      20  drv_wtd.o(i.drv_WDT_alimentar)
    drv_WDT_iniciar                          0x0000088c   ARM Code       4  drv_wtd.o(i.drv_WDT_iniciar)
    drv_botones_iniciar                      0x00000890   ARM Code      92  drv_botones.o(i.drv_botones_iniciar)
    drv_botones_tratar                       0x000008f4   ARM Code     176  drv_botones.o(i.drv_botones_tratar)
    drv_consumo_dormir                       0x000009a8   ARM Code      24  drv_consumo.o(i.drv_consumo_dormir)
    drv_consumo_esperar                      0x000009c4   ARM Code      24  drv_consumo.o(i.drv_consumo_esperar)
    drv_consumo_iniciar                      0x000009e0   ARM Code      28  drv_consumo.o(i.drv_consumo_iniciar)
    drv_funcion_callback                     0x00000a00   ARM Code      36  drv_tiempo.o(i.drv_funcion_callback)
    drv_led_apagar                           0x00000a28   ARM Code      32  drv_leds.o(i.drv_led_apagar)
    drv_led_encender                         0x00000a4c   ARM Code      32  drv_leds.o(i.drv_led_encender)
    drv_leds_iniciar                         0x00000a70   ARM Code      76  drv_leds.o(i.drv_leds_iniciar)
    drv_monitor_desmarcar                    0x00000ac0   ARM Code      20  drv_monitor.o(i.drv_monitor_desmarcar)
    drv_monitor_marcar                       0x00000ad8   ARM Code      20  drv_monitor.o(i.drv_monitor_marcar)
    drv_tiempo_actual_us                     0x00000af0   ARM Code      32  drv_tiempo.o(i.drv_tiempo_actual_us)
    drv_tiempo_iniciar                       0x00000b14   ARM Code      24  drv_tiempo.o(i.drv_tiempo_iniciar)
    drv_tiempo_periodico_ms                  0x00000b30   ARM Code      36  drv_tiempo.o(i.drv_tiempo_periodico_ms)
    drv_tiempo_setMonitor                    0x00000b5c   ARM Code      12  drv_tiempo.o(i.drv_tiempo_setMonitor)
    eint0_ISR                                0x00000b6c   ARM Code      52  hal_ext_int_lpc.o(i.eint0_ISR)
    eint1_ISR                                0x00000ba4   ARM Code      56  hal_ext_int_lpc.o(i.eint1_ISR)
    eint2_ISR                                0x00000be0   ARM Code      56  hal_ext_int_lpc.o(i.eint2_ISR)
    hal_WDT_alimentar                        0x00000c1c   ARM Code      24  hal_wtd_lpc.o(i.hal_WDT_alimentar)
    hal_WDT_iniciar                          0x00000c34   ARM Code      44  hal_wtd_lpc.o(i.hal_WDT_iniciar)
    hal_consumo_dormir                       0x00000c64   ARM Code      24  hal_consumo_lpc.o(i.hal_consumo_dormir)
    hal_consumo_esperar                      0x00000c7c   ARM Code      24  hal_consumo_lpc.o(i.hal_consumo_esperar)
    hal_ext_int_deshabilitar_int             0x00000c94   ARM Code     116  hal_ext_int_lpc.o(i.hal_ext_int_deshabilitar_int)
    hal_ext_int_habilitar_despertar          0x00000d08   ARM Code      72  hal_ext_int_lpc.o(i.hal_ext_int_habilitar_despertar)
    hal_ext_int_habilitar_int                0x00000d50   ARM Code     192  hal_ext_int_lpc.o(i.hal_ext_int_habilitar_int)
    hal_ext_int_iniciar                      0x00000e10   ARM Code     188  hal_ext_int_lpc.o(i.hal_ext_int_iniciar)
    hal_gpio_escribir                        0x00000edc   ARM Code      32  hal_gpio_lpc.o(i.hal_gpio_escribir)
    hal_gpio_iniciar                         0x00000efc   ARM Code      20  hal_gpio_lpc.o(i.hal_gpio_iniciar)
    hal_gpio_leer                            0x00000f10   ARM Code      32  hal_gpio_lpc.o(i.hal_gpio_leer)
    hal_gpio_sentido                         0x00000f30   ARM Code      56  hal_gpio_lpc.o(i.hal_gpio_sentido)
    hal_tiempo_actual_tick                   0x00000f68   ARM Code      40  hal_tiempo_lpc.o(i.hal_tiempo_actual_tick)
    hal_tiempo_iniciar_tick                  0x00000f94   ARM Code      88  hal_tiempo_lpc.o(i.hal_tiempo_iniciar_tick)
    hal_tiempo_reloj_periodico_tick          0x00000ff4   ARM Code     104  hal_tiempo_lpc.o(i.hal_tiempo_reloj_periodico_tick)
    main                                     0x00001064   ARM Code     148  main.o(i.main)
    rt_FIFO_encolar                          0x00001108   ARM Code     132  rt_fifo.o(i.rt_FIFO_encolar)
    rt_FIFO_extraer                          0x00001198   ARM Code     172  rt_fifo.o(i.rt_FIFO_extraer)
    rt_FIFO_vacia                            0x0000124c   ARM Code      24  rt_fifo.o(i.rt_FIFO_vacia)
    rt_GE_iniciar                            0x00001268   ARM Code     184  rt_ge.o(i.rt_GE_iniciar)
    rt_GE_lanzador                           0x0000132c   ARM Code     124  rt_ge.o(i.rt_GE_lanzador)
    rt_GE_tratar                             0x000013ac   ARM Code      96  rt_ge.o(i.rt_GE_tratar)
    siguienteLed                             0x0000140c   ARM Code      48  main.o(i.siguienteLed)
    svc_GE_suscribir                         0x00001440   ARM Code     104  rt_ge.o(i.svc_GE_suscribir)
    svc_SC_entrar                            0x000014b0   ARM Code      32  svc_sc.o(i.svc_SC_entrar)
    svc_SC_salir                             0x000014d4   ARM Code      40  svc_sc.o(i.svc_SC_salir)
    svc_alarma_activar                       0x00001500   ARM Code     412  svc_alarma.o(i.svc_alarma_activar)
    svc_alarma_codificar                     0x000016a4   ARM Code       8  svc_alarma.o(i.svc_alarma_codificar)
    svc_alarma_iniciar                       0x000016ac   ARM Code      84  svc_alarma.o(i.svc_alarma_iniciar)
    svc_alarma_tratar                        0x0000170c   ARM Code     116  svc_alarma.o(i.svc_alarma_tratar)
    timer0_ISR                               0x00001784   ARM Code      52  hal_tiempo_lpc.o(i.timer0_ISR)
    timer1_ISR                               0x000017bc   ARM Code      52  hal_tiempo_lpc.o(i.timer1_ISR)
    Region$$Table$$Base                      0x00001800   Number         0  anon$$obj.o(Region$$Table)
    Region$$Table$$Limit                     0x00001820   Number         0  anon$$obj.o(Region$$Table)
    __libspace_start                         0x40000510   Data          96  libspace.o(.bss)
    __temporary_stack_top$libspace           0x40000570   Data           0  libspace.o(.bss)



==============================================================================

Memory Map of the image

  Image Entry point : 0x00000110

  Load Region LR_IROM1 (Base: 0x00000000, Size: 0x00001868, Max: 0x00020000, ABSOLUTE)

    Execution Region ER_IROM1 (Exec base: 0x00000000, Load base: 0x00000000, Size: 0x00001820, Max: 0x00020000, ABSOLUTE)

    Exec Addr    Load Addr    Size         Type   Attr      Idx    E Section Name        Object

    0x00000000   0x00000000   0x00000110   Code   RO          667    RESET               startup.o
    0x00000110   0x00000110   0x00000008   Code   RO          696  * !!!main             c_t.l(__main.o)
    0x00000118   0x00000118   0x0000003c   Code   RO          869    !!!scatter          c_t.l(__scatter.o)
    0x00000154   0x00000154   0x00000028   Code   RO          871    !!handler_copy      c_t.l(__scatter_copy.o)
    0x0000017c   0x0000017c   0x0000002c   Code   RO          873    !!handler_zi        c_t.l(__scatter_zi.o)
    0x000001a8   0x000001a8   0x00000008   Ven    RO          737    .ARM.Collect$$libinit$$00000000  c_t.l(libinit.o)
    0x000001b0   0x000001b0   0x00000002   Code   RO          737    .ARM.Collect$$libinit$$00000000  c_t.l(libinit.o)
    0x000001b2   0x000001b2   0x00000000   Code   RO          750    .ARM.Collect$$libinit$$00000002  c_t.l(libinit2.o)
    0x000001b2   0x000001b2   0x00000000   Code   RO          752    .ARM.Collect$$libinit$$00000004  c_t.l(libinit2.o)
    0x000001b2   0x000001b2   0x00000000   Code   RO          755    .ARM.Collect$$libinit$$0000000A  c_t.l(libinit2.o)
    0x000001b2   0x000001b2   0x00000000   Code   RO          757    .ARM.Collect$$libinit$$0000000C  c_t.l(libinit2.o)
    0x000001b2   0x000001b2   0x00000000   Code   RO          759    .ARM.Collect$$libinit$$0000000E  c_t.l(libinit2.o)
    0x000001b2   0x000001b2   0x00000000   Code   RO          762    .ARM.Collect$$libinit$$00000011  c_t.l(libinit2.o)
    0x000001b2   0x000001b2   0x00000000   Code   RO          764    .ARM.Collect$$libinit$$00000013  c_t.l(libinit2.o)
    0x000001b2   0x000001b2   0x00000000   Code   RO          766    .ARM.Collect$$libinit$$00000015  c_t.l(libinit2.o)
    0x000001b2   0x000001b2   0x00000000   Code   RO          768    .ARM.Collect$$libinit$$00000017  c_t.l(libinit2.o)
    0x000001b2   0x000001b2   0x00000000   Code   RO          770    .ARM.Collect$$libinit$$00000019  c_t.l(libinit2.o)
    0x000001b2   0x000001b2   0x00000000   Code   RO          772    .ARM.Collect$$libinit$$0000001B  c_t.l(libinit2.o)
    0x000001b2   0x000001b2   0x00000000   Code   RO          774    .ARM.Collect$$libinit$$0000001D  c_t.l(libinit2.o)
    0x000001b2   0x000001b2   0x00000000   Code   RO          776    .ARM.Collect$$libinit$$0000001F  c_t.l(libinit2.o)
    0x000001b2   0x000001b2   0x00000000   Code   RO          778    .ARM.Collect$$libinit$$00000021  c_t.l(libinit2.o)
    0x000001b2   0x000001b2   0x00000000   Code   RO          780    .ARM.Collect$$libinit$$00000023  c_t.l(libinit2.o)
    0x000001b2   0x000001b2   0x00000000   Code   RO          782    .ARM.Collect$$libinit$$00000025  c_t.l(libinit2.o)
    0x000001b2   0x000001b2   0x00000000   Code   RO          786    .ARM.Collect$$libinit$$0000002C  c_t.l(libinit2.o)
    0x000001b2   0x000001b2   0x00000000   Code   RO          788    .ARM.Collect$$libinit$$0000002E  c_t.l(libinit2.o)
    0x000001b2   0x000001b2   0x00000000   Code   RO          790    .ARM.Collect$$libinit$$00000030  c_t.l(libinit2.o)
    0x000001b2   0x000001b2   0x00000000   Code   RO          792    .ARM.Collect$$libinit$$00000032  c_t.l(libinit2.o)
    0x000001b2   0x000001b2   0x0000000c   Code   RO          793    .ARM.Collect$$libinit$$00000033  c_t.l(libinit2.o)
    0x000001be   0x000001be   0x00000002   PAD
    0x000001c0   0x000001c0   0x00000008   Ven    RO          826    .ARM.Collect$$libshutdown$$00000000  c_t.l(libshutdown.o)
    0x000001c8   0x000001c8   0x00000004   Code   RO          826    .ARM.Collect$$libshutdown$$00000000  c_t.l(libshutdown.o)
    0x000001cc   0x000001cc   0x00000000   Code   RO          852    .ARM.Collect$$libshutdown$$00000002  c_t.l(libshutdown2.o)
    0x000001cc   0x000001cc   0x00000000   Code   RO          854    .ARM.Collect$$libshutdown$$00000004  c_t.l(libshutdown2.o)
    0x000001cc   0x000001cc   0x00000000   Code   RO          857    .ARM.Collect$$libshutdown$$00000007  c_t.l(libshutdown2.o)
    0x000001cc   0x000001cc   0x00000000   Code   RO          860    .ARM.Collect$$libshutdown$$0000000A  c_t.l(libshutdown2.o)
    0x000001cc   0x000001cc   0x00000000   Code   RO          862    .ARM.Collect$$libshutdown$$0000000C  c_t.l(libshutdown2.o)
    0x000001cc   0x000001cc   0x00000000   Code   RO          865    .ARM.Collect$$libshutdown$$0000000F  c_t.l(libshutdown2.o)
    0x000001cc   0x000001cc   0x00000006   Code   RO          866    .ARM.Collect$$libshutdown$$00000010  c_t.l(libshutdown2.o)
    0x000001d2   0x000001d2   0x00000002   PAD
    0x000001d4   0x000001d4   0x00000000   Code   RO          698    .ARM.Collect$$rtentry$$00000000  c_t.l(__rtentry.o)
    0x000001d4   0x000001d4   0x00000000   Code   RO          708    .ARM.Collect$$rtentry$$00000002  c_t.l(__rtentry2.o)
    0x000001d4   0x000001d4   0x00000008   Code   RO          720    .ARM.Collect$$rtentry$$00000004  c_t.l(__rtentry4.o)
    0x000001dc   0x000001dc   0x00000000   Code   RO          710    .ARM.Collect$$rtentry$$00000009  c_t.l(__rtentry2.o)
    0x000001dc   0x000001dc   0x00000004   Code   RO          711    .ARM.Collect$$rtentry$$0000000A  c_t.l(__rtentry2.o)
    0x000001e0   0x000001e0   0x00000000   Code   RO          713    .ARM.Collect$$rtentry$$0000000C  c_t.l(__rtentry2.o)
    0x000001e0   0x000001e0   0x00000028   Code   RO          714    .ARM.Collect$$rtentry$$0000000D  c_t.l(__rtentry2.o)
    0x00000208   0x00000208   0x00000004   Ven    RO          741    .ARM.Collect$$rtexit$$00000000  c_t.l(rtexit.o)
    0x0000020c   0x0000020c   0x00000004   Code   RO          741    .ARM.Collect$$rtexit$$00000000  c_t.l(rtexit.o)
    0x00000210   0x00000210   0x00000000   Code   RO          797    .ARM.Collect$$rtexit$$00000002  c_t.l(rtexit2.o)
    0x00000210   0x00000210   0x00000004   Code   RO          798    .ARM.Collect$$rtexit$$00000003  c_t.l(rtexit2.o)
    0x00000214   0x00000214   0x00000008   Code   RO          799    .ARM.Collect$$rtexit$$00000004  c_t.l(rtexit2.o)
    0x0000021c   0x0000021c   0x00000068   Code   RO          668    .text               startup.o
    0x00000284   0x00000284   0x000002d0   Code   RO          676    .text               c_t.l(lludiv.o)
    0x00000554   0x00000554   0x0000022c   Code   RO          678    .text               c_t.l(aeabi_sdivfast.o)
    0x00000780   0x00000780   0x00000006   Code   RO          694    .text               c_t.l(heapauxi.o)
    0x00000786   0x00000786   0x00000002   PAD
    0x00000788   0x00000788   0x00000060   Code   RO          724    .text               c_t.l(sys_stackheap_outer.o)
    0x000007e8   0x000007e8   0x00000014   Code   RO          726    .text               c_t.l(exit.o)
    0x000007fc   0x000007fc   0x0000000c   Code   RO          738    .text               c_t.l(libspace.o)
    0x00000808   0x00000808   0x00000008   Ven    RO          794    .text               c_t.l(sys_exit.o)
    0x00000810   0x00000810   0x0000000c   Code   RO          794    .text               c_t.l(sys_exit.o)
    0x0000081c   0x0000081c   0x00000004   Code   RO          815    .text               c_t.l(use_no_semi.o)
    0x00000820   0x00000820   0x00000000   Code   RO          817    .text               c_t.l(indicate_semi.o)
    0x00000820   0x00000820   0x00000004   Code   RO            1    i.apagarLed         main.o
    0x00000824   0x00000824   0x00000054   Code   RO            4    i.boton_pulsar_counter_strike  main.o
    0x00000878   0x00000878   0x00000014   Code   RO          401    i.drv_WDT_alimentar  drv_wtd.o
    0x0000088c   0x0000088c   0x00000004   Code   RO          402    i.drv_WDT_iniciar   drv_wtd.o
    0x00000890   0x00000890   0x00000064   Code   RO          422    i.drv_botones_iniciar  drv_botones.o
    0x000008f4   0x000008f4   0x000000b4   Code   RO          423    i.drv_botones_tratar  drv_botones.o
    0x000009a8   0x000009a8   0x0000001c   Code   RO          195    i.drv_consumo_dormir  drv_consumo.o
    0x000009c4   0x000009c4   0x0000001c   Code   RO          196    i.drv_consumo_esperar  drv_consumo.o
    0x000009e0   0x000009e0   0x00000020   Code   RO          197    i.drv_consumo_iniciar  drv_consumo.o
    0x00000a00   0x00000a00   0x00000028   Code   RO          130    i.drv_funcion_callback  drv_tiempo.o
    0x00000a28   0x00000a28   0x00000024   Code   RO           98    i.drv_led_apagar    drv_leds.o
    0x00000a4c   0x00000a4c   0x00000024   Code   RO          100    i.drv_led_encender  drv_leds.o
    0x00000a70   0x00000a70   0x00000050   Code   RO          101    i.drv_leds_iniciar  drv_leds.o
    0x00000ac0   0x00000ac0   0x00000018   Code   RO          230    i.drv_monitor_desmarcar  drv_monitor.o
    0x00000ad8   0x00000ad8   0x00000018   Code   RO          231    i.drv_monitor_marcar  drv_monitor.o
    0x00000af0   0x00000af0   0x00000024   Code   RO          132    i.drv_tiempo_actual_us  drv_tiempo.o
    0x00000b14   0x00000b14   0x0000001c   Code   RO          135    i.drv_tiempo_iniciar  drv_tiempo.o
    0x00000b30   0x00000b30   0x0000002c   Code   RO          136    i.drv_tiempo_periodico_ms  drv_tiempo.o
    0x00000b5c   0x00000b5c   0x00000010   Code   RO          137    i.drv_tiempo_setMonitor  drv_tiempo.o
    0x00000b6c   0x00000b6c   0x00000038   Code   RO          582    i.eint0_ISR         hal_ext_int_lpc.o
    0x00000ba4   0x00000ba4   0x0000003c   Code   RO          583    i.eint1_ISR         hal_ext_int_lpc.o
    0x00000be0   0x00000be0   0x0000003c   Code   RO          584    i.eint2_ISR         hal_ext_int_lpc.o
    0x00000c1c   0x00000c1c   0x00000018   Code   RO          644    i.hal_WDT_alimentar  hal_wtd_lpc.o
    0x00000c34   0x00000c34   0x00000030   Code   RO          645    i.hal_WDT_iniciar   hal_wtd_lpc.o
    0x00000c64   0x00000c64   0x00000018   Code   RO          555    i.hal_consumo_dormir  hal_consumo_lpc.o
    0x00000c7c   0x00000c7c   0x00000018   Code   RO          556    i.hal_consumo_esperar  hal_consumo_lpc.o
    0x00000c94   0x00000c94   0x00000074   Code   RO          586    i.hal_ext_int_deshabilitar_int  hal_ext_int_lpc.o
    0x00000d08   0x00000d08   0x00000048   Code   RO          587    i.hal_ext_int_habilitar_despertar  hal_ext_int_lpc.o
    0x00000d50   0x00000d50   0x000000c0   Code   RO          588    i.hal_ext_int_habilitar_int  hal_ext_int_lpc.o
    0x00000e10   0x00000e10   0x000000cc   Code   RO          589    i.hal_ext_int_iniciar  hal_ext_int_lpc.o
    0x00000edc   0x00000edc   0x00000020   Code   RO          466    i.hal_gpio_escribir  hal_gpio_lpc.o
    0x00000efc   0x00000efc   0x00000014   Code   RO          468    i.hal_gpio_iniciar  hal_gpio_lpc.o
    0x00000f10   0x00000f10   0x00000020   Code   RO          469    i.hal_gpio_leer     hal_gpio_lpc.o
    0x00000f30   0x00000f30   0x00000038   Code   RO          471    i.hal_gpio_sentido  hal_gpio_lpc.o
    0x00000f68   0x00000f68   0x0000002c   Code   RO          517    i.hal_tiempo_actual_tick  hal_tiempo_lpc.o
    0x00000f94   0x00000f94   0x00000060   Code   RO          518    i.hal_tiempo_iniciar_tick  hal_tiempo_lpc.o
    0x00000ff4   0x00000ff4   0x00000070   Code   RO          519    i.hal_tiempo_reloj_periodico_tick  hal_tiempo_lpc.o
    0x00001064   0x00001064   0x000000a4   Code   RO            5    i.main              main.o
    0x00001108   0x00001108   0x00000090   Code   RO          250    i.rt_FIFO_encolar   rt_fifo.o
    0x00001198   0x00001198   0x000000b4   Code   RO          252    i.rt_FIFO_extraer   rt_fifo.o
    0x0000124c   0x0000124c   0x0000001c   Code   RO          255    i.rt_FIFO_vacia     rt_fifo.o
    0x00001268   0x00001268   0x000000c4   Code   RO          326    i.rt_GE_iniciar     rt_ge.o
    0x0000132c   0x0000132c   0x00000080   Code   RO          327    i.rt_GE_lanzador    rt_ge.o
    0x000013ac   0x000013ac   0x00000060   Code   RO          328    i.rt_GE_tratar      rt_ge.o
    0x0000140c   0x0000140c   0x00000034   Code   RO            6    i.siguienteLed      main.o
    0x00001440   0x00001440   0x00000070   Code   RO          330    i.svc_GE_suscribir  rt_ge.o
    0x000014b0   0x000014b0   0x00000024   Code   RO          446    i.svc_SC_entrar     svc_sc.o
    0x000014d4   0x000014d4   0x0000002c   Code   RO          447    i.svc_SC_salir      svc_sc.o
    0x00001500   0x00001500   0x000001a4   Code   RO          368    i.svc_alarma_activar  svc_alarma.o
    0x000016a4   0x000016a4   0x00000008   Code   RO          369    i.svc_alarma_codificar  svc_alarma.o
    0x000016ac   0x000016ac   0x00000060   Code   RO          370    i.svc_alarma_iniciar  svc_alarma.o
    0x0000170c   0x0000170c   0x00000078   Code   RO          371    i.svc_alarma_tratar  svc_alarma.o
    0x00001784   0x00001784   0x00000038   Code   RO          520    i.timer0_ISR        hal_tiempo_lpc.o
    0x000017bc   0x000017bc   0x00000038   Code   RO          521    i.timer1_ISR        hal_tiempo_lpc.o
    0x000017f4   0x000017f4   0x00000004   Data   RO          102    .constdata          drv_leds.o
    0x000017f8   0x000017f8   0x00000004   Data   RO          232    .constdata          drv_monitor.o
    0x000017fc   0x000017fc   0x00000003   Data   RO          424    .constdata          drv_botones.o
    0x000017ff   0x000017ff   0x00000001   PAD
    0x00001800   0x00001800   0x00000020   Data   RO          867    Region$$Table       anon$$obj.o


    Execution Region RW_IRAM1 (Exec base: 0x40000000, Load base: 0x00001820, Size: 0x00000df0, Max: 0x00008000, ABSOLUTE)

    Exec Addr    Load Addr    Size         Type   Attr      Idx    E Section Name        Object

    0x40000000   0x00001820   0x00000008   Data   RW            7    .data               main.o
    0x40000008   0x00001828   0x00000010   Data   RW          138    .data               drv_tiempo.o
    0x40000018   0x00001838   0x00000004   Data   RW          198    .data               drv_consumo.o
    0x4000001c   0x0000183c   0x0000000c   Data   RW          258    .data               rt_fifo.o
    0x40000028   0x00001848   0x00000004   Data   RW          332    .data               rt_ge.o
    0x4000002c   0x0000184c   0x00000008   Data   RW          373    .data               svc_alarma.o
    0x40000034   0x00001854   0x00000001   Data   RW          425    .data               drv_botones.o
    0x40000035   0x00001855   0x00000003   PAD
    0x40000038   0x00001858   0x00000004   Data   RW          448    .data               svc_sc.o
    0x4000003c   0x0000185c   0x00000008   Data   RW          522    .data               hal_tiempo_lpc.o
    0x40000044   0x00001864   0x00000004   Data   RW          590    .data               hal_ext_int_lpc.o
    0x40000048        -       0x00000418   Zero   RW          257    .bss                rt_fifo.o
    0x40000460        -       0x00000060   Zero   RW          331    .bss                rt_ge.o
    0x400004c0        -       0x00000050   Zero   RW          372    .bss                svc_alarma.o
    0x40000510        -       0x00000060   Zero   RW          739    .bss                c_t.l(libspace.o)
    0x40000570        -       0x00000000   Zero   RW          666    HEAP                startup.o
    0x40000570        -       0x00000880   Zero   RW          665    STACK               startup.o


==============================================================================

Image component sizes


      Code (inc. data)   RO Data    RW Data    ZI Data      Debug   Object Name

       280         12          3          1          0       2475   drv_botones.o
        88         12          0          4          0       1673   drv_consumo.o
       152         12          4          0          0       2247   drv_leds.o
        48          8          4          0          0       1593   drv_monitor.o
       164         24          0         16          0       3768   drv_tiempo.o
        24          0          0          0          0        914   drv_wtd.o
        48          0          0          0          0        903   hal_consumo_lpc.o
       760         28          0          4          0       4579   hal_ext_int_lpc.o
       140          0          0          0          0       2538   hal_gpio_lpc.o
       364         28          0          8          0       3451   hal_tiempo_lpc.o
        72          4          0          0          0       1506   hal_wtd_lpc.o
       304         24          0          8          0       8745   main.o
       352         24          0         12       1048       3600   rt_fifo.o
       532         24          0          4         96       3339   rt_ge.o
       376         64          0          0       2176        644   startup.o
       644         24          0          8         80       4069   svc_alarma.o
        80          8          0          4          0       1083   svc_sc.o

    ----------------------------------------------------------------------
      4428        296         44         72       3400      47127   Object Totals
         0          0         32          0          0          0   (incl. Generated)
         0          0          1          3          0          0   (incl. Padding)

    ----------------------------------------------------------------------

      Code (inc. data)   RO Data    RW Data    ZI Data      Debug   Library Member Name

         8          0          0          0          0         68   __main.o
         0          0          0          0          0          0   __rtentry.o
        44          4          0          0          0          0   __rtentry2.o
         8          0          0          0          0          0   __rtentry4.o
        60          8          0          0          0          0   __scatter.o
        40          0          0          0          0          0   __scatter_copy.o
        44          0          0          0          0          0   __scatter_zi.o
       556          0          0          0          0         80   aeabi_sdivfast.o
        20          0          0          0          0         80   exit.o
         6          0          0          0          0        136   heapauxi.o
         0          0          0          0          0          0   indicate_semi.o
        10          0          0          0          0          0   libinit.o
        12          0          0          0          0          0   libinit2.o
        12          0          0          0          0          0   libshutdown.o
         6          0          0          0          0          0   libshutdown2.o
        12          4          0          0         96         68   libspace.o
       720         64          0          0          0        156   lludiv.o
         8          0          0          0          0          0   rtexit.o
        12          0          0          0          0          0   rtexit2.o
        20          4          0          0          0         60   sys_exit.o
        96          0          0          0          0         80   sys_stackheap_outer.o
         4          0          0          0          0         68   use_no_semi.o

    ----------------------------------------------------------------------
      1704         84          0          0         96        796   Library Totals
         6          0          0          0          0          0   (incl. Padding)

    ----------------------------------------------------------------------

      Code (inc. data)   RO Data    RW Data    ZI Data      Debug   Library Name

      1698         84          0          0         96        796   c_t.l

    ----------------------------------------------------------------------
      1704         84          0          0         96        796   Library Totals

    ----------------------------------------------------------------------

==============================================================================


      Code (inc. data)   RO Data    RW Data    ZI Data      Debug   

      6132        380         44         72       3496      45283   Grand Totals
      6132        380         44         72       3496      45283   ELF Image Totals
      6132        380         44         72          0          0   ROM Totals

==============================================================================

    Total RO  Size (Code + RO Data)                 6176 (   6.03kB)
    Total RW  Size (RW Data + ZI Data)              3568 (   3.48kB)
    Total ROM Size (Code + RO Data + RW Data)       6248 (   6.10kB)

==============================================================================

