<html>
<body>
<pre>
<h1>µVision Build Log</h1>
<h2>Tool Versions:</h2>
IDE-Version: µVision V5.26.2.0
Copyright (C) 2018 ARM Ltd and ARM Germany GmbH. All rights reserved.
License Information: UZ UZ, UZ, LIC=----
 
Tool Versions:
Toolchain:       MDK-Lite  Version: 5.26.2.0
Toolchain Path:  C:\Programas-Practicas\Simuladores\Keil\ARM\ARMCC\Bin
C Compiler:      Armcc.exe V5.06 update 6 (build 750)
Assembler:       Armasm.exe V5.06 update 6 (build 750)
Linker/Locator:  ArmLink.exe V5.06 update 6 (build 750)
Library Manager: ArmAr.exe V5.06 update 6 (build 750)
Hex Converter:   FromElf.exe V5.06 update 6 (build 750)
CPU DLL:         SARM.DLL V5.26.2.0
Dialog DLL:      DARMP.DLL V1.53.0.0
Target DLL:      UL2ARM.DLL V1.74.10.0
Dialog DLL:      TARMP.DLL V1.53.0.0
 
<h2>Project:</h2>
D:\UZ_ProyectoHardware-main\UZ_ProyectoHardware-main\lpc\keil\blink_lpc.uvproj
Project File Date:  11/21/2024

<h2>Output:</h2>
*** Using Compiler 'V5.06 update 6 (build 750)', folder: 'C:\Programas-Practicas\Simuladores\Keil\ARM\ARMCC\Bin'
Rebuild Project 'blink_lpc' - Target 'LPC'
compiling drv_tiempo.c...
compiling drv_leds.c...
compiling main.c...
D:\UZ_ProyectoHardware-main\UZ_ProyectoHardware-main\src\rt_fifo.h(8): warning:  #1295-D: Deprecated declaration rt_FIFO_llena - give arg types
  uint32_t rt_FIFO_llena();
D:\UZ_ProyectoHardware-main\UZ_ProyectoHardware-main\src\rt_fifo.h(9): warning:  #1295-D: Deprecated declaration rt_FIFO_vacia - give arg types
  uint32_t rt_FIFO_vacia();
D:\UZ_ProyectoHardware-main\UZ_ProyectoHardware-main\src\rt_GE.h(13): warning:  #1295-D: Deprecated declaration rt_GE_lanzador - give arg types
  void rt_GE_lanzador();
D:\UZ_ProyectoHardware-main\UZ_ProyectoHardware-main\src\drv_botones.h(8): warning:  #1295-D: Deprecated declaration drv_botones_tratar - give arg types
  void drv_botones_tratar();
D:\UZ_ProyectoHardware-main\UZ_ProyectoHardware-main\src\drv_botones.h(14): warning:  #1-D: last line of file ends without a newline
  #endif
..\..\src\main.c: 5 warnings, 0 errors
compiling drv_monitor.c...
compiling drv_consumo.c...
compiling rt_fifo.c...
D:\UZ_ProyectoHardware-main\UZ_ProyectoHardware-main\src\rt_fifo.h(8): warning:  #1295-D: Deprecated declaration rt_FIFO_llena - give arg types
  uint32_t rt_FIFO_llena();
D:\UZ_ProyectoHardware-main\UZ_ProyectoHardware-main\src\rt_fifo.h(9): warning:  #1295-D: Deprecated declaration rt_FIFO_vacia - give arg types
  uint32_t rt_FIFO_vacia();
D:\UZ_ProyectoHardware-main\UZ_ProyectoHardware-main\src\rt_fifo.c(24): warning:  #68-D: integer conversion resulted in a change of sign
  	return por_desencolar == -1;
D:\UZ_ProyectoHardware-main\UZ_ProyectoHardware-main\src\rt_fifo.c(32): warning:  #68-D: integer conversion resulted in a change of sign
  	ultimo_encolado = -1;
D:\UZ_ProyectoHardware-main\UZ_ProyectoHardware-main\src\rt_fifo.c(33): warning:  #68-D: integer conversion resulted in a change of sign
  	por_desencolar = -1;
D:\UZ_ProyectoHardware-main\UZ_ProyectoHardware-main\src\rt_fifo.c(50): warning:  #111-D: statement is unreachable
  		return;
D:\UZ_ProyectoHardware-main\UZ_ProyectoHardware-main\src\rt_fifo.c(57): warning:  #188-D: enumerated type mixed with another type
  	EVENTO newEvent = {ID_evento, auxData, drv_tiempo_actual_us()};
D:\UZ_ProyectoHardware-main\UZ_ProyectoHardware-main\src\rt_fifo.c(81): warning:  #68-D: integer conversion resulted in a change of sign
  		por_desencolar = -1;
D:\UZ_ProyectoHardware-main\UZ_ProyectoHardware-main\src\rt_fifo.c(82): warning:  #68-D: integer conversion resulted in a change of sign
  		ultimo_encolado = -1;
D:\UZ_ProyectoHardware-main\UZ_ProyectoHardware-main\src\rt_fifo.c(114): warning:  #68-D: integer conversion resulted in a change of sign
  	ultimo_encolado = -1;
D:\UZ_ProyectoHardware-main\UZ_ProyectoHardware-main\src\rt_fifo.c(115): warning:  #68-D: integer conversion resulted in a change of sign
  	por_desencolar = -1;
..\..\src\rt_fifo.c: 11 warnings, 0 errors
compiling TEST_FIFO.c...
D:\UZ_ProyectoHardware-main\UZ_ProyectoHardware-main\src\rt_fifo.h(8): warning:  #1295-D: Deprecated declaration rt_FIFO_llena - give arg types
  uint32_t rt_FIFO_llena();
D:\UZ_ProyectoHardware-main\UZ_ProyectoHardware-main\src\rt_fifo.h(9): warning:  #1295-D: Deprecated declaration rt_FIFO_vacia - give arg types
  uint32_t rt_FIFO_vacia();
D:\UZ_ProyectoHardware-main\UZ_ProyectoHardware-main\src\TEST_FIFO.c(6): warning:  #177-D: function "test_fifo_encolar_extraer"  was declared but never referenced
  static int test_fifo_encolar_extraer(void) {
D:\UZ_ProyectoHardware-main\UZ_ProyectoHardware-main\src\TEST_FIFO.c(32): warning:  #177-D: function "test_fifo_estadisticas"  was declared but never referenced
  static int test_fifo_estadisticas(void) {
..\..\src\TEST_FIFO.c: 4 warnings, 0 errors
compiling rt_GE.c...
D:\UZ_ProyectoHardware-main\UZ_ProyectoHardware-main\src\rt_GE.h(13): warning:  #1295-D: Deprecated declaration rt_GE_lanzador - give arg types
  void rt_GE_lanzador();
D:\UZ_ProyectoHardware-main\UZ_ProyectoHardware-main\src\rt_fifo.h(8): warning:  #1295-D: Deprecated declaration rt_FIFO_llena - give arg types
  uint32_t rt_FIFO_llena();
D:\UZ_ProyectoHardware-main\UZ_ProyectoHardware-main\src\rt_fifo.h(9): warning:  #1295-D: Deprecated declaration rt_FIFO_vacia - give arg types
  uint32_t rt_FIFO_vacia();
..\..\src\rt_GE.c: 3 warnings, 0 errors
compiling svc_alarma.c...
D:\UZ_ProyectoHardware-main\UZ_ProyectoHardware-main\src\rt_GE.h(13): warning:  #1295-D: Deprecated declaration rt_GE_lanzador - give arg types
  void rt_GE_lanzador();
D:\UZ_ProyectoHardware-main\UZ_ProyectoHardware-main\src\rt_fifo.h(8): warning:  #1295-D: Deprecated declaration rt_FIFO_llena - give arg types
  uint32_t rt_FIFO_llena();
D:\UZ_ProyectoHardware-main\UZ_ProyectoHardware-main\src\rt_fifo.h(9): warning:  #1295-D: Deprecated declaration rt_FIFO_vacia - give arg types
  uint32_t rt_FIFO_vacia();
D:\UZ_ProyectoHardware-main\UZ_ProyectoHardware-main\src\svc_alarma.c(53): warning:  #61-D: integer operation result is out of range
  	uint32_t masc = 0x1 << 31;
D:\UZ_ProyectoHardware-main\UZ_ProyectoHardware-main\src\svc_alarma.c(53): warning:  #68-D: integer conversion resulted in a change of sign
  	uint32_t masc = 0x1 << 31;
..\..\src\svc_alarma.c: 5 warnings, 0 errors
compiling drv_WTD.c...
compiling drv_botones.c...
D:\UZ_ProyectoHardware-main\UZ_ProyectoHardware-main\src\drv_botones.h(8): warning:  #1295-D: Deprecated declaration drv_botones_tratar - give arg types
  void drv_botones_tratar();
D:\UZ_ProyectoHardware-main\UZ_ProyectoHardware-main\src\drv_botones.h(14): warning:  #1-D: last line of file ends without a newline
  #endif
D:\UZ_ProyectoHardware-main\UZ_ProyectoHardware-main\src\rt_GE.h(13): warning:  #1295-D: Deprecated declaration rt_GE_lanzador - give arg types
  void rt_GE_lanzador();
D:\UZ_ProyectoHardware-main\UZ_ProyectoHardware-main\src\drv_botones.c(56): warning:  #111-D: statement is unreachable
  		return;
..\..\src\drv_botones.c: 4 warnings, 0 errors
compiling hal_gpio_lpc.c...
compiling svc_SC.c...
compiling hal_tiempo_lpc.c...
compiling hal_consumo_lpc.c...
compiling hal_WTD_lpc.c...
compiling hal_ext_int_lpc.c...
assembling Startup.s...
linking...
Program Size: Code=6132 RO-data=44 RW-data=72 ZI-data=3496  
".\Objects\blink_lpc.axf" - 0 Error(s), 32 Warning(s).
Build Time Elapsed:  00:00:01
</pre>
</body>
</html>
