Component: ARM Compiler 5.06 update 6 (build 750) Tool: armlink [4d35ed]

==============================================================================

Section Cross References

    main.o(i.blink_v1) refers to drv_consumo.o(i.drv_consumo_iniciar) for drv_consumo_iniciar
    main.o(i.blink_v1) refers to drv_leds.o(i.drv_led_conmutar) for drv_led_conmutar
    main.o(i.blink_v2) refers to drv_leds.o(i.drv_led_encender) for drv_led_encender
    main.o(i.blink_v2) refers to drv_tiempo.o(i.drv_tiempo_actual_ms) for drv_tiempo_actual_ms
    main.o(i.blink_v2) refers to drv_consumo.o(i.drv_consumo_iniciar) for drv_consumo_iniciar
    main.o(i.blink_v2) refers to drv_tiempo.o(i.drv_tiempo_esperar_hasta_ms) for drv_tiempo_esperar_hasta_ms
    main.o(i.blink_v2) refers to drv_leds.o(i.drv_led_conmutar) for drv_led_conmutar
    main.o(i.blink_v3) refers to drv_consumo.o(i.drv_consumo_iniciar) for drv_consumo_iniciar
    main.o(i.blink_v3) refers to drv_tiempo.o(i.drv_tiempo_periodico_ms) for drv_tiempo_periodico_ms
    main.o(i.blink_v3) refers to drv_consumo.o(i.drv_consumo_esperar) for drv_consumo_esperar
    main.o(i.blink_v3) refers to drv_leds.o(i.drv_led_conmutar) for drv_led_conmutar
    main.o(i.blink_v3_bis) refers to rt_fifo.o(i.rt_FIFO_inicializar) for rt_FIFO_inicializar
    main.o(i.blink_v3_bis) refers to drv_consumo.o(i.drv_consumo_iniciar) for drv_consumo_iniciar
    main.o(i.blink_v3_bis) refers to drv_tiempo.o(i.drv_tiempo_periodico_ms) for drv_tiempo_periodico_ms
    main.o(i.blink_v3_bis) refers to drv_botones.o(i.drv_botones_iniciar) for drv_botones_iniciar
    main.o(i.blink_v3_bis) refers to drv_consumo.o(i.drv_consumo_esperar) for drv_consumo_esperar
    main.o(i.blink_v3_bis) refers to drv_leds.o(i.drv_led_apagar) for drv_led_apagar
    main.o(i.blink_v3_bis) refers to drv_consumo.o(i.drv_consumo_dormir) for drv_consumo_dormir
    main.o(i.blink_v3_bis) refers to drv_leds.o(i.drv_led_encender) for drv_led_encender
    main.o(i.blink_v3_bis) refers to drv_leds.o(i.drv_led_conmutar) for drv_led_conmutar
    main.o(i.blink_v3_bis) refers to rt_fifo.o(i.rt_FIFO_encolar) for rt_FIFO_encolar
    main.o(i.blink_v4) refers to drv_consumo.o(i.drv_consumo_iniciar) for drv_consumo_iniciar
    main.o(i.blink_v4) refers to rt_fifo.o(i.rt_FIFO_inicializar) for rt_FIFO_inicializar
    main.o(i.blink_v4) refers to drv_tiempo.o(i.drv_tiempo_periodico_ms) for drv_tiempo_periodico_ms
    main.o(i.blink_v4) refers to rt_fifo.o(i.rt_FIFO_extraer) for rt_FIFO_extraer
    main.o(i.blink_v4) refers to drv_leds.o(i.drv_led_conmutar) for drv_led_conmutar
    main.o(i.blink_v4) refers to drv_consumo.o(i.drv_consumo_esperar) for drv_consumo_esperar
    main.o(i.blink_v4) refers to rt_fifo.o(i.rt_FIFO_encolar) for rt_FIFO_encolar
    main.o(i.main) refers to hal_gpio_nrf.o(i.hal_gpio_iniciar) for hal_gpio_iniciar
    main.o(i.main) refers to drv_leds.o(i.drv_leds_iniciar) for drv_leds_iniciar
    main.o(i.main) refers to drv_tiempo.o(i.drv_tiempo_iniciar) for drv_tiempo_iniciar
    main.o(i.main) refers to drv_leds.o(i.drv_led_encender) for drv_led_encender
    main.o(i.main) refers to rt_fifo.o(i.rt_FIFO_inicializar) for rt_FIFO_inicializar
    main.o(i.main) refers to drv_consumo.o(i.drv_consumo_iniciar) for drv_consumo_iniciar
    main.o(i.main) refers to drv_tiempo.o(i.drv_tiempo_periodico_ms) for drv_tiempo_periodico_ms
    main.o(i.main) refers to drv_botones.o(i.drv_botones_iniciar) for drv_botones_iniciar
    main.o(i.main) refers to drv_consumo.o(i.drv_consumo_esperar) for drv_consumo_esperar
    main.o(i.main) refers to drv_leds.o(i.drv_led_apagar) for drv_led_apagar
    main.o(i.main) refers to drv_consumo.o(i.drv_consumo_dormir) for drv_consumo_dormir
    main.o(i.main) refers to drv_leds.o(i.drv_led_conmutar) for drv_led_conmutar
    main.o(i.main) refers to rt_fifo.o(i.rt_FIFO_encolar) for rt_FIFO_encolar
    drv_leds.o(i.drv_led_apagar) refers to hal_gpio_nrf.o(i.hal_gpio_escribir) for hal_gpio_escribir
    drv_leds.o(i.drv_led_apagar) refers to drv_leds.o(.constdata) for .constdata
    drv_leds.o(i.drv_led_conmutar) refers to hal_gpio_nrf.o(i.hal_gpio_leer) for hal_gpio_leer
    drv_leds.o(i.drv_led_conmutar) refers to hal_gpio_nrf.o(i.hal_gpio_escribir) for hal_gpio_escribir
    drv_leds.o(i.drv_led_conmutar) refers to drv_leds.o(.constdata) for .constdata
    drv_leds.o(i.drv_led_encender) refers to hal_gpio_nrf.o(i.hal_gpio_escribir) for hal_gpio_escribir
    drv_leds.o(i.drv_led_encender) refers to drv_leds.o(.constdata) for .constdata
    drv_leds.o(i.drv_leds_iniciar) refers to hal_gpio_nrf.o(i.hal_gpio_sentido) for hal_gpio_sentido
    drv_leds.o(i.drv_leds_iniciar) refers to hal_gpio_nrf.o(i.hal_gpio_escribir) for hal_gpio_escribir
    drv_leds.o(i.drv_leds_iniciar) refers to drv_leds.o(.constdata) for .constdata
    drv_tiempo.o(i.drv_funcion_callback) refers to drv_monitor.o(i.drv_monitor_marcar) for drv_monitor_marcar
    drv_tiempo.o(i.drv_funcion_callback) refers to drv_tiempo.o(.data) for .data
    drv_tiempo.o(i.drv_tiempo_actual_ms) refers to hal_tiempo_nrf.o(i.hal_tiempo_actual_tick) for hal_tiempo_actual_tick
    drv_tiempo.o(i.drv_tiempo_actual_ms) refers to uldiv.o(.text) for __aeabi_uldivmod
    drv_tiempo.o(i.drv_tiempo_actual_ms) refers to drv_tiempo.o(.data) for .data
    drv_tiempo.o(i.drv_tiempo_actual_us) refers to hal_tiempo_nrf.o(i.hal_tiempo_actual_tick) for hal_tiempo_actual_tick
    drv_tiempo.o(i.drv_tiempo_actual_us) refers to uldiv.o(.text) for __aeabi_uldivmod
    drv_tiempo.o(i.drv_tiempo_actual_us) refers to drv_tiempo.o(.data) for .data
    drv_tiempo.o(i.drv_tiempo_esperar_hasta_ms) refers to hal_tiempo_nrf.o(i.hal_tiempo_actual_tick) for hal_tiempo_actual_tick
    drv_tiempo.o(i.drv_tiempo_esperar_hasta_ms) refers to uldiv.o(.text) for __aeabi_uldivmod
    drv_tiempo.o(i.drv_tiempo_esperar_hasta_ms) refers to drv_tiempo.o(.data) for .data
    drv_tiempo.o(i.drv_tiempo_esperar_ms) refers to hal_tiempo_nrf.o(i.hal_tiempo_actual_tick) for hal_tiempo_actual_tick
    drv_tiempo.o(i.drv_tiempo_esperar_ms) refers to uldiv.o(.text) for __aeabi_uldivmod
    drv_tiempo.o(i.drv_tiempo_esperar_ms) refers to drv_tiempo.o(.data) for .data
    drv_tiempo.o(i.drv_tiempo_iniciar) refers to hal_tiempo_nrf.o(i.hal_tiempo_iniciar_tick) for hal_tiempo_iniciar_tick
    drv_tiempo.o(i.drv_tiempo_iniciar) refers to drv_tiempo.o(.data) for .data
    drv_tiempo.o(i.drv_tiempo_periodico_ms) refers to hal_tiempo_nrf.o(i.hal_tiempo_reloj_periodico_tick) for hal_tiempo_reloj_periodico_tick
    drv_tiempo.o(i.drv_tiempo_periodico_ms) refers to drv_tiempo.o(.data) for .data
    drv_tiempo.o(i.drv_tiempo_periodico_ms) refers to drv_tiempo.o(i.drv_funcion_callback) for drv_funcion_callback
    drv_tiempo.o(i.drv_tiempo_setMonitor) refers to drv_tiempo.o(.data) for .data
    drv_consumo.o(i.drv_consumo_dormir) refers to drv_monitor.o(i.drv_monitor_desmarcar) for drv_monitor_desmarcar
    drv_consumo.o(i.drv_consumo_dormir) refers to hal_consumo_nrf.o(i.hal_consumo_dormir) for hal_consumo_dormir
    drv_consumo.o(i.drv_consumo_dormir) refers to drv_consumo.o(.data) for .data
    drv_consumo.o(i.drv_consumo_esperar) refers to drv_monitor.o(i.drv_monitor_desmarcar) for drv_monitor_desmarcar
    drv_consumo.o(i.drv_consumo_esperar) refers to hal_consumo_nrf.o(i.hal_consumo_esperar) for hal_consumo_esperar
    drv_consumo.o(i.drv_consumo_esperar) refers to drv_consumo.o(.data) for .data
    drv_consumo.o(i.drv_consumo_iniciar) refers to drv_tiempo.o(i.drv_tiempo_setMonitor) for drv_tiempo_setMonitor
    drv_consumo.o(i.drv_consumo_iniciar) refers to drv_monitor.o(i.drv_monitor_marcar) for drv_monitor_marcar
    drv_consumo.o(i.drv_consumo_iniciar) refers to drv_consumo.o(.data) for .data
    drv_monitor.o(i.drv_monitor_desmarcar) refers to hal_gpio_nrf.o(i.hal_gpio_escribir) for hal_gpio_escribir
    drv_monitor.o(i.drv_monitor_desmarcar) refers to drv_monitor.o(.constdata) for .constdata
    drv_monitor.o(i.drv_monitor_marcar) refers to hal_gpio_nrf.o(i.hal_gpio_escribir) for hal_gpio_escribir
    drv_monitor.o(i.drv_monitor_marcar) refers to drv_monitor.o(.constdata) for .constdata
    rt_fifo.o(i.rt_FIFO_encolar) refers to drv_monitor.o(i.drv_monitor_marcar) for drv_monitor_marcar
    rt_fifo.o(i.rt_FIFO_encolar) refers to drv_tiempo.o(i.drv_tiempo_actual_us) for drv_tiempo_actual_us
    rt_fifo.o(i.rt_FIFO_encolar) refers to rt_fifo.o(.data) for .data
    rt_fifo.o(i.rt_FIFO_encolar) refers to rt_fifo.o(.bss) for .bss
    rt_fifo.o(i.rt_FIFO_estadisticas) refers to rt_fifo.o(.bss) for .bss
    rt_fifo.o(i.rt_FIFO_extraer) refers to rt_fifo.o(.data) for .data
    rt_fifo.o(i.rt_FIFO_extraer) refers to rt_fifo.o(.bss) for .bss
    rt_fifo.o(i.rt_FIFO_inicializar) refers to rt_fifo.o(.data) for .data
    rt_fifo.o(i.rt_FIFO_inicializar) refers to rt_fifo.o(.bss) for .bss
    rt_fifo.o(i.rt_FIFO_llena) refers to rt_fifo.o(.data) for .data
    rt_fifo.o(i.rt_FIFO_vacia) refers to rt_fifo.o(.data) for .data
    rt_fifo.o(i.rt_FIFO_vaciar) refers to rt_fifo.o(.data) for .data
    test_fifo.o(i.test_fifo) refers to rt_fifo.o(i.rt_FIFO_inicializar) for rt_FIFO_inicializar
    test_fifo.o(i.test_fifo) refers to rt_fifo.o(i.rt_FIFO_encolar) for rt_FIFO_encolar
    rt_ge.o(i.rt_GE_iniciar) refers to rt_ge.o(i.svc_GE_suscribir) for svc_GE_suscribir
    rt_ge.o(i.rt_GE_iniciar) refers to rt_ge.o(.data) for .data
    rt_ge.o(i.rt_GE_iniciar) refers to rt_ge.o(.bss) for .bss
    rt_ge.o(i.rt_GE_iniciar) refers to rt_ge.o(i.rt_GE_tratar) for rt_GE_tratar
    rt_ge.o(i.rt_GE_lanzador) refers to svc_alarma.o(i.svc_alarma_codificar) for svc_alarma_codificar
    rt_ge.o(i.rt_GE_lanzador) refers to svc_alarma.o(i.svc_alarma_activar) for svc_alarma_activar
    rt_ge.o(i.rt_GE_lanzador) refers to rt_fifo.o(i.rt_FIFO_vacia) for rt_FIFO_vacia
    rt_ge.o(i.rt_GE_lanzador) refers to drv_consumo.o(i.drv_consumo_esperar) for drv_consumo_esperar
    rt_ge.o(i.rt_GE_lanzador) refers to rt_fifo.o(i.rt_FIFO_extraer) for rt_FIFO_extraer
    rt_ge.o(i.rt_GE_lanzador) refers to rt_ge.o(.bss) for .bss
    rt_ge.o(i.rt_GE_tratar) refers to drv_consumo.o(i.drv_consumo_dormir) for drv_consumo_dormir
    rt_ge.o(i.rt_GE_tratar) refers to svc_alarma.o(i.svc_alarma_codificar) for svc_alarma_codificar
    rt_ge.o(i.rt_GE_tratar) refers to svc_alarma.o(i.svc_alarma_activar) for svc_alarma_activar
    rt_ge.o(i.svc_GE_cancelar) refers to rt_ge.o(.bss) for .bss
    rt_ge.o(i.svc_GE_suscribir) refers to drv_monitor.o(i.drv_monitor_marcar) for drv_monitor_marcar
    rt_ge.o(i.svc_GE_suscribir) refers to rt_ge.o(.bss) for .bss
    rt_ge.o(i.svc_GE_suscribir) refers to rt_ge.o(.data) for .data
    svc_alarma.o(i.svc_alarma_activar) refers to drv_monitor.o(i.drv_monitor_marcar) for drv_monitor_marcar
    svc_alarma.o(i.svc_alarma_activar) refers to svc_alarma.o(.bss) for .bss
    svc_alarma.o(i.svc_alarma_activar) refers to svc_alarma.o(.data) for .data
    svc_alarma.o(i.svc_alarma_iniciar) refers to drv_tiempo.o(i.drv_tiempo_periodico_ms) for drv_tiempo_periodico_ms
    svc_alarma.o(i.svc_alarma_iniciar) refers to rt_ge.o(i.svc_GE_suscribir) for svc_GE_suscribir
    svc_alarma.o(i.svc_alarma_iniciar) refers to svc_alarma.o(.data) for .data
    svc_alarma.o(i.svc_alarma_iniciar) refers to svc_alarma.o(.bss) for .bss
    svc_alarma.o(i.svc_alarma_iniciar) refers to svc_alarma.o(i.svc_alarma_tratar) for svc_alarma_tratar
    svc_alarma.o(i.svc_alarma_tratar) refers to rt_fifo.o(i.rt_FIFO_encolar) for rt_FIFO_encolar
    svc_alarma.o(i.svc_alarma_tratar) refers to svc_alarma.o(.bss) for .bss
    drv_botones.o(i.drv_botones_iniciar) refers to hal_ext_int_nrf.o(i.hal_ext_int_iniciar) for hal_ext_int_iniciar
    drv_botones.o(i.drv_botones_iniciar) refers to hal_ext_int_nrf.o(i.hal_ext_int_habilitar_int) for hal_ext_int_habilitar_int
    drv_botones.o(i.drv_botones_iniciar) refers to hal_ext_int_nrf.o(i.hal_ext_int_habilitar_despertar) for hal_ext_int_habilitar_despertar
    drv_botones.o(i.drv_botones_iniciar) refers to rt_ge.o(i.svc_GE_suscribir) for svc_GE_suscribir
    drv_botones.o(i.drv_botones_iniciar) refers to drv_botones.o(.constdata) for .constdata
    drv_botones.o(i.drv_botones_iniciar) refers to drv_botones.o(i.drv_botones_tratar) for drv_botones_tratar
    drv_botones.o(i.drv_botones_tratar) refers to hal_ext_int_nrf.o(i.hal_ext_int_habilitar_int) for hal_ext_int_habilitar_int
    drv_botones.o(i.drv_botones_tratar) refers to svc_alarma.o(i.svc_alarma_activar) for svc_alarma_activar
    drv_botones.o(i.drv_botones_tratar) refers to hal_gpio_nrf.o(i.hal_gpio_leer) for hal_gpio_leer
    drv_botones.o(i.drv_botones_tratar) refers to drv_botones.o(.data) for .data
    hal_tiempo_nrf.o(i.TIMER0_IRQHandler) refers to hal_tiempo_nrf.o(.data) for .data
    hal_tiempo_nrf.o(i.TIMER1_IRQHandler) refers to hal_tiempo_nrf.o(.data) for .data
    hal_tiempo_nrf.o(i.hal_tiempo_actual_tick) refers to hal_tiempo_nrf.o(.data) for .data
    hal_tiempo_nrf.o(i.hal_tiempo_iniciar_tick) refers to hal_tiempo_nrf.o(.data) for .data
    hal_tiempo_nrf.o(i.hal_tiempo_reloj_periodico_tick) refers to hal_tiempo_nrf.o(.data) for .data
    hal_ext_int_nrf.o(i.GPIOTE_IRQHandler) refers to hal_ext_int_nrf.o(.bss) for .bss
    hal_ext_int_nrf.o(i.GPIOTE_IRQHandler) refers to hal_ext_int_nrf.o(.data) for .data
    hal_ext_int_nrf.o(i.hal_ext_int_deshabilitar_int) refers to hal_ext_int_nrf.o(.bss) for .bss
    hal_ext_int_nrf.o(i.hal_ext_int_habilitar_int) refers to hal_ext_int_nrf.o(.bss) for .bss
    hal_ext_int_nrf.o(i.hal_ext_int_iniciar) refers to hal_ext_int_nrf.o(.data) for .data
    hal_ext_int_nrf.o(i.hal_ext_int_iniciar) refers to hal_ext_int_nrf.o(.bss) for .bss
    arm_startup_nrf52840.o(RESET) refers to arm_startup_nrf52840.o(STACK) for __initial_sp
    arm_startup_nrf52840.o(RESET) refers to arm_startup_nrf52840.o(.text) for Reset_Handler
    arm_startup_nrf52840.o(RESET) refers to hal_ext_int_nrf.o(i.GPIOTE_IRQHandler) for GPIOTE_IRQHandler
    arm_startup_nrf52840.o(RESET) refers to hal_tiempo_nrf.o(i.TIMER0_IRQHandler) for TIMER0_IRQHandler
    arm_startup_nrf52840.o(RESET) refers to hal_tiempo_nrf.o(i.TIMER1_IRQHandler) for TIMER1_IRQHandler
    arm_startup_nrf52840.o(.text) refers to system_nrf52.o(i.SystemInit) for SystemInit
    arm_startup_nrf52840.o(.text) refers to entry.o(.ARM.Collect$$$$00000000) for __main
    system_nrf52.o(i.SystemCoreClockUpdate) refers to system_nrf52.o(.data) for .data
    system_nrf52.o(i.SystemInit) refers to system_nrf52.o(.data) for .data
    entry.o(.ARM.Collect$$$$00000000) refers (Special) to entry10a.o(.ARM.Collect$$$$0000000D) for __rt_final_cpp
    entry.o(.ARM.Collect$$$$00000000) refers (Special) to entry11a.o(.ARM.Collect$$$$0000000F) for __rt_final_exit
    entry.o(.ARM.Collect$$$$00000000) refers (Special) to entry7b.o(.ARM.Collect$$$$00000008) for _main_clock
    entry.o(.ARM.Collect$$$$00000000) refers (Special) to entry8b.o(.ARM.Collect$$$$0000000A) for _main_cpp_init
    entry.o(.ARM.Collect$$$$00000000) refers (Special) to entry9a.o(.ARM.Collect$$$$0000000B) for _main_init
    entry.o(.ARM.Collect$$$$00000000) refers (Special) to entry5.o(.ARM.Collect$$$$00000004) for _main_scatterload
    entry.o(.ARM.Collect$$$$00000000) refers (Special) to entry2.o(.ARM.Collect$$$$00000001) for _main_stk
    uldiv.o(.text) refers to llushr.o(.text) for __aeabi_llsr
    uldiv.o(.text) refers to llshl.o(.text) for __aeabi_llsl
    entry2.o(.ARM.Collect$$$$00000001) refers to entry2.o(.ARM.Collect$$$$00002712) for __lit__00000000
    entry2.o(.ARM.Collect$$$$00002712) refers to arm_startup_nrf52840.o(STACK) for __initial_sp
    entry2.o(__vectab_stack_and_reset_area) refers to arm_startup_nrf52840.o(STACK) for __initial_sp
    entry2.o(__vectab_stack_and_reset_area) refers to entry.o(.ARM.Collect$$$$00000000) for __main
    entry5.o(.ARM.Collect$$$$00000004) refers to init.o(.text) for __scatterload
    entry9a.o(.ARM.Collect$$$$0000000B) refers to main.o(i.main) for main
    entry9b.o(.ARM.Collect$$$$0000000C) refers to main.o(i.main) for main
    init.o(.text) refers to entry5.o(.ARM.Collect$$$$00000004) for __main_after_scatterload


==============================================================================

Removing Unused input sections from the image.

    Removing main.o(i.blink_v1), (44 bytes).
    Removing main.o(i.blink_v2), (38 bytes).
    Removing main.o(i.blink_v3), (32 bytes).
    Removing main.o(i.blink_v3_bis), (88 bytes).
    Removing main.o(i.blink_v4), (68 bytes).
    Removing drv_tiempo.o(i.drv_tiempo_actual_ms), (28 bytes).
    Removing drv_tiempo.o(i.drv_tiempo_esperar_hasta_ms), (56 bytes).
    Removing drv_tiempo.o(i.drv_tiempo_esperar_ms), (56 bytes).
    Removing rt_fifo.o(i.rt_FIFO_estadisticas), (32 bytes).
    Removing rt_fifo.o(i.rt_FIFO_extraer), (96 bytes).
    Removing rt_fifo.o(i.rt_FIFO_llena), (28 bytes).
    Removing rt_fifo.o(i.rt_FIFO_vacia), (20 bytes).
    Removing rt_fifo.o(i.rt_FIFO_vaciar), (16 bytes).
    Removing test_fifo.o(i.test_fifo), (56 bytes).
    Removing rt_ge.o(i.rt_GE_iniciar), (80 bytes).
    Removing rt_ge.o(i.rt_GE_lanzador), (80 bytes).
    Removing rt_ge.o(i.rt_GE_tratar), (48 bytes).
    Removing rt_ge.o(i.svc_GE_cancelar), (48 bytes).
    Removing svc_alarma.o(i.svc_alarma_codificar), (6 bytes).
    Removing svc_alarma.o(i.svc_alarma_iniciar), (68 bytes).
    Removing svc_alarma.o(i.svc_alarma_tratar), (56 bytes).
    Removing hal_gpio_nrf.o(.rev16_text), (4 bytes).
    Removing hal_gpio_nrf.o(.revsh_text), (4 bytes).
    Removing hal_gpio_nrf.o(.rrx_text), (6 bytes).
    Removing hal_gpio_nrf.o(i.hal_gpio_escribir_n), (24 bytes).
    Removing hal_gpio_nrf.o(i.hal_gpio_leer_n), (28 bytes).
    Removing hal_gpio_nrf.o(i.hal_gpio_sentido_n), (152 bytes).
    Removing hal_tiempo_nrf.o(.rev16_text), (4 bytes).
    Removing hal_tiempo_nrf.o(.revsh_text), (4 bytes).
    Removing hal_tiempo_nrf.o(.rrx_text), (6 bytes).
    Removing hal_consumo_nrf.o(.rev16_text), (4 bytes).
    Removing hal_consumo_nrf.o(.revsh_text), (4 bytes).
    Removing hal_consumo_nrf.o(.rrx_text), (6 bytes).
    Removing hal_consumo_nrf.o(i.hal_consumo_iniciar), (2 bytes).
    Removing hal_ext_int_nrf.o(.rev16_text), (4 bytes).
    Removing hal_ext_int_nrf.o(.revsh_text), (4 bytes).
    Removing hal_ext_int_nrf.o(.rrx_text), (6 bytes).
    Removing hal_ext_int_nrf.o(i.hal_ext_int_deshabilitar_despertar), (14 bytes).
    Removing hal_ext_int_nrf.o(i.hal_ext_int_deshabilitar_int), (28 bytes).
    Removing arm_startup_nrf52840.o(HEAP), (16384 bytes).
    Removing system_nrf52.o(.rev16_text), (4 bytes).
    Removing system_nrf52.o(.revsh_text), (4 bytes).
    Removing system_nrf52.o(.rrx_text), (6 bytes).
    Removing system_nrf52.o(i.SystemCoreClockUpdate), (16 bytes).
    Removing system_nrf52.o(i.nvmc_config), (24 bytes).
    Removing system_nrf52.o(i.nvmc_wait), (16 bytes).

46 unused section(s) (total 17802 bytes) removed from the image.

==============================================================================

Image Symbol Table

    Local Symbols

    Symbol Name                              Value     Ov Type        Size  Object(Section)

    RESET                                    0x00000000   Section      512  arm_startup_nrf52840.o(RESET)
    ../clib/microlib/division.c              0x00000000   Number         0  uldiv.o ABSOLUTE
    ../clib/microlib/init/entry.s            0x00000000   Number         0  entry7b.o ABSOLUTE
    ../clib/microlib/init/entry.s            0x00000000   Number         0  entry7a.o ABSOLUTE
    ../clib/microlib/init/entry.s            0x00000000   Number         0  entry10a.o ABSOLUTE
    ../clib/microlib/init/entry.s            0x00000000   Number         0  entry9b.o ABSOLUTE
    ../clib/microlib/init/entry.s            0x00000000   Number         0  entry11a.o ABSOLUTE
    ../clib/microlib/init/entry.s            0x00000000   Number         0  entry5.o ABSOLUTE
    ../clib/microlib/init/entry.s            0x00000000   Number         0  entry10b.o ABSOLUTE
    ../clib/microlib/init/entry.s            0x00000000   Number         0  entry9a.o ABSOLUTE
    ../clib/microlib/init/entry.s            0x00000000   Number         0  entry11b.o ABSOLUTE
    ../clib/microlib/init/entry.s            0x00000000   Number         0  entry8b.o ABSOLUTE
    ../clib/microlib/init/entry.s            0x00000000   Number         0  entry8a.o ABSOLUTE
    ../clib/microlib/init/entry.s            0x00000000   Number         0  entry2.o ABSOLUTE
    ../clib/microlib/init/entry.s            0x00000000   Number         0  entry.o ABSOLUTE
    ../clib/microlib/longlong.c              0x00000000   Number         0  llushr.o ABSOLUTE
    ../clib/microlib/longlong.c              0x00000000   Number         0  llshl.o ABSOLUTE
    ..\..\src\TEST_FIFO.c                    0x00000000   Number         0  test_fifo.o ABSOLUTE
    ..\..\src\drv_botones.c                  0x00000000   Number         0  drv_botones.o ABSOLUTE
    ..\..\src\drv_consumo.c                  0x00000000   Number         0  drv_consumo.o ABSOLUTE
    ..\..\src\drv_leds.c                     0x00000000   Number         0  drv_leds.o ABSOLUTE
    ..\..\src\drv_monitor.c                  0x00000000   Number         0  drv_monitor.o ABSOLUTE
    ..\..\src\drv_tiempo.c                   0x00000000   Number         0  drv_tiempo.o ABSOLUTE
    ..\..\src\main.c                         0x00000000   Number         0  main.o ABSOLUTE
    ..\..\src\rt_GE.c                        0x00000000   Number         0  rt_ge.o ABSOLUTE
    ..\..\src\rt_fifo.c                      0x00000000   Number         0  rt_fifo.o ABSOLUTE
    ..\..\src\svc_alarma.c                   0x00000000   Number         0  svc_alarma.o ABSOLUTE
    ..\\src_nrf\\hal_consumo_nrf.c           0x00000000   Number         0  hal_consumo_nrf.o ABSOLUTE
    ..\\src_nrf\\hal_ext_int_nrf.c           0x00000000   Number         0  hal_ext_int_nrf.o ABSOLUTE
    ..\\src_nrf\\hal_gpio_nrf.c              0x00000000   Number         0  hal_gpio_nrf.o ABSOLUTE
    ..\\src_nrf\\hal_tiempo_nrf.c            0x00000000   Number         0  hal_tiempo_nrf.o ABSOLUTE
    ..\src_nrf\hal_consumo_nrf.c             0x00000000   Number         0  hal_consumo_nrf.o ABSOLUTE
    ..\src_nrf\hal_ext_int_nrf.c             0x00000000   Number         0  hal_ext_int_nrf.o ABSOLUTE
    ..\src_nrf\hal_gpio_nrf.c                0x00000000   Number         0  hal_gpio_nrf.o ABSOLUTE
    ..\src_nrf\hal_tiempo_nrf.c              0x00000000   Number         0  hal_tiempo_nrf.o ABSOLUTE
    RTE\Device\nRF52840_xxAA\arm_startup_nrf52840.s 0x00000000   Number         0  arm_startup_nrf52840.o ABSOLUTE
    RTE\Device\nRF52840_xxAA\system_nrf52.c  0x00000000   Number         0  system_nrf52.o ABSOLUTE
    RTE\\Device\\nRF52840_xxAA\\system_nrf52.c 0x00000000   Number         0  system_nrf52.o ABSOLUTE
    dc.s                                     0x00000000   Number         0  dc.o ABSOLUTE
    handlers.s                               0x00000000   Number         0  handlers.o ABSOLUTE
    init.s                                   0x00000000   Number         0  init.o ABSOLUTE
    .ARM.Collect$$$$00000000                 0x00000200   Section        0  entry.o(.ARM.Collect$$$$00000000)
    .ARM.Collect$$$$00000001                 0x00000200   Section        4  entry2.o(.ARM.Collect$$$$00000001)
    .ARM.Collect$$$$00000004                 0x00000204   Section        4  entry5.o(.ARM.Collect$$$$00000004)
    .ARM.Collect$$$$00000008                 0x00000208   Section        0  entry7b.o(.ARM.Collect$$$$00000008)
    .ARM.Collect$$$$0000000A                 0x00000208   Section        0  entry8b.o(.ARM.Collect$$$$0000000A)
    .ARM.Collect$$$$0000000B                 0x00000208   Section        8  entry9a.o(.ARM.Collect$$$$0000000B)
    .ARM.Collect$$$$0000000D                 0x00000210   Section        0  entry10a.o(.ARM.Collect$$$$0000000D)
    .ARM.Collect$$$$0000000F                 0x00000210   Section        0  entry11a.o(.ARM.Collect$$$$0000000F)
    .ARM.Collect$$$$00002712                 0x00000210   Section        4  entry2.o(.ARM.Collect$$$$00002712)
    __lit__00000000                          0x00000210   Data           4  entry2.o(.ARM.Collect$$$$00002712)
    .text                                    0x00000214   Section       36  arm_startup_nrf52840.o(.text)
    $v0                                      0x00000214   Number         0  arm_startup_nrf52840.o(.text)
    .text                                    0x00000238   Section        0  uldiv.o(.text)
    .text                                    0x0000029a   Section        0  llshl.o(.text)
    .text                                    0x000002b8   Section        0  llushr.o(.text)
    .text                                    0x000002d8   Section       36  init.o(.text)
    i.GPIOTE_IRQHandler                      0x000002fc   Section        0  hal_ext_int_nrf.o(i.GPIOTE_IRQHandler)
    i.SystemInit                             0x000003ac   Section        0  system_nrf52.o(i.SystemInit)
    i.TIMER0_IRQHandler                      0x0000062c   Section        0  hal_tiempo_nrf.o(i.TIMER0_IRQHandler)
    i.TIMER1_IRQHandler                      0x00000650   Section        0  hal_tiempo_nrf.o(i.TIMER1_IRQHandler)
    i.__scatterload_copy                     0x00000674   Section       14  handlers.o(i.__scatterload_copy)
    i.__scatterload_null                     0x00000682   Section        2  handlers.o(i.__scatterload_null)
    i.__scatterload_zeroinit                 0x00000684   Section       14  handlers.o(i.__scatterload_zeroinit)
    i.drv_botones_iniciar                    0x00000694   Section        0  drv_botones.o(i.drv_botones_iniciar)
    i.drv_botones_tratar                     0x000006d8   Section        0  drv_botones.o(i.drv_botones_tratar)
    i.drv_consumo_dormir                     0x0000073c   Section        0  drv_consumo.o(i.drv_consumo_dormir)
    i.drv_consumo_esperar                    0x00000754   Section        0  drv_consumo.o(i.drv_consumo_esperar)
    i.drv_consumo_iniciar                    0x0000076c   Section        0  drv_consumo.o(i.drv_consumo_iniciar)
    i.drv_funcion_callback                   0x00000784   Section        0  drv_tiempo.o(i.drv_funcion_callback)
    i.drv_led_apagar                         0x0000079c   Section        0  drv_leds.o(i.drv_led_apagar)
    i.drv_led_conmutar                       0x000007b8   Section        0  drv_leds.o(i.drv_led_conmutar)
    i.drv_led_encender                       0x000007e0   Section        0  drv_leds.o(i.drv_led_encender)
    i.drv_leds_iniciar                       0x000007fc   Section        0  drv_leds.o(i.drv_leds_iniciar)
    i.drv_monitor_desmarcar                  0x0000082c   Section        0  drv_monitor.o(i.drv_monitor_desmarcar)
    i.drv_monitor_marcar                     0x00000840   Section        0  drv_monitor.o(i.drv_monitor_marcar)
    i.drv_tiempo_actual_us                   0x00000854   Section        0  drv_tiempo.o(i.drv_tiempo_actual_us)
    i.drv_tiempo_iniciar                     0x0000086c   Section        0  drv_tiempo.o(i.drv_tiempo_iniciar)
    i.drv_tiempo_periodico_ms                0x0000087c   Section        0  drv_tiempo.o(i.drv_tiempo_periodico_ms)
    i.drv_tiempo_setMonitor                  0x0000089c   Section        0  drv_tiempo.o(i.drv_tiempo_setMonitor)
    i.hal_consumo_dormir                     0x000008a8   Section        0  hal_consumo_nrf.o(i.hal_consumo_dormir)
    i.hal_consumo_esperar                    0x000008b8   Section        0  hal_consumo_nrf.o(i.hal_consumo_esperar)
    i.hal_ext_int_habilitar_despertar        0x000008bc   Section        0  hal_ext_int_nrf.o(i.hal_ext_int_habilitar_despertar)
    i.hal_ext_int_habilitar_int              0x000008d0   Section        0  hal_ext_int_nrf.o(i.hal_ext_int_habilitar_int)
    i.hal_ext_int_iniciar                    0x000008ec   Section        0  hal_ext_int_nrf.o(i.hal_ext_int_iniciar)
    i.hal_gpio_escribir                      0x0000092c   Section        0  hal_gpio_nrf.o(i.hal_gpio_escribir)
    i.hal_gpio_iniciar                       0x00000948   Section        0  hal_gpio_nrf.o(i.hal_gpio_iniciar)
    i.hal_gpio_leer                          0x00000954   Section        0  hal_gpio_nrf.o(i.hal_gpio_leer)
    i.hal_gpio_sentido                       0x0000096c   Section        0  hal_gpio_nrf.o(i.hal_gpio_sentido)
    i.hal_tiempo_actual_tick                 0x0000099c   Section        0  hal_tiempo_nrf.o(i.hal_tiempo_actual_tick)
    i.hal_tiempo_iniciar_tick                0x000009c0   Section        0  hal_tiempo_nrf.o(i.hal_tiempo_iniciar_tick)
    i.hal_tiempo_reloj_periodico_tick        0x00000a0c   Section        0  hal_tiempo_nrf.o(i.hal_tiempo_reloj_periodico_tick)
    i.main                                   0x00000a70   Section        0  main.o(i.main)
    i.rt_FIFO_encolar                        0x00000ae8   Section        0  rt_fifo.o(i.rt_FIFO_encolar)
    i.rt_FIFO_inicializar                    0x00000b48   Section        0  rt_fifo.o(i.rt_FIFO_inicializar)
    i.svc_GE_suscribir                       0x00000b6c   Section        0  rt_ge.o(i.svc_GE_suscribir)
    i.svc_alarma_activar                     0x00000bb0   Section        0  svc_alarma.o(i.svc_alarma_activar)
    .constdata                               0x00000cdc   Section        4  drv_leds.o(.constdata)
    led_list                                 0x00000cdc   Data           4  drv_leds.o(.constdata)
    .constdata                               0x00000ce0   Section        4  drv_monitor.o(.constdata)
    monitor_list                             0x00000ce0   Data           4  drv_monitor.o(.constdata)
    .constdata                               0x00000ce4   Section        4  drv_botones.o(.constdata)
    button_list                              0x00000ce4   Data           4  drv_botones.o(.constdata)
    .data                                    0x20000000   Section       16  drv_tiempo.o(.data)
    TICKS2US                                 0x20000000   Data           4  drv_tiempo.o(.data)
    parametro_callback                       0x20000004   Data           4  drv_tiempo.o(.data)
    id_monitor                               0x20000008   Data           4  drv_tiempo.o(.data)
    funcion_callback_drv                     0x2000000c   Data           4  drv_tiempo.o(.data)
    .data                                    0x20000010   Section        4  drv_consumo.o(.data)
    id_monitor                               0x20000010   Data           4  drv_consumo.o(.data)
    .data                                    0x20000014   Section       12  rt_fifo.o(.data)
    id_monitor_overflow                      0x20000014   Data           4  rt_fifo.o(.data)
    ultimo_encolado                          0x20000018   Data           4  rt_fifo.o(.data)
    por_desencolar                           0x2000001c   Data           4  rt_fifo.o(.data)
    .data                                    0x20000020   Section        4  rt_ge.o(.data)
    monitor_overflow                         0x20000020   Data           4  rt_ge.o(.data)
    .data                                    0x20000024   Section        8  svc_alarma.o(.data)
    num_alarmas_activas                      0x20000024   Data           1  svc_alarma.o(.data)
    monitor                                  0x20000028   Data           4  svc_alarma.o(.data)
    .data                                    0x2000002c   Section        1  drv_botones.o(.data)
    estado_boton                             0x2000002c   Data           1  drv_botones.o(.data)
    .data                                    0x20000030   Section        8  hal_tiempo_nrf.o(.data)
    timer0_int_count                         0x20000030   Data           4  hal_tiempo_nrf.o(.data)
    f_callback                               0x20000034   Data           4  hal_tiempo_nrf.o(.data)
    .data                                    0x20000038   Section        8  hal_ext_int_nrf.o(.data)
    gpiote_iterator                          0x20000038   Data           4  hal_ext_int_nrf.o(.data)
    callback                                 0x2000003c   Data           4  hal_ext_int_nrf.o(.data)
    .data                                    0x20000040   Section        4  system_nrf52.o(.data)
    __tagsym$$used                           0x20000040   Number         0  system_nrf52.o(.data)
    .bss                                     0x20000048   Section     1040  rt_fifo.o(.bss)
    fifo_array                               0x20000048   Data        1024  rt_fifo.o(.bss)
    counter                                  0x20000448   Data          16  rt_fifo.o(.bss)
    .bss                                     0x20000458   Section       64  rt_ge.o(.bss)
    eventos_suscritos                        0x20000458   Data          64  rt_ge.o(.bss)
    .bss                                     0x20000498   Section       80  svc_alarma.o(.bss)
    alarm_list                               0x20000498   Data          80  svc_alarma.o(.bss)
    .bss                                     0x200004e8   Section      128  hal_ext_int_nrf.o(.bss)
    gpio_to_gpiote                           0x200004e8   Data         128  hal_ext_int_nrf.o(.bss)
    STACK                                    0x20000568   Section    16384  arm_startup_nrf52840.o(STACK)

    Global Symbols

    Symbol Name                              Value     Ov Type        Size  Object(Section)

    BuildAttributes$$THM_ISAv4$E$P$D$K$B$S$7EM$VFPi3$EXTD16$VFPS$VFMA$PE$A:L22UL41UL21$X:L11$S22US41US21$IEEE1$IW$USESV6$~STKCKD$USESV7$~SHL$OTIME$EBA8$MICROLIB$REQ8$PRES8$EABIv2 0x00000000   Number         0  anon$$obj.o ABSOLUTE
    __ARM_use_no_argv                        0x00000000   Number         0  main.o ABSOLUTE
    __Vectors                                0x00000000   Data           4  arm_startup_nrf52840.o(RESET)
    __cpp_initialize__aeabi_                  - Undefined Weak Reference
    __cxa_finalize                            - Undefined Weak Reference
    __decompress                              - Undefined Weak Reference
    _clock_init                               - Undefined Weak Reference
    _microlib_exit                            - Undefined Weak Reference
    __Vectors_End                            0x00000200   Data           0  arm_startup_nrf52840.o(RESET)
    __Vectors_Size                           0x00000200   Number         0  arm_startup_nrf52840.o ABSOLUTE
    __main                                   0x00000201   Thumb Code     0  entry.o(.ARM.Collect$$$$00000000)
    _main_stk                                0x00000201   Thumb Code     0  entry2.o(.ARM.Collect$$$$00000001)
    _main_scatterload                        0x00000205   Thumb Code     0  entry5.o(.ARM.Collect$$$$00000004)
    __main_after_scatterload                 0x00000209   Thumb Code     0  entry5.o(.ARM.Collect$$$$00000004)
    _main_clock                              0x00000209   Thumb Code     0  entry7b.o(.ARM.Collect$$$$00000008)
    _main_cpp_init                           0x00000209   Thumb Code     0  entry8b.o(.ARM.Collect$$$$0000000A)
    _main_init                               0x00000209   Thumb Code     0  entry9a.o(.ARM.Collect$$$$0000000B)
    __rt_final_cpp                           0x00000211   Thumb Code     0  entry10a.o(.ARM.Collect$$$$0000000D)
    __rt_final_exit                          0x00000211   Thumb Code     0  entry11a.o(.ARM.Collect$$$$0000000F)
    Reset_Handler                            0x00000215   Thumb Code     8  arm_startup_nrf52840.o(.text)
    NMI_Handler                              0x0000021d   Thumb Code     2  arm_startup_nrf52840.o(.text)
    HardFault_Handler                        0x0000021f   Thumb Code     2  arm_startup_nrf52840.o(.text)
    MemoryManagement_Handler                 0x00000221   Thumb Code     2  arm_startup_nrf52840.o(.text)
    BusFault_Handler                         0x00000223   Thumb Code     2  arm_startup_nrf52840.o(.text)
    UsageFault_Handler                       0x00000225   Thumb Code     2  arm_startup_nrf52840.o(.text)
    SVC_Handler                              0x00000227   Thumb Code     2  arm_startup_nrf52840.o(.text)
    DebugMon_Handler                         0x00000229   Thumb Code     2  arm_startup_nrf52840.o(.text)
    PendSV_Handler                           0x0000022b   Thumb Code     2  arm_startup_nrf52840.o(.text)
    SysTick_Handler                          0x0000022d   Thumb Code     2  arm_startup_nrf52840.o(.text)
    CCM_AAR_IRQHandler                       0x0000022f   Thumb Code     0  arm_startup_nrf52840.o(.text)
    COMP_LPCOMP_IRQHandler                   0x0000022f   Thumb Code     0  arm_startup_nrf52840.o(.text)
    CRYPTOCELL_IRQHandler                    0x0000022f   Thumb Code     0  arm_startup_nrf52840.o(.text)
    ECB_IRQHandler                           0x0000022f   Thumb Code     0  arm_startup_nrf52840.o(.text)
    FPU_IRQHandler                           0x0000022f   Thumb Code     0  arm_startup_nrf52840.o(.text)
    I2S_IRQHandler                           0x0000022f   Thumb Code     0  arm_startup_nrf52840.o(.text)
    MWU_IRQHandler                           0x0000022f   Thumb Code     0  arm_startup_nrf52840.o(.text)
    NFCT_IRQHandler                          0x0000022f   Thumb Code     0  arm_startup_nrf52840.o(.text)
    PDM_IRQHandler                           0x0000022f   Thumb Code     0  arm_startup_nrf52840.o(.text)
    POWER_CLOCK_IRQHandler                   0x0000022f   Thumb Code     0  arm_startup_nrf52840.o(.text)
    PWM0_IRQHandler                          0x0000022f   Thumb Code     0  arm_startup_nrf52840.o(.text)
    PWM1_IRQHandler                          0x0000022f   Thumb Code     0  arm_startup_nrf52840.o(.text)
    PWM2_IRQHandler                          0x0000022f   Thumb Code     0  arm_startup_nrf52840.o(.text)
    PWM3_IRQHandler                          0x0000022f   Thumb Code     0  arm_startup_nrf52840.o(.text)
    QDEC_IRQHandler                          0x0000022f   Thumb Code     0  arm_startup_nrf52840.o(.text)
    QSPI_IRQHandler                          0x0000022f   Thumb Code     0  arm_startup_nrf52840.o(.text)
    RADIO_IRQHandler                         0x0000022f   Thumb Code     0  arm_startup_nrf52840.o(.text)
    RNG_IRQHandler                           0x0000022f   Thumb Code     0  arm_startup_nrf52840.o(.text)
    RTC0_IRQHandler                          0x0000022f   Thumb Code     0  arm_startup_nrf52840.o(.text)
    RTC1_IRQHandler                          0x0000022f   Thumb Code     0  arm_startup_nrf52840.o(.text)
    RTC2_IRQHandler                          0x0000022f   Thumb Code     0  arm_startup_nrf52840.o(.text)
    SAADC_IRQHandler                         0x0000022f   Thumb Code     0  arm_startup_nrf52840.o(.text)
    SPIM0_SPIS0_TWIM0_TWIS0_SPI0_TWI0_IRQHandler 0x0000022f   Thumb Code     0  arm_startup_nrf52840.o(.text)
    SPIM1_SPIS1_TWIM1_TWIS1_SPI1_TWI1_IRQHandler 0x0000022f   Thumb Code     0  arm_startup_nrf52840.o(.text)
    SPIM2_SPIS2_SPI2_IRQHandler              0x0000022f   Thumb Code     0  arm_startup_nrf52840.o(.text)
    SPIM3_IRQHandler                         0x0000022f   Thumb Code     0  arm_startup_nrf52840.o(.text)
    SWI0_EGU0_IRQHandler                     0x0000022f   Thumb Code     0  arm_startup_nrf52840.o(.text)
    SWI1_EGU1_IRQHandler                     0x0000022f   Thumb Code     0  arm_startup_nrf52840.o(.text)
    SWI2_EGU2_IRQHandler                     0x0000022f   Thumb Code     0  arm_startup_nrf52840.o(.text)
    SWI3_EGU3_IRQHandler                     0x0000022f   Thumb Code     0  arm_startup_nrf52840.o(.text)
    SWI4_EGU4_IRQHandler                     0x0000022f   Thumb Code     0  arm_startup_nrf52840.o(.text)
    SWI5_EGU5_IRQHandler                     0x0000022f   Thumb Code     0  arm_startup_nrf52840.o(.text)
    TEMP_IRQHandler                          0x0000022f   Thumb Code     0  arm_startup_nrf52840.o(.text)
    TIMER2_IRQHandler                        0x0000022f   Thumb Code     0  arm_startup_nrf52840.o(.text)
    TIMER3_IRQHandler                        0x0000022f   Thumb Code     0  arm_startup_nrf52840.o(.text)
    TIMER4_IRQHandler                        0x0000022f   Thumb Code     0  arm_startup_nrf52840.o(.text)
    UARTE0_UART0_IRQHandler                  0x0000022f   Thumb Code     0  arm_startup_nrf52840.o(.text)
    UARTE1_IRQHandler                        0x0000022f   Thumb Code     0  arm_startup_nrf52840.o(.text)
    USBD_IRQHandler                          0x0000022f   Thumb Code     0  arm_startup_nrf52840.o(.text)
    WDT_IRQHandler                           0x0000022f   Thumb Code     0  arm_startup_nrf52840.o(.text)
    __aeabi_uldivmod                         0x00000239   Thumb Code    98  uldiv.o(.text)
    __aeabi_llsl                             0x0000029b   Thumb Code    30  llshl.o(.text)
    _ll_shift_l                              0x0000029b   Thumb Code     0  llshl.o(.text)
    __aeabi_llsr                             0x000002b9   Thumb Code    32  llushr.o(.text)
    _ll_ushift_r                             0x000002b9   Thumb Code     0  llushr.o(.text)
    __scatterload                            0x000002d9   Thumb Code    28  init.o(.text)
    __scatterload_rt2                        0x000002d9   Thumb Code     0  init.o(.text)
    GPIOTE_IRQHandler                        0x000002fd   Thumb Code   162  hal_ext_int_nrf.o(i.GPIOTE_IRQHandler)
    SystemInit                               0x000003ad   Thumb Code   500  system_nrf52.o(i.SystemInit)
    TIMER0_IRQHandler                        0x0000062d   Thumb Code    26  hal_tiempo_nrf.o(i.TIMER0_IRQHandler)
    TIMER1_IRQHandler                        0x00000651   Thumb Code    26  hal_tiempo_nrf.o(i.TIMER1_IRQHandler)
    __scatterload_copy                       0x00000675   Thumb Code    14  handlers.o(i.__scatterload_copy)
    __scatterload_null                       0x00000683   Thumb Code     2  handlers.o(i.__scatterload_null)
    __scatterload_zeroinit                   0x00000685   Thumb Code    14  handlers.o(i.__scatterload_zeroinit)
    drv_botones_iniciar                      0x00000695   Thumb Code    60  drv_botones.o(i.drv_botones_iniciar)
    drv_botones_tratar                       0x000006d9   Thumb Code    94  drv_botones.o(i.drv_botones_tratar)
    drv_consumo_dormir                       0x0000073d   Thumb Code    18  drv_consumo.o(i.drv_consumo_dormir)
    drv_consumo_esperar                      0x00000755   Thumb Code    18  drv_consumo.o(i.drv_consumo_esperar)
    drv_consumo_iniciar                      0x0000076d   Thumb Code    20  drv_consumo.o(i.drv_consumo_iniciar)
    drv_funcion_callback                     0x00000785   Thumb Code    20  drv_tiempo.o(i.drv_funcion_callback)
    drv_led_apagar                           0x0000079d   Thumb Code    24  drv_leds.o(i.drv_led_apagar)
    drv_led_conmutar                         0x000007b9   Thumb Code    36  drv_leds.o(i.drv_led_conmutar)
    drv_led_encender                         0x000007e1   Thumb Code    22  drv_leds.o(i.drv_led_encender)
    drv_leds_iniciar                         0x000007fd   Thumb Code    44  drv_leds.o(i.drv_leds_iniciar)
    drv_monitor_desmarcar                    0x0000082d   Thumb Code    16  drv_monitor.o(i.drv_monitor_desmarcar)
    drv_monitor_marcar                       0x00000841   Thumb Code    14  drv_monitor.o(i.drv_monitor_marcar)
    drv_tiempo_actual_us                     0x00000855   Thumb Code    18  drv_tiempo.o(i.drv_tiempo_actual_us)
    drv_tiempo_iniciar                       0x0000086d   Thumb Code    12  drv_tiempo.o(i.drv_tiempo_iniciar)
    drv_tiempo_periodico_ms                  0x0000087d   Thumb Code    22  drv_tiempo.o(i.drv_tiempo_periodico_ms)
    drv_tiempo_setMonitor                    0x0000089d   Thumb Code     6  drv_tiempo.o(i.drv_tiempo_setMonitor)
    hal_consumo_dormir                       0x000008a9   Thumb Code    10  hal_consumo_nrf.o(i.hal_consumo_dormir)
    hal_consumo_esperar                      0x000008b9   Thumb Code     4  hal_consumo_nrf.o(i.hal_consumo_esperar)
    hal_ext_int_habilitar_despertar          0x000008bd   Thumb Code    14  hal_ext_int_nrf.o(i.hal_ext_int_habilitar_despertar)
    hal_ext_int_habilitar_int                0x000008d1   Thumb Code    20  hal_ext_int_nrf.o(i.hal_ext_int_habilitar_int)
    hal_ext_int_iniciar                      0x000008ed   Thumb Code    52  hal_ext_int_nrf.o(i.hal_ext_int_iniciar)
    hal_gpio_escribir                        0x0000092d   Thumb Code    20  hal_gpio_nrf.o(i.hal_gpio_escribir)
    hal_gpio_iniciar                         0x00000949   Thumb Code     8  hal_gpio_nrf.o(i.hal_gpio_iniciar)
    hal_gpio_leer                            0x00000955   Thumb Code    18  hal_gpio_nrf.o(i.hal_gpio_leer)
    hal_gpio_sentido                         0x0000096d   Thumb Code    38  hal_gpio_nrf.o(i.hal_gpio_sentido)
    hal_tiempo_actual_tick                   0x0000099d   Thumb Code    24  hal_tiempo_nrf.o(i.hal_tiempo_actual_tick)
    hal_tiempo_iniciar_tick                  0x000009c1   Thumb Code    56  hal_tiempo_nrf.o(i.hal_tiempo_iniciar_tick)
    hal_tiempo_reloj_periodico_tick          0x00000a0d   Thumb Code    76  hal_tiempo_nrf.o(i.hal_tiempo_reloj_periodico_tick)
    main                                     0x00000a71   Thumb Code   112  main.o(i.main)
    rt_FIFO_encolar                          0x00000ae9   Thumb Code    84  rt_fifo.o(i.rt_FIFO_encolar)
    rt_FIFO_inicializar                      0x00000b49   Thumb Code    26  rt_fifo.o(i.rt_FIFO_inicializar)
    svc_GE_suscribir                         0x00000b6d   Thumb Code    58  rt_ge.o(i.svc_GE_suscribir)
    svc_alarma_activar                       0x00000bb1   Thumb Code   290  svc_alarma.o(i.svc_alarma_activar)
    Region$$Table$$Base                      0x00000ce8   Number         0  anon$$obj.o(Region$$Table)
    Region$$Table$$Limit                     0x00000d08   Number         0  anon$$obj.o(Region$$Table)
    SystemCoreClock                          0x20000040   Data           4  system_nrf52.o(.data)
    __initial_sp                             0x20004568   Data           0  arm_startup_nrf52840.o(STACK)



==============================================================================

Memory Map of the image

  Image Entry point : 0x00000215

  Load Region LR_1 (Base: 0x00000000, Size: 0x00000d4c, Max: 0xffffffff, ABSOLUTE)

    Execution Region ER_RO (Exec base: 0x00000000, Load base: 0x00000000, Size: 0x00000d08, Max: 0xffffffff, ABSOLUTE)

    Exec Addr    Load Addr    Size         Type   Attr      Idx    E Section Name        Object

    0x00000000   0x00000000   0x00000200   Data   RO          674    RESET               arm_startup_nrf52840.o
    0x00000200   0x00000200   0x00000000   Code   RO          744  * .ARM.Collect$$$$00000000  mc_w.l(entry.o)
    0x00000200   0x00000200   0x00000004   Code   RO          749    .ARM.Collect$$$$00000001  mc_w.l(entry2.o)
    0x00000204   0x00000204   0x00000004   Code   RO          752    .ARM.Collect$$$$00000004  mc_w.l(entry5.o)
    0x00000208   0x00000208   0x00000000   Code   RO          754    .ARM.Collect$$$$00000008  mc_w.l(entry7b.o)
    0x00000208   0x00000208   0x00000000   Code   RO          756    .ARM.Collect$$$$0000000A  mc_w.l(entry8b.o)
    0x00000208   0x00000208   0x00000008   Code   RO          757    .ARM.Collect$$$$0000000B  mc_w.l(entry9a.o)
    0x00000210   0x00000210   0x00000000   Code   RO          759    .ARM.Collect$$$$0000000D  mc_w.l(entry10a.o)
    0x00000210   0x00000210   0x00000000   Code   RO          761    .ARM.Collect$$$$0000000F  mc_w.l(entry11a.o)
    0x00000210   0x00000210   0x00000004   Code   RO          750    .ARM.Collect$$$$00002712  mc_w.l(entry2.o)
    0x00000214   0x00000214   0x00000024   Code   RO          675  * .text               arm_startup_nrf52840.o
    0x00000238   0x00000238   0x00000062   Code   RO          747    .text               mc_w.l(uldiv.o)
    0x0000029a   0x0000029a   0x0000001e   Code   RO          763    .text               mc_w.l(llshl.o)
    0x000002b8   0x000002b8   0x00000020   Code   RO          765    .text               mc_w.l(llushr.o)
    0x000002d8   0x000002d8   0x00000024   Code   RO          767    .text               mc_w.l(init.o)
    0x000002fc   0x000002fc   0x000000b0   Code   RO          612    i.GPIOTE_IRQHandler  hal_ext_int_nrf.o
    0x000003ac   0x000003ac   0x00000280   Code   RO          683    i.SystemInit        system_nrf52.o
    0x0000062c   0x0000062c   0x00000024   Code   RO          516    i.TIMER0_IRQHandler  hal_tiempo_nrf.o
    0x00000650   0x00000650   0x00000024   Code   RO          517    i.TIMER1_IRQHandler  hal_tiempo_nrf.o
    0x00000674   0x00000674   0x0000000e   Code   RO          771    i.__scatterload_copy  mc_w.l(handlers.o)
    0x00000682   0x00000682   0x00000002   Code   RO          772    i.__scatterload_null  mc_w.l(handlers.o)
    0x00000684   0x00000684   0x0000000e   Code   RO          773    i.__scatterload_zeroinit  mc_w.l(handlers.o)
    0x00000692   0x00000692   0x00000002   PAD
    0x00000694   0x00000694   0x00000044   Code   RO          387    i.drv_botones_iniciar  drv_botones.o
    0x000006d8   0x000006d8   0x00000064   Code   RO          388    i.drv_botones_tratar  drv_botones.o
    0x0000073c   0x0000073c   0x00000018   Code   RO          178    i.drv_consumo_dormir  drv_consumo.o
    0x00000754   0x00000754   0x00000018   Code   RO          179    i.drv_consumo_esperar  drv_consumo.o
    0x0000076c   0x0000076c   0x00000018   Code   RO          180    i.drv_consumo_iniciar  drv_consumo.o
    0x00000784   0x00000784   0x00000018   Code   RO          113    i.drv_funcion_callback  drv_tiempo.o
    0x0000079c   0x0000079c   0x0000001c   Code   RO           75    i.drv_led_apagar    drv_leds.o
    0x000007b8   0x000007b8   0x00000028   Code   RO           76    i.drv_led_conmutar  drv_leds.o
    0x000007e0   0x000007e0   0x0000001c   Code   RO           77    i.drv_led_encender  drv_leds.o
    0x000007fc   0x000007fc   0x00000030   Code   RO           78    i.drv_leds_iniciar  drv_leds.o
    0x0000082c   0x0000082c   0x00000014   Code   RO          213    i.drv_monitor_desmarcar  drv_monitor.o
    0x00000840   0x00000840   0x00000014   Code   RO          214    i.drv_monitor_marcar  drv_monitor.o
    0x00000854   0x00000854   0x00000018   Code   RO          115    i.drv_tiempo_actual_us  drv_tiempo.o
    0x0000086c   0x0000086c   0x00000010   Code   RO          118    i.drv_tiempo_iniciar  drv_tiempo.o
    0x0000087c   0x0000087c   0x00000020   Code   RO          119    i.drv_tiempo_periodico_ms  drv_tiempo.o
    0x0000089c   0x0000089c   0x0000000c   Code   RO          120    i.drv_tiempo_setMonitor  drv_tiempo.o
    0x000008a8   0x000008a8   0x00000010   Code   RO          573    i.hal_consumo_dormir  hal_consumo_nrf.o
    0x000008b8   0x000008b8   0x00000004   Code   RO          574    i.hal_consumo_esperar  hal_consumo_nrf.o
    0x000008bc   0x000008bc   0x00000014   Code   RO          615    i.hal_ext_int_habilitar_despertar  hal_ext_int_nrf.o
    0x000008d0   0x000008d0   0x0000001c   Code   RO          616    i.hal_ext_int_habilitar_int  hal_ext_int_nrf.o
    0x000008ec   0x000008ec   0x00000040   Code   RO          617    i.hal_ext_int_iniciar  hal_ext_int_nrf.o
    0x0000092c   0x0000092c   0x0000001c   Code   RO          414    i.hal_gpio_escribir  hal_gpio_nrf.o
    0x00000948   0x00000948   0x0000000c   Code   RO          416    i.hal_gpio_iniciar  hal_gpio_nrf.o
    0x00000954   0x00000954   0x00000018   Code   RO          417    i.hal_gpio_leer     hal_gpio_nrf.o
    0x0000096c   0x0000096c   0x00000030   Code   RO          419    i.hal_gpio_sentido  hal_gpio_nrf.o
    0x0000099c   0x0000099c   0x00000024   Code   RO          518    i.hal_tiempo_actual_tick  hal_tiempo_nrf.o
    0x000009c0   0x000009c0   0x0000004c   Code   RO          519    i.hal_tiempo_iniciar_tick  hal_tiempo_nrf.o
    0x00000a0c   0x00000a0c   0x00000064   Code   RO          520    i.hal_tiempo_reloj_periodico_tick  hal_tiempo_nrf.o
    0x00000a70   0x00000a70   0x00000078   Code   RO            6    i.main              main.o
    0x00000ae8   0x00000ae8   0x00000060   Code   RO          233    i.rt_FIFO_encolar   rt_fifo.o
    0x00000b48   0x00000b48   0x00000024   Code   RO          236    i.rt_FIFO_inicializar  rt_fifo.o
    0x00000b6c   0x00000b6c   0x00000044   Code   RO          310    i.svc_GE_suscribir  rt_ge.o
    0x00000bb0   0x00000bb0   0x0000012c   Code   RO          354    i.svc_alarma_activar  svc_alarma.o
    0x00000cdc   0x00000cdc   0x00000004   Data   RO           79    .constdata          drv_leds.o
    0x00000ce0   0x00000ce0   0x00000004   Data   RO          215    .constdata          drv_monitor.o
    0x00000ce4   0x00000ce4   0x00000004   Data   RO          389    .constdata          drv_botones.o
    0x00000ce8   0x00000ce8   0x00000020   Data   RO          769    Region$$Table       anon$$obj.o


    Execution Region ER_RW (Exec base: 0x20000000, Load base: 0x00000d08, Size: 0x00000044, Max: 0xffffffff, ABSOLUTE)

    Exec Addr    Load Addr    Size         Type   Attr      Idx    E Section Name        Object

    0x20000000   0x00000d08   0x00000010   Data   RW          121    .data               drv_tiempo.o
    0x20000010   0x00000d18   0x00000004   Data   RW          181    .data               drv_consumo.o
    0x20000014   0x00000d1c   0x0000000c   Data   RW          241    .data               rt_fifo.o
    0x20000020   0x00000d28   0x00000004   Data   RW          312    .data               rt_ge.o
    0x20000024   0x00000d2c   0x00000008   Data   RW          359    .data               svc_alarma.o
    0x2000002c   0x00000d34   0x00000001   Data   RW          390    .data               drv_botones.o
    0x2000002d   0x00000d35   0x00000003   PAD
    0x20000030   0x00000d38   0x00000008   Data   RW          521    .data               hal_tiempo_nrf.o
    0x20000038   0x00000d40   0x00000008   Data   RW          619    .data               hal_ext_int_nrf.o
    0x20000040   0x00000d48   0x00000004   Data   RW          686    .data               system_nrf52.o


    Execution Region ER_ZI (Exec base: 0x20000044, Load base: 0x00000d4c, Size: 0x00004524, Max: 0xffffffff, ABSOLUTE)

    Exec Addr    Load Addr    Size         Type   Attr      Idx    E Section Name        Object

    0x20000044   0x00000d4c   0x00000004   PAD
    0x20000048        -       0x00000410   Zero   RW          240    .bss                rt_fifo.o
    0x20000458        -       0x00000040   Zero   RW          311    .bss                rt_ge.o
    0x20000498        -       0x00000050   Zero   RW          358    .bss                svc_alarma.o
    0x200004e8        -       0x00000080   Zero   RW          618    .bss                hal_ext_int_nrf.o
    0x20000568        -       0x00004000   Zero   RW          672    STACK               arm_startup_nrf52840.o


==============================================================================

Image component sizes


      Code (inc. data)   RO Data    RW Data    ZI Data      Debug   Object Name

        36          8        512          0      16384        968   arm_startup_nrf52840.o
       168         14          4          1          0       2611   drv_botones.o
        72         16          0          4          0       2161   drv_consumo.o
       144         18          4          0          0       3422   drv_leds.o
        40         10          4          0          0       2029   drv_monitor.o
       108         30          0         16          0       4644   drv_tiempo.o
        20          6          0          0          0       1163   hal_consumo_nrf.o
       288         40          0          8        128       3796   hal_ext_int_nrf.o
       112         28          0          0          0      38270   hal_gpio_nrf.o
       284         76          0          8          0      34640   hal_tiempo_nrf.o
       120          8          0          0          0       6862   main.o
       132         22          0         12       1040       3248   rt_fifo.o
        68         10          0          4         64       2287   rt_ge.o
       300         10          0          8         80       2081   svc_alarma.o
       640        140          0          4          0      62116   system_nrf52.o

    ----------------------------------------------------------------------
      2532        436        556         68      17700     170298   Object Totals
         0          0         32          0          0          0   (incl. Generated)
         0          0          0          3          4          0   (incl. Padding)

    ----------------------------------------------------------------------

      Code (inc. data)   RO Data    RW Data    ZI Data      Debug   Library Member Name

         0          0          0          0          0          0   entry.o
         0          0          0          0          0          0   entry10a.o
         0          0          0          0          0          0   entry11a.o
         8          4          0          0          0          0   entry2.o
         4          0          0          0          0          0   entry5.o
         0          0          0          0          0          0   entry7b.o
         0          0          0          0          0          0   entry8b.o
         8          4          0          0          0          0   entry9a.o
        30          0          0          0          0          0   handlers.o
        36          8          0          0          0         68   init.o
        30          0          0          0          0         68   llshl.o
        32          0          0          0          0         68   llushr.o
        98          0          0          0          0         92   uldiv.o

    ----------------------------------------------------------------------
       248         16          0          0          0        296   Library Totals
         2          0          0          0          0          0   (incl. Padding)

    ----------------------------------------------------------------------

      Code (inc. data)   RO Data    RW Data    ZI Data      Debug   Library Name

       246         16          0          0          0        296   mc_w.l

    ----------------------------------------------------------------------
       248         16          0          0          0        296   Library Totals

    ----------------------------------------------------------------------

==============================================================================


      Code (inc. data)   RO Data    RW Data    ZI Data      Debug   

      2780        452        556         68      17700     167646   Grand Totals
      2780        452        556         68      17700     167646   ELF Image Totals
      2780        452        556         68          0          0   ROM Totals

==============================================================================

    Total RO  Size (Code + RO Data)                 3336 (   3.26kB)
    Total RW  Size (RW Data + ZI Data)             17768 (  17.35kB)
    Total ROM Size (Code + RO Data + RW Data)       3404 (   3.32kB)

==============================================================================

