Component: ARM Compiler 5.06 update 6 (build 750) Tool: armlink [4d35ed]

==============================================================================

Section Cross References

    main.o(i.bit_counter_strike) refers to rt_ge.o(i.svc_GE_suscribir) for svc_GE_suscribir
    main.o(i.bit_counter_strike) refers to svc_alarma.o(i.svc_alarma_codificar) for svc_alarma_codificar
    main.o(i.bit_counter_strike) refers to svc_alarma.o(i.svc_alarma_activar) for svc_alarma_activar
    main.o(i.bit_counter_strike) refers to rt_ge.o(i.rt_GE_lanzador) for rt_GE_lanzador
    main.o(i.bit_counter_strike) refers to main.o(i.boton_pulsar_counter_strike) for boton_pulsar_counter_strike
    main.o(i.bit_counter_strike) refers to main.o(i.siguienteLed) for siguienteLed
    main.o(i.blink_v3_bis) refers to rt_fifo.o(i.rt_FIFO_inicializar) for rt_FIFO_inicializar
    main.o(i.blink_v3_bis) refers to drv_consumo.o(i.drv_consumo_iniciar) for drv_consumo_iniciar
    main.o(i.blink_v3_bis) refers to drv_tiempo.o(i.drv_tiempo_periodico_ms) for drv_tiempo_periodico_ms
    main.o(i.blink_v3_bis) refers to drv_botones.o(i.drv_botones_iniciar) for drv_botones_iniciar
    main.o(i.blink_v3_bis) refers to drv_consumo.o(i.drv_consumo_esperar) for drv_consumo_esperar
    main.o(i.blink_v3_bis) refers to drv_leds.o(i.drv_led_apagar) for drv_led_apagar
    main.o(i.blink_v3_bis) refers to drv_consumo.o(i.drv_consumo_dormir) for drv_consumo_dormir
    main.o(i.blink_v3_bis) refers to drv_leds.o(i.drv_led_encender) for drv_led_encender
    main.o(i.blink_v3_bis) refers to drv_leds.o(i.drv_led_conmutar) for drv_led_conmutar
    main.o(i.blink_v3_bis) refers to rt_fifo.o(i.rt_FIFO_encolar) for rt_FIFO_encolar
    main.o(i.boton_pulsar_counter_strike) refers to drv_leds.o(i.drv_led_apagar) for drv_led_apagar
    main.o(i.boton_pulsar_counter_strike) refers to svc_alarma.o(i.svc_alarma_codificar) for svc_alarma_codificar
    main.o(i.boton_pulsar_counter_strike) refers to svc_alarma.o(i.svc_alarma_activar) for svc_alarma_activar
    main.o(i.boton_pulsar_counter_strike) refers to main.o(.data) for id_led
    main.o(i.main) refers to hal_gpio_nrf.o(i.hal_gpio_iniciar) for hal_gpio_iniciar
    main.o(i.main) refers to drv_leds.o(i.drv_leds_iniciar) for drv_leds_iniciar
    main.o(i.main) refers to rt_ge.o(i.rt_GE_iniciar) for rt_GE_iniciar
    main.o(i.main) refers to drv_tiempo.o(i.drv_tiempo_iniciar) for drv_tiempo_iniciar
    main.o(i.main) refers to drv_wtd.o(i.drv_WDT_iniciar) for drv_WDT_iniciar
    main.o(i.main) refers to drv_consumo.o(i.drv_consumo_iniciar) for drv_consumo_iniciar
    main.o(i.main) refers to drv_botones.o(i.drv_botones_iniciar) for drv_botones_iniciar
    main.o(i.main) refers to svc_alarma.o(i.svc_alarma_iniciar) for svc_alarma_iniciar
    main.o(i.main) refers to main.o(i.bit_counter_strike) for bit_counter_strike
    main.o(i.main) refers to rt_fifo.o(i.rt_FIFO_encolar) for rt_FIFO_encolar
    main.o(i.siguienteLed) refers to drv_leds.o(i.drv_led_apagar) for drv_led_apagar
    main.o(i.siguienteLed) refers to drv_leds.o(i.drv_led_encender) for drv_led_encender
    main.o(i.siguienteLed) refers to main.o(.data) for id_led
    drv_leds.o(i.drv_led_apagar) refers to hal_gpio_nrf.o(i.hal_gpio_escribir) for hal_gpio_escribir
    drv_leds.o(i.drv_led_apagar) refers to drv_leds.o(.constdata) for led_list
    drv_leds.o(i.drv_led_conmutar) refers to hal_gpio_nrf.o(i.hal_gpio_leer) for hal_gpio_leer
    drv_leds.o(i.drv_led_conmutar) refers to hal_gpio_nrf.o(i.hal_gpio_escribir) for hal_gpio_escribir
    drv_leds.o(i.drv_led_conmutar) refers to drv_leds.o(.constdata) for led_list
    drv_leds.o(i.drv_led_encender) refers to hal_gpio_nrf.o(i.hal_gpio_escribir) for hal_gpio_escribir
    drv_leds.o(i.drv_led_encender) refers to drv_leds.o(.constdata) for led_list
    drv_leds.o(i.drv_leds_iniciar) refers to hal_gpio_nrf.o(i.hal_gpio_sentido) for hal_gpio_sentido
    drv_leds.o(i.drv_leds_iniciar) refers to drv_leds.o(i.drv_led_apagar) for drv_led_apagar
    drv_leds.o(i.drv_leds_iniciar) refers to drv_leds.o(.constdata) for led_list
    drv_tiempo.o(i.drv_funcion_callback) refers to drv_monitor.o(i.drv_monitor_marcar) for drv_monitor_marcar
    drv_tiempo.o(i.drv_funcion_callback) refers to drv_tiempo.o(.data) for parametro_callback
    drv_tiempo.o(i.drv_tiempo_actual_ms) refers to hal_tiempo_nrf.o(i.hal_tiempo_actual_tick) for hal_tiempo_actual_tick
    drv_tiempo.o(i.drv_tiempo_actual_ms) refers to uldiv.o(.text) for __aeabi_uldivmod
    drv_tiempo.o(i.drv_tiempo_actual_ms) refers to drv_tiempo.o(.data) for TICKS2US
    drv_tiempo.o(i.drv_tiempo_actual_us) refers to hal_tiempo_nrf.o(i.hal_tiempo_actual_tick) for hal_tiempo_actual_tick
    drv_tiempo.o(i.drv_tiempo_actual_us) refers to uldiv.o(.text) for __aeabi_uldivmod
    drv_tiempo.o(i.drv_tiempo_actual_us) refers to drv_tiempo.o(.data) for TICKS2US
    drv_tiempo.o(i.drv_tiempo_esperar_hasta_ms) refers to drv_tiempo.o(i.drv_tiempo_actual_ms) for drv_tiempo_actual_ms
[...]
    hal_tiempo_nrf.o(i.hal_tiempo_iniciar_tick) refers to hal_tiempo_nrf.o(i.__NVIC_EnableIRQ) for __NVIC_EnableIRQ
    hal_tiempo_nrf.o(i.hal_tiempo_iniciar_tick) refers to hal_tiempo_nrf.o(.data) for timer0_int_count
    hal_tiempo_nrf.o(i.hal_tiempo_reloj_periodico_tick) refers to hal_tiempo_nrf.o(i.__NVIC_EnableIRQ) for __NVIC_EnableIRQ
    hal_tiempo_nrf.o(i.hal_tiempo_reloj_periodico_tick) refers to hal_tiempo_nrf.o(.data) for f_callback
    hal_ext_int_nrf.o(i.GPIOTE_IRQHandler) refers to hal_ext_int_nrf.o(i.hal_ext_int_deshabilitar_int) for hal_ext_int_deshabilitar_int
    hal_ext_int_nrf.o(i.GPIOTE_IRQHandler) refers to hal_ext_int_nrf.o(.bss) for gpio_to_gpiote
    hal_ext_int_nrf.o(i.GPIOTE_IRQHandler) refers to hal_ext_int_nrf.o(.data) for callback
    hal_ext_int_nrf.o(i.hal_ext_int_deshabilitar_int) refers to hal_ext_int_nrf.o(.bss) for gpio_to_gpiote
    hal_ext_int_nrf.o(i.hal_ext_int_habilitar_int) refers to hal_ext_int_nrf.o(.bss) for gpio_to_gpiote
    hal_ext_int_nrf.o(i.hal_ext_int_iniciar) refers to hal_ext_int_nrf.o(.data) for callback
    hal_ext_int_nrf.o(i.hal_ext_int_iniciar) refers to hal_ext_int_nrf.o(.bss) for gpio_to_gpiote
    arm_startup_nrf52840.o(RESET) refers to arm_startup_nrf52840.o(STACK) for __initial_sp
    arm_startup_nrf52840.o(RESET) refers to arm_startup_nrf52840.o(.text) for Reset_Handler
    arm_startup_nrf52840.o(RESET) refers to hal_ext_int_nrf.o(i.GPIOTE_IRQHandler) for GPIOTE_IRQHandler
    arm_startup_nrf52840.o(RESET) refers to hal_tiempo_nrf.o(i.TIMER0_IRQHandler) for TIMER0_IRQHandler
    arm_startup_nrf52840.o(RESET) refers to hal_tiempo_nrf.o(i.TIMER1_IRQHandler) for TIMER1_IRQHandler
    arm_startup_nrf52840.o(.text) refers to system_nrf52.o(i.SystemInit) for SystemInit
    arm_startup_nrf52840.o(.text) refers to entry.o(.ARM.Collect$$$$00000000) for __main
    system_nrf52.o(i.SystemCoreClockUpdate) refers to system_nrf52.o(.data) for SystemCoreClock
    system_nrf52.o(i.SystemInit) refers to system_nrf52.o(i.nrf52_errata_36) for nrf52_errata_36
    system_nrf52.o(i.SystemInit) refers to system_nrf52.o(i.nrf52_errata_66) for nrf52_errata_66
    system_nrf52.o(i.SystemInit) refers to system_nrf52.o(i.nrf52_errata_98) for nrf52_errata_98
    system_nrf52.o(i.SystemInit) refers to system_nrf52.o(i.nrf52_errata_103) for nrf52_errata_103
    system_nrf52.o(i.SystemInit) refers to system_nrf52.o(i.nrf52_errata_115) for nrf52_errata_115
    system_nrf52.o(i.SystemInit) refers to system_nrf52.o(i.nrf52_errata_120) for nrf52_errata_120
    system_nrf52.o(i.SystemInit) refers to system_nrf52.o(i.nrf52_errata_136) for nrf52_errata_136
    system_nrf52.o(i.SystemInit) refers to system_nrf52.o(i.nrf52_configuration_249) for nrf52_configuration_249
    system_nrf52.o(i.SystemInit) refers to system_nrf52.o(i.nvmc_config) for nvmc_config
    system_nrf52.o(i.SystemInit) refers to system_nrf52.o(i.nvmc_wait) for nvmc_wait
    system_nrf52.o(i.SystemInit) refers to system_nrf52.o(i.SystemCoreClockUpdate) for SystemCoreClockUpdate
    system_nrf52.o(i.nvmc_config) refers to system_nrf52.o(i.nvmc_wait) for nvmc_wait
    entry.o(.ARM.Collect$$$$00000000) refers (Special) to entry10a.o(.ARM.Collect$$$$0000000D) for __rt_final_cpp
    entry.o(.ARM.Collect$$$$00000000) refers (Special) to entry11a.o(.ARM.Collect$$$$0000000F) for __rt_final_exit
    entry.o(.ARM.Collect$$$$00000000) refers (Special) to entry7b.o(.ARM.Collect$$$$00000008) for _main_clock
    entry.o(.ARM.Collect$$$$00000000) refers (Special) to entry8b.o(.ARM.Collect$$$$0000000A) for _main_cpp_init
    entry.o(.ARM.Collect$$$$00000000) refers (Special) to entry9a.o(.ARM.Collect$$$$0000000B) for _main_init
    entry.o(.ARM.Collect$$$$00000000) refers (Special) to entry5.o(.ARM.Collect$$$$00000004) for _main_scatterload
    entry.o(.ARM.Collect$$$$00000000) refers (Special) to entry2.o(.ARM.Collect$$$$00000001) for _main_stk
    uldiv.o(.text) refers to llushr.o(.text) for __aeabi_llsr
    uldiv.o(.text) refers to llshl.o(.text) for __aeabi_llsl
    printfb.o(i.__0fprintf$bare) refers to printfb.o(i._printf_core) for _printf_core
    printfb.o(i.__0fprintf$bare) refers to fputc.o(i.fputc) for fputc
    printfb.o(i.__0printf$bare) refers to printfb.o(i._printf_core) for _printf_core
    printfb.o(i.__0printf$bare) refers to fputc.o(i.fputc) for fputc
    printfb.o(i.__0printf$bare) refers to stdout.o(.data) for __stdout
    printfb.o(i.__0snprintf$bare) refers to printfb.o(i._printf_core) for _printf_core
    printfb.o(i.__0snprintf$bare) refers to printfb.o(i._snputc) for _snputc
    printfb.o(i.__0sprintf$bare) refers to printfb.o(i._printf_core) for _printf_core
    printfb.o(i.__0sprintf$bare) refers to printfb.o(i._sputc) for _sputc
    printfb.o(i.__0vfprintf$bare) refers to printfb.o(i._printf_core) for _printf_core
    printfb.o(i.__0vfprintf$bare) refers to fputc.o(i.fputc) for fputc
    printfb.o(i.__0vprintf$bare) refers to printfb.o(i._printf_core) for _printf_core
    printfb.o(i.__0vprintf$bare) refers to fputc.o(i.fputc) for fputc
    printfb.o(i.__0vprintf$bare) refers to stdout.o(.data) for __stdout
    printfb.o(i.__0vsnprintf$bare) refers to printfb.o(i._printf_core) for _printf_core
    printfb.o(i.__0vsnprintf$bare) refers to printfb.o(i._snputc) for _snputc
    printfb.o(i.__0vsprintf$bare) refers to printfb.o(i._printf_core) for _printf_core
    printfb.o(i.__0vsprintf$bare) refers to printfb.o(i._sputc) for _sputc
    printf0.o(i.__0fprintf$0) refers to printf0.o(i._printf_core) for _printf_core
    printf0.o(i.__0fprintf$0) refers to fputc.o(i.fputc) for fputc
    printf0.o(i.__0printf$0) refers to printf0.o(i._printf_core) for _printf_core
    printf0.o(i.__0printf$0) refers to fputc.o(i.fputc) for fputc
    printf0.o(i.__0printf$0) refers to stdout.o(.data) for __stdout
    printf0.o(i.__0snprintf$0) refers to printf0.o(i._printf_core) for _printf_core
    printf0.o(i.__0snprintf$0) refers to printf0.o(i._snputc) for _snputc
    printf0.o(i.__0sprintf$0) refers to printf0.o(i._printf_core) for _printf_core
    printf0.o(i.__0sprintf$0) refers to printf0.o(i._sputc) for _sputc
    printf0.o(i.__0vfprintf$0) refers to printf0.o(i._printf_core) for _printf_core
    printf0.o(i.__0vfprintf$0) refers to fputc.o(i.fputc) for fputc
    printf0.o(i.__0vprintf$0) refers to printf0.o(i._printf_core) for _printf_core
    printf0.o(i.__0vprintf$0) refers to fputc.o(i.fputc) for fputc
    printf0.o(i.__0vprintf$0) refers to stdout.o(.data) for __stdout
    printf0.o(i.__0vsnprintf$0) refers to printf0.o(i._printf_core) for _printf_core
    printf0.o(i.__0vsnprintf$0) refers to printf0.o(i._snputc) for _snputc
    printf0.o(i.__0vsprintf$0) refers to printf0.o(i._printf_core) for _printf_core
    printf0.o(i.__0vsprintf$0) refers to printf0.o(i._sputc) for _sputc
    printf1.o(i.__0fprintf$1) refers to printf1.o(i._printf_core) for _printf_core
    printf1.o(i.__0fprintf$1) refers to fputc.o(i.fputc) for fputc
    printf1.o(i.__0printf$1) refers to printf1.o(i._printf_core) for _printf_core
    printf1.o(i.__0printf$1) refers to fputc.o(i.fputc) for fputc
    printf1.o(i.__0printf$1) refers to stdout.o(.data) for __stdout
    printf1.o(i.__0snprintf$1) refers to printf1.o(i._printf_core) for _printf_core
    printf1.o(i.__0snprintf$1) refers to printf1.o(i._snputc) for _snputc
    printf1.o(i.__0sprintf$1) refers to printf1.o(i._printf_core) for _printf_core
    printf1.o(i.__0sprintf$1) refers to printf1.o(i._sputc) for _sputc
    printf1.o(i.__0vfprintf$1) refers to printf1.o(i._printf_core) for _printf_core
    printf1.o(i.__0vfprintf$1) refers to fputc.o(i.fputc) for fputc
    printf1.o(i.__0vprintf$1) refers to printf1.o(i._printf_core) for _printf_core
    printf1.o(i.__0vprintf$1) refers to fputc.o(i.fputc) for fputc
    printf1.o(i.__0vprintf$1) refers to stdout.o(.data) for __stdout
    printf1.o(i.__0vsnprintf$1) refers to printf1.o(i._printf_core) for _printf_core
    printf1.o(i.__0vsnprintf$1) refers to printf1.o(i._snputc) for _snputc
    printf1.o(i.__0vsprintf$1) refers to printf1.o(i._printf_core) for _printf_core
    printf1.o(i.__0vsprintf$1) refers to printf1.o(i._sputc) for _sputc
    printf1.o(i._printf_core) refers to uidiv.o(.text) for __aeabi_uidivmod
    printf2.o(i.__0fprintf$2) refers to printf2.o(i._printf_core) for _printf_core
    printf2.o(i.__0fprintf$2) refers to fputc.o(i.fputc) for fputc
    printf2.o(i.__0printf$2) refers to printf2.o(i._printf_core) for _printf_core
    printf2.o(i.__0printf$2) refers to fputc.o(i.fputc) for fputc
    printf2.o(i.__0printf$2) refers to stdout.o(.data) for __stdout
    printf2.o(i.__0snprintf$2) refers to printf2.o(i._printf_core) for _printf_core
    printf2.o(i.__0snprintf$2) refers to printf2.o(i._snputc) for _snputc
    printf2.o(i.__0sprintf$2) refers to printf2.o(i._printf_core) for _printf_core
    printf2.o(i.__0sprintf$2) refers to printf2.o(i._sputc) for _sputc
    printf2.o(i.__0vfprintf$2) refers to printf2.o(i._printf_core) for _printf_core
    printf2.o(i.__0vfprintf$2) refers to fputc.o(i.fputc) for fputc
    printf2.o(i.__0vprintf$2) refers to printf2.o(i._printf_core) for _printf_core
    printf2.o(i.__0vprintf$2) refers to fputc.o(i.fputc) for fputc
    printf2.o(i.__0vprintf$2) refers to stdout.o(.data) for __stdout
    printf2.o(i.__0vsnprintf$2) refers to printf2.o(i._printf_core) for _printf_core
    printf2.o(i.__0vsnprintf$2) refers to printf2.o(i._snputc) for _snputc
    printf2.o(i.__0vsprintf$2) refers to printf2.o(i._printf_core) for _printf_core
    printf2.o(i.__0vsprintf$2) refers to printf2.o(i._sputc) for _sputc
    printf3.o(i.__0fprintf$3) refers to printf3.o(i._printf_core) for _printf_core
    printf3.o(i.__0fprintf$3) refers to fputc.o(i.fputc) for fputc
    printf3.o(i.__0printf$3) refers to printf3.o(i._printf_core) for _printf_core
    printf3.o(i.__0printf$3) refers to fputc.o(i.fputc) for fputc
    printf3.o(i.__0printf$3) refers to stdout.o(.data) for __stdout
    printf3.o(i.__0snprintf$3) refers to printf3.o(i._printf_core) for _printf_core
    printf3.o(i.__0snprintf$3) refers to printf3.o(i._snputc) for _snputc
    printf3.o(i.__0sprintf$3) refers to printf3.o(i._printf_core) for _printf_core
    printf3.o(i.__0sprintf$3) refers to printf3.o(i._sputc) for _sputc
    printf3.o(i.__0vfprintf$3) refers to printf3.o(i._printf_core) for _printf_core
    printf3.o(i.__0vfprintf$3) refers to fputc.o(i.fputc) for fputc
    printf3.o(i.__0vprintf$3) refers to printf3.o(i._printf_core) for _printf_core
    printf3.o(i.__0vprintf$3) refers to fputc.o(i.fputc) for fputc
    printf3.o(i.__0vprintf$3) refers to stdout.o(.data) for __stdout
    printf3.o(i.__0vsnprintf$3) refers to printf3.o(i._printf_core) for _printf_core
    printf3.o(i.__0vsnprintf$3) refers to printf3.o(i._snputc) for _snputc
    printf3.o(i.__0vsprintf$3) refers to printf3.o(i._printf_core) for _printf_core
    printf3.o(i.__0vsprintf$3) refers to printf3.o(i._sputc) for _sputc
    printf3.o(i._printf_core) refers to uidiv.o(.text) for __aeabi_uidivmod
    printf4.o(i.__0fprintf$4) refers to printf4.o(i._printf_core) for _printf_core
    printf4.o(i.__0fprintf$4) refers to fputc.o(i.fputc) for fputc
    printf4.o(i.__0printf$4) refers to printf4.o(i._printf_core) for _printf_core
    printf4.o(i.__0printf$4) refers to fputc.o(i.fputc) for fputc
    printf4.o(i.__0printf$4) refers to stdout.o(.data) for __stdout
    printf4.o(i.__0snprintf$4) refers to printf4.o(i._printf_core) for _printf_core
    printf4.o(i.__0snprintf$4) refers to printf4.o(i._snputc) for _snputc
    printf4.o(i.__0sprintf$4) refers to printf4.o(i._printf_core) for _printf_core
    printf4.o(i.__0sprintf$4) refers to printf4.o(i._sputc) for _sputc
    printf4.o(i.__0vfprintf$4) refers to printf4.o(i._printf_core) for _printf_core
    printf4.o(i.__0vfprintf$4) refers to fputc.o(i.fputc) for fputc
    printf4.o(i.__0vprintf$4) refers to printf4.o(i._printf_core) for _printf_core
    printf4.o(i.__0vprintf$4) refers to fputc.o(i.fputc) for fputc
    printf4.o(i.__0vprintf$4) refers to stdout.o(.data) for __stdout
    printf4.o(i.__0vsnprintf$4) refers to printf4.o(i._printf_core) for _printf_core
    printf4.o(i.__0vsnprintf$4) refers to printf4.o(i._snputc) for _snputc
    printf4.o(i.__0vsprintf$4) refers to printf4.o(i._printf_core) for _printf_core
    printf4.o(i.__0vsprintf$4) refers to printf4.o(i._sputc) for _sputc
    printf4.o(i._printf_core) refers to uldiv.o(.text) for __aeabi_uldivmod
    printf5.o(i.__0fprintf$5) refers to printf5.o(i._printf_core) for _printf_core
    printf5.o(i.__0fprintf$5) refers to fputc.o(i.fputc) for fputc
    printf5.o(i.__0printf$5) refers to printf5.o(i._printf_core) for _printf_core
    printf5.o(i.__0printf$5) refers to fputc.o(i.fputc) for fputc
    printf5.o(i.__0printf$5) refers to stdout.o(.data) for __stdout
    printf5.o(i.__0snprintf$5) refers to printf5.o(i._printf_core) for _printf_core
    printf5.o(i.__0snprintf$5) refers to printf5.o(i._snputc) for _snputc
    printf5.o(i.__0sprintf$5) refers to printf5.o(i._printf_core) for _printf_core
    printf5.o(i.__0sprintf$5) refers to printf5.o(i._sputc) for _sputc
    printf5.o(i.__0vfprintf$5) refers to printf5.o(i._printf_core) for _printf_core
    printf5.o(i.__0vfprintf$5) refers to fputc.o(i.fputc) for fputc
    printf5.o(i.__0vprintf$5) refers to printf5.o(i._printf_core) for _printf_core
    printf5.o(i.__0vprintf$5) refers to fputc.o(i.fputc) for fputc
    printf5.o(i.__0vprintf$5) refers to stdout.o(.data) for __stdout
    printf5.o(i.__0vsnprintf$5) refers to printf5.o(i._printf_core) for _printf_core
    printf5.o(i.__0vsnprintf$5) refers to printf5.o(i._snputc) for _snputc
    printf5.o(i.__0vsprintf$5) refers to printf5.o(i._printf_core) for _printf_core
    printf5.o(i.__0vsprintf$5) refers to printf5.o(i._sputc) for _sputc
    printf5.o(i._printf_core) refers to uldiv.o(.text) for __aeabi_uldivmod
    printf6.o(i.__0fprintf$6) refers to printf6.o(i._printf_core) for _printf_core
    printf6.o(i.__0fprintf$6) refers to fputc.o(i.fputc) for fputc
    printf6.o(i.__0printf$6) refers to printf6.o(i._printf_core) for _printf_core
    printf6.o(i.__0printf$6) refers to fputc.o(i.fputc) for fputc
    printf6.o(i.__0printf$6) refers to stdout.o(.data) for __stdout
    printf6.o(i.__0snprintf$6) refers to printf6.o(i._printf_core) for _printf_core
    printf6.o(i.__0snprintf$6) refers to printf6.o(i._snputc) for _snputc
    printf6.o(i.__0sprintf$6) refers to printf6.o(i._printf_core) for _printf_core
    printf6.o(i.__0sprintf$6) refers to printf6.o(i._sputc) for _sputc
    printf6.o(i.__0vfprintf$6) refers to printf6.o(i._printf_core) for _printf_core
    printf6.o(i.__0vfprintf$6) refers to fputc.o(i.fputc) for fputc
    printf6.o(i.__0vprintf$6) refers to printf6.o(i._printf_core) for _printf_core
    printf6.o(i.__0vprintf$6) refers to fputc.o(i.fputc) for fputc
    printf6.o(i.__0vprintf$6) refers to stdout.o(.data) for __stdout
    printf6.o(i.__0vsnprintf$6) refers to printf6.o(i._printf_core) for _printf_core
    printf6.o(i.__0vsnprintf$6) refers to printf6.o(i._snputc) for _snputc
    printf6.o(i.__0vsprintf$6) refers to printf6.o(i._printf_core) for _printf_core
    printf6.o(i.__0vsprintf$6) refers to printf6.o(i._sputc) for _sputc
    printf6.o(i._printf_core) refers to printf6.o(i._printf_pre_padding) for _printf_pre_padding
    printf6.o(i._printf_core) refers to uidiv.o(.text) for __aeabi_uidivmod
    printf6.o(i._printf_core) refers to printf6.o(i._printf_post_padding) for _printf_post_padding
    printf7.o(i.__0fprintf$7) refers to printf7.o(i._printf_core) for _printf_core
    printf7.o(i.__0fprintf$7) refers to fputc.o(i.fputc) for fputc
    printf7.o(i.__0printf$7) refers to printf7.o(i._printf_core) for _printf_core
    printf7.o(i.__0printf$7) refers to fputc.o(i.fputc) for fputc
    printf7.o(i.__0printf$7) refers to stdout.o(.data) for __stdout
    printf7.o(i.__0snprintf$7) refers to printf7.o(i._printf_core) for _printf_core
    printf7.o(i.__0snprintf$7) refers to printf7.o(i._snputc) for _snputc
    printf7.o(i.__0sprintf$7) refers to printf7.o(i._printf_core) for _printf_core
    printf7.o(i.__0sprintf$7) refers to printf7.o(i._sputc) for _sputc
    printf7.o(i.__0vfprintf$7) refers to printf7.o(i._printf_core) for _printf_core
    printf7.o(i.__0vfprintf$7) refers to fputc.o(i.fputc) for fputc
    printf7.o(i.__0vprintf$7) refers to printf7.o(i._printf_core) for _printf_core
    printf7.o(i.__0vprintf$7) refers to fputc.o(i.fputc) for fputc
    printf7.o(i.__0vprintf$7) refers to stdout.o(.data) for __stdout
    printf7.o(i.__0vsnprintf$7) refers to printf7.o(i._printf_core) for _printf_core
    printf7.o(i.__0vsnprintf$7) refers to printf7.o(i._snputc) for _snputc
    printf7.o(i.__0vsprintf$7) refers to printf7.o(i._printf_core) for _printf_core
    printf7.o(i.__0vsprintf$7) refers to printf7.o(i._sputc) for _sputc
    printf7.o(i._printf_core) refers to printf7.o(i._printf_pre_padding) for _printf_pre_padding
    printf7.o(i._printf_core) refers to uldiv.o(.text) for __aeabi_uldivmod
    printf7.o(i._printf_core) refers to printf7.o(i._printf_post_padding) for _printf_post_padding
    printf8.o(i.__0fprintf$8) refers to printf8.o(i._printf_core) for _printf_core
    printf8.o(i.__0fprintf$8) refers to fputc.o(i.fputc) for fputc
    printf8.o(i.__0printf$8) refers to printf8.o(i._printf_core) for _printf_core
    printf8.o(i.__0printf$8) refers to fputc.o(i.fputc) for fputc
    printf8.o(i.__0printf$8) refers to stdout.o(.data) for __stdout
    printf8.o(i.__0snprintf$8) refers to printf8.o(i._printf_core) for _printf_core
    printf8.o(i.__0snprintf$8) refers to printf8.o(i._snputc) for _snputc
    printf8.o(i.__0sprintf$8) refers to printf8.o(i._printf_core) for _printf_core
    printf8.o(i.__0sprintf$8) refers to printf8.o(i._sputc) for _sputc
    printf8.o(i.__0vfprintf$8) refers to printf8.o(i._printf_core) for _printf_core
    printf8.o(i.__0vfprintf$8) refers to fputc.o(i.fputc) for fputc
    printf8.o(i.__0vprintf$8) refers to printf8.o(i._printf_core) for _printf_core
    printf8.o(i.__0vprintf$8) refers to fputc.o(i.fputc) for fputc
    printf8.o(i.__0vprintf$8) refers to stdout.o(.data) for __stdout
    printf8.o(i.__0vsnprintf$8) refers to printf8.o(i._printf_core) for _printf_core
    printf8.o(i.__0vsnprintf$8) refers to printf8.o(i._snputc) for _snputc
    printf8.o(i.__0vsprintf$8) refers to printf8.o(i._printf_core) for _printf_core
    printf8.o(i.__0vsprintf$8) refers to printf8.o(i._sputc) for _sputc
    printf8.o(i._printf_core) refers to printf8.o(i._printf_pre_padding) for _printf_pre_padding
    printf8.o(i._printf_core) refers to uldiv.o(.text) for __aeabi_uldivmod
    printf8.o(i._printf_core) refers to printf8.o(i._printf_post_padding) for _printf_post_padding
    printfa.o(i.__0fprintf) refers (Special) to iusefp.o(.text) for __I$use$fp
    printfa.o(i.__0fprintf) refers to printfa.o(i._printf_core) for _printf_core
    printfa.o(i.__0fprintf) refers to fputc.o(i.fputc) for fputc
    printfa.o(i.__0printf) refers (Special) to iusefp.o(.text) for __I$use$fp
    printfa.o(i.__0printf) refers to printfa.o(i._printf_core) for _printf_core
    printfa.o(i.__0printf) refers to fputc.o(i.fputc) for fputc
    printfa.o(i.__0printf) refers to stdout.o(.data) for __stdout
    printfa.o(i.__0snprintf) refers (Special) to iusefp.o(.text) for __I$use$fp
    printfa.o(i.__0snprintf) refers to printfa.o(i._printf_core) for _printf_core
    printfa.o(i.__0snprintf) refers to printfa.o(i._snputc) for _snputc
    printfa.o(i.__0sprintf) refers (Special) to iusefp.o(.text) for __I$use$fp
    printfa.o(i.__0sprintf) refers to printfa.o(i._printf_core) for _printf_core
    printfa.o(i.__0sprintf) refers to printfa.o(i._sputc) for _sputc
    printfa.o(i.__0vfprintf) refers (Special) to iusefp.o(.text) for __I$use$fp
    printfa.o(i.__0vfprintf) refers to printfa.o(i._printf_core) for _printf_core
    printfa.o(i.__0vfprintf) refers to fputc.o(i.fputc) for fputc
    printfa.o(i.__0vprintf) refers (Special) to iusefp.o(.text) for __I$use$fp
    printfa.o(i.__0vprintf) refers to printfa.o(i._printf_core) for _printf_core
    printfa.o(i.__0vprintf) refers to fputc.o(i.fputc) for fputc
    printfa.o(i.__0vprintf) refers to stdout.o(.data) for __stdout
    printfa.o(i.__0vsnprintf) refers (Special) to iusefp.o(.text) for __I$use$fp
    printfa.o(i.__0vsnprintf) refers to printfa.o(i._printf_core) for _printf_core
    printfa.o(i.__0vsnprintf) refers to printfa.o(i._snputc) for _snputc
    printfa.o(i.__0vsprintf) refers (Special) to iusefp.o(.text) for __I$use$fp
    printfa.o(i.__0vsprintf) refers to printfa.o(i._printf_core) for _printf_core
    printfa.o(i.__0vsprintf) refers to printfa.o(i._sputc) for _sputc
    printfa.o(i._fp_digits) refers (Special) to iusefp.o(.text) for __I$use$fp
    printfa.o(i._fp_digits) refers to dmul.o(.text) for __aeabi_dmul
    printfa.o(i._fp_digits) refers to ddiv.o(.text) for __aeabi_ddiv
    printfa.o(i._fp_digits) refers to cdrcmple.o(.text) for __aeabi_cdrcmple
    printfa.o(i._fp_digits) refers to dadd.o(.text) for __aeabi_dadd
    printfa.o(i._fp_digits) refers to dfixul.o(.text) for __aeabi_d2ulz
    printfa.o(i._fp_digits) refers to uldiv.o(.text) for __aeabi_uldivmod
    printfa.o(i._printf_core) refers (Special) to iusefp.o(.text) for __I$use$fp
    printfa.o(i._printf_core) refers to printfa.o(i._printf_pre_padding) for _printf_pre_padding
    printfa.o(i._printf_core) refers to uldiv.o(.text) for __aeabi_uldivmod
    printfa.o(i._printf_core) refers to printfa.o(i._printf_post_padding) for _printf_post_padding
    printfa.o(i._printf_core) refers to printfa.o(i._fp_digits) for _fp_digits
    printfa.o(i._printf_core) refers to uidiv.o(.text) for __aeabi_uidivmod
    printfa.o(i._printf_post_padding) refers (Special) to iusefp.o(.text) for __I$use$fp
    printfa.o(i._printf_pre_padding) refers (Special) to iusefp.o(.text) for __I$use$fp
    printfa.o(i._snputc) refers (Special) to iusefp.o(.text) for __I$use$fp
    printfa.o(i._sputc) refers (Special) to iusefp.o(.text) for __I$use$fp
    entry2.o(.ARM.Collect$$$$00000001) refers to entry2.o(.ARM.Collect$$$$00002712) for __lit__00000000
    entry2.o(.ARM.Collect$$$$00002712) refers to arm_startup_nrf52840.o(STACK) for __initial_sp
    entry2.o(__vectab_stack_and_reset_area) refers to arm_startup_nrf52840.o(STACK) for __initial_sp
    entry2.o(__vectab_stack_and_reset_area) refers to entry.o(.ARM.Collect$$$$00000000) for __main
    entry5.o(.ARM.Collect$$$$00000004) refers to init.o(.text) for __scatterload
    entry9a.o(.ARM.Collect$$$$0000000B) refers to main.o(i.main) for main
    entry9b.o(.ARM.Collect$$$$0000000C) refers to main.o(i.main) for main
    fputc.o(i.fputc) refers (Special) to iusesemip.o(.text) for __I$use$semihosting$fputc
    fputc.o(i.fputc) refers (Special) to semi.o(.text) for __semihosting_library_function
    dadd.o(.text) refers to llshl.o(.text) for __aeabi_llsl
    dadd.o(.text) refers to llsshr.o(.text) for __aeabi_lasr
    dadd.o(.text) refers to depilogue.o(.text) for _double_epilogue
    dmul.o(.text) refers to depilogue.o(.text) for _double_epilogue
    ddiv.o(.text) refers to depilogue.o(.text) for _double_round
    dfixul.o(.text) refers to llushr.o(.text) for __aeabi_llsr
    dfixul.o(.text) refers to llshl.o(.text) for __aeabi_llsl
    init.o(.text) refers to entry5.o(.ARM.Collect$$$$00000004) for __main_after_scatterload
    depilogue.o(.text) refers to llshl.o(.text) for __aeabi_llsl
    depilogue.o(.text) refers to llushr.o(.text) for __aeabi_llsr


==============================================================================

Removing Unused input sections from the image.

    Removing main.o(i.blink_v3_bis), (88 bytes).
    Removing main.o(.constdata), (1 bytes).
    Removing drv_leds.o(i.drv_led_conmutar), (40 bytes).
    Removing drv_tiempo.o(i.drv_tiempo_actual_ms), (40 bytes).
    Removing drv_tiempo.o(i.drv_tiempo_esperar_hasta_ms), (20 bytes).
    Removing drv_tiempo.o(i.drv_tiempo_esperar_ms), (24 bytes).
    Removing rt_fifo.o(i.rt_FIFO_estadisticas), (40 bytes).
    Removing rt_fifo.o(i.rt_FIFO_inicializar), (56 bytes).
    Removing rt_fifo.o(i.rt_FIFO_vaciar), (24 bytes).
    Removing rt_fifo.o(.constdata), (1 bytes).
    Removing test_fifo.o(i.test_fifo), (16 bytes).
    Removing test_fifo.o(i.test_fifo_encolar_extraer), (180 bytes).
    Removing test_fifo.o(i.test_fifo_estadisticas), (284 bytes).
    Removing test_fifo.o(i.test_fifo_overflow), (40 bytes).
    Removing test_fifo.o(.constdata), (1 bytes).
    Removing test_fifo.o(.conststring), (74 bytes).
    Removing rt_ge.o(i.svc_GE_cancelar), (48 bytes).
    Removing rt_ge.o(.constdata), (1 bytes).
    Removing svc_alarma.o(.constdata), (1 bytes).
    Removing hal_gpio_nrf.o(.rev16_text), (4 bytes).
    Removing hal_gpio_nrf.o(.revsh_text), (4 bytes).
    Removing hal_gpio_nrf.o(.rrx_text), (6 bytes).
    Removing hal_gpio_nrf.o(i.hal_gpio_escribir_n), (24 bytes).
    Removing hal_gpio_nrf.o(i.hal_gpio_leer_n), (28 bytes).
    Removing hal_gpio_nrf.o(i.hal_gpio_sentido_n), (60 bytes).
    Removing hal_tiempo_nrf.o(.rev16_text), (4 bytes).
    Removing hal_tiempo_nrf.o(.revsh_text), (4 bytes).
    Removing hal_tiempo_nrf.o(.rrx_text), (6 bytes).
    Removing hal_consumo_nrf.o(.rev16_text), (4 bytes).
    Removing hal_consumo_nrf.o(.revsh_text), (4 bytes).
    Removing hal_consumo_nrf.o(.rrx_text), (6 bytes).
    Removing hal_consumo_nrf.o(i.hal_consumo_iniciar), (2 bytes).
    Removing hal_consumo_nrf.o(.data), (4 bytes).
    Removing hal_ext_int_nrf.o(.rev16_text), (4 bytes).
    Removing hal_ext_int_nrf.o(.revsh_text), (4 bytes).
    Removing hal_ext_int_nrf.o(.rrx_text), (6 bytes).
    Removing hal_ext_int_nrf.o(i.hal_ext_int_deshabilitar_despertar), (16 bytes).
    Removing hal_wtd_nrf.o(.rev16_text), (4 bytes).
    Removing hal_wtd_nrf.o(.revsh_text), (4 bytes).
    Removing hal_wtd_nrf.o(.rrx_text), (6 bytes).
    Removing arm_startup_nrf52840.o(HEAP), (16384 bytes).
    Removing system_nrf52.o(.rev16_text), (4 bytes).
    Removing system_nrf52.o(.revsh_text), (4 bytes).
    Removing system_nrf52.o(.rrx_text), (6 bytes).
    Removing system_nrf52.o(i.nrf52_configuration_254), (68 bytes).
    Removing system_nrf52.o(i.nrf52_configuration_255), (4 bytes).
    Removing system_nrf52.o(i.nrf52_configuration_256), (4 bytes).
    Removing system_nrf52.o(i.nrf52_configuration_257), (4 bytes).
    Removing system_nrf52.o(i.nrf52_errata_1), (4 bytes).
    Removing system_nrf52.o(i.nrf52_errata_10), (4 bytes).
    Removing system_nrf52.o(i.nrf52_errata_101), (4 bytes).
    Removing system_nrf52.o(i.nrf52_errata_102), (4 bytes).
    Removing system_nrf52.o(i.nrf52_errata_104), (68 bytes).
    Removing system_nrf52.o(i.nrf52_errata_106), (4 bytes).
    Removing system_nrf52.o(i.nrf52_errata_107), (4 bytes).
    Removing system_nrf52.o(i.nrf52_errata_108), (4 bytes).
    Removing system_nrf52.o(i.nrf52_errata_109), (4 bytes).
    Removing system_nrf52.o(i.nrf52_errata_11), (4 bytes).
    Removing system_nrf52.o(i.nrf52_errata_110), (68 bytes).
    Removing system_nrf52.o(i.nrf52_errata_111), (68 bytes).
    Removing system_nrf52.o(i.nrf52_errata_112), (68 bytes).
    Removing system_nrf52.o(i.nrf52_errata_113), (68 bytes).
    Removing system_nrf52.o(i.nrf52_errata_116), (68 bytes).
    Removing system_nrf52.o(i.nrf52_errata_117), (68 bytes).
    Removing system_nrf52.o(i.nrf52_errata_118), (68 bytes).
    Removing system_nrf52.o(i.nrf52_errata_119), (68 bytes).
    Removing system_nrf52.o(i.nrf52_errata_12), (4 bytes).
    Removing system_nrf52.o(i.nrf52_errata_121), (68 bytes).
    Removing system_nrf52.o(i.nrf52_errata_122), (68 bytes).
    Removing system_nrf52.o(i.nrf52_errata_127), (68 bytes).
    Removing system_nrf52.o(i.nrf52_errata_128), (68 bytes).
    Removing system_nrf52.o(i.nrf52_errata_131), (68 bytes).
    Removing system_nrf52.o(i.nrf52_errata_132), (4 bytes).
    Removing system_nrf52.o(i.nrf52_errata_133), (68 bytes).
    Removing system_nrf52.o(i.nrf52_errata_134), (68 bytes).
    Removing system_nrf52.o(i.nrf52_errata_135), (68 bytes).
    Removing system_nrf52.o(i.nrf52_errata_138), (4 bytes).
    Removing system_nrf52.o(i.nrf52_errata_140), (68 bytes).
    Removing system_nrf52.o(i.nrf52_errata_141), (4 bytes).
    Removing system_nrf52.o(i.nrf52_errata_142), (68 bytes).
    Removing system_nrf52.o(i.nrf52_errata_143), (68 bytes).
    Removing system_nrf52.o(i.nrf52_errata_144), (68 bytes).
    Removing system_nrf52.o(i.nrf52_errata_145), (68 bytes).
    Removing system_nrf52.o(i.nrf52_errata_146), (4 bytes).
    Removing system_nrf52.o(i.nrf52_errata_147), (68 bytes).
    Removing system_nrf52.o(i.nrf52_errata_149), (4 bytes).
    Removing system_nrf52.o(i.nrf52_errata_15), (68 bytes).
    Removing system_nrf52.o(i.nrf52_errata_150), (68 bytes).
    Removing system_nrf52.o(i.nrf52_errata_151), (68 bytes).
    Removing system_nrf52.o(i.nrf52_errata_153), (68 bytes).
    Removing system_nrf52.o(i.nrf52_errata_154), (68 bytes).
    Removing system_nrf52.o(i.nrf52_errata_155), (68 bytes).
    Removing system_nrf52.o(i.nrf52_errata_156), (68 bytes).
    Removing system_nrf52.o(i.nrf52_errata_158), (68 bytes).
    Removing system_nrf52.o(i.nrf52_errata_16), (4 bytes).
    Removing system_nrf52.o(i.nrf52_errata_160), (68 bytes).
    Removing system_nrf52.o(i.nrf52_errata_162), (68 bytes).
    Removing system_nrf52.o(i.nrf52_errata_163), (4 bytes).
    Removing system_nrf52.o(i.nrf52_errata_164), (68 bytes).
    Removing system_nrf52.o(i.nrf52_errata_166), (68 bytes).
    Removing system_nrf52.o(i.nrf52_errata_17), (4 bytes).
    Removing system_nrf52.o(i.nrf52_errata_170), (68 bytes).
    Removing system_nrf52.o(i.nrf52_errata_171), (68 bytes).
    Removing system_nrf52.o(i.nrf52_errata_172), (68 bytes).
    Removing system_nrf52.o(i.nrf52_errata_173), (68 bytes).
    Removing system_nrf52.o(i.nrf52_errata_174), (68 bytes).
    Removing system_nrf52.o(i.nrf52_errata_176), (68 bytes).
    Removing system_nrf52.o(i.nrf52_errata_178), (4 bytes).
    Removing system_nrf52.o(i.nrf52_errata_179), (68 bytes).
    Removing system_nrf52.o(i.nrf52_errata_180), (68 bytes).
    Removing system_nrf52.o(i.nrf52_errata_181), (68 bytes).
    Removing system_nrf52.o(i.nrf52_errata_182), (4 bytes).
    Removing system_nrf52.o(i.nrf52_errata_183), (68 bytes).
    Removing system_nrf52.o(i.nrf52_errata_184), (68 bytes).
    Removing system_nrf52.o(i.nrf52_errata_186), (68 bytes).
    Removing system_nrf52.o(i.nrf52_errata_187), (68 bytes).
    Removing system_nrf52.o(i.nrf52_errata_189), (68 bytes).
    Removing system_nrf52.o(i.nrf52_errata_190), (68 bytes).
    Removing system_nrf52.o(i.nrf52_errata_191), (68 bytes).
    Removing system_nrf52.o(i.nrf52_errata_192), (68 bytes).
    Removing system_nrf52.o(i.nrf52_errata_193), (68 bytes).
    Removing system_nrf52.o(i.nrf52_errata_194), (68 bytes).
    Removing system_nrf52.o(i.nrf52_errata_195), (68 bytes).
    Removing system_nrf52.o(i.nrf52_errata_196), (68 bytes).
    Removing system_nrf52.o(i.nrf52_errata_197), (68 bytes).
    Removing system_nrf52.o(i.nrf52_errata_198), (68 bytes).
    Removing system_nrf52.o(i.nrf52_errata_199), (68 bytes).
    Removing system_nrf52.o(i.nrf52_errata_2), (4 bytes).
    Removing system_nrf52.o(i.nrf52_errata_20), (68 bytes).
    Removing system_nrf52.o(i.nrf52_errata_200), (68 bytes).
    Removing system_nrf52.o(i.nrf52_errata_201), (68 bytes).
    Removing system_nrf52.o(i.nrf52_errata_202), (68 bytes).
    Removing system_nrf52.o(i.nrf52_errata_204), (68 bytes).
    Removing system_nrf52.o(i.nrf52_errata_208), (68 bytes).
    Removing system_nrf52.o(i.nrf52_errata_209), (68 bytes).
    Removing system_nrf52.o(i.nrf52_errata_210), (68 bytes).
    Removing system_nrf52.o(i.nrf52_errata_211), (68 bytes).
    Removing system_nrf52.o(i.nrf52_errata_212), (68 bytes).
    Removing system_nrf52.o(i.nrf52_errata_213), (68 bytes).
    Removing system_nrf52.o(i.nrf52_errata_214), (68 bytes).
    Removing system_nrf52.o(i.nrf52_errata_215), (68 bytes).
    Removing system_nrf52.o(i.nrf52_errata_216), (68 bytes).
    Removing system_nrf52.o(i.nrf52_errata_217), (4 bytes).
    Removing system_nrf52.o(i.nrf52_errata_218), (68 bytes).
    Removing system_nrf52.o(i.nrf52_errata_219), (68 bytes).
    Removing system_nrf52.o(i.nrf52_errata_220), (4 bytes).
    Removing system_nrf52.o(i.nrf52_errata_223), (4 bytes).
    Removing system_nrf52.o(i.nrf52_errata_225), (4 bytes).
    Removing system_nrf52.o(i.nrf52_errata_228), (68 bytes).
    Removing system_nrf52.o(i.nrf52_errata_23), (4 bytes).
    Removing system_nrf52.o(i.nrf52_errata_230), (4 bytes).
    Removing system_nrf52.o(i.nrf52_errata_231), (4 bytes).
    Removing system_nrf52.o(i.nrf52_errata_232), (4 bytes).
    Removing system_nrf52.o(i.nrf52_errata_233), (68 bytes).
    Removing system_nrf52.o(i.nrf52_errata_236), (68 bytes).
    Removing system_nrf52.o(i.nrf52_errata_237), (68 bytes).
    Removing system_nrf52.o(i.nrf52_errata_24), (4 bytes).
    Removing system_nrf52.o(i.nrf52_errata_242), (68 bytes).
    Removing system_nrf52.o(i.nrf52_errata_243), (68 bytes).
    Removing system_nrf52.o(i.nrf52_errata_244), (68 bytes).
    Removing system_nrf52.o(i.nrf52_errata_245), (68 bytes).
    Removing system_nrf52.o(i.nrf52_errata_246), (68 bytes).
    Removing system_nrf52.o(i.nrf52_errata_248), (68 bytes).
    Removing system_nrf52.o(i.nrf52_errata_25), (4 bytes).
    Removing system_nrf52.o(i.nrf52_errata_250), (4 bytes).
    Removing system_nrf52.o(i.nrf52_errata_26), (4 bytes).
    Removing system_nrf52.o(i.nrf52_errata_27), (4 bytes).
    Removing system_nrf52.o(i.nrf52_errata_28), (4 bytes).
    Removing system_nrf52.o(i.nrf52_errata_29), (4 bytes).
    Removing system_nrf52.o(i.nrf52_errata_3), (4 bytes).
    Removing system_nrf52.o(i.nrf52_errata_30), (4 bytes).
    Removing system_nrf52.o(i.nrf52_errata_31), (4 bytes).
    Removing system_nrf52.o(i.nrf52_errata_32), (4 bytes).
    Removing system_nrf52.o(i.nrf52_errata_33), (4 bytes).
    Removing system_nrf52.o(i.nrf52_errata_34), (4 bytes).
    Removing system_nrf52.o(i.nrf52_errata_35), (4 bytes).
    Removing system_nrf52.o(i.nrf52_errata_37), (4 bytes).
    Removing system_nrf52.o(i.nrf52_errata_38), (4 bytes).
    Removing system_nrf52.o(i.nrf52_errata_39), (4 bytes).
    Removing system_nrf52.o(i.nrf52_errata_4), (4 bytes).
    Removing system_nrf52.o(i.nrf52_errata_40), (4 bytes).
    Removing system_nrf52.o(i.nrf52_errata_41), (4 bytes).
    Removing system_nrf52.o(i.nrf52_errata_42), (4 bytes).
    Removing system_nrf52.o(i.nrf52_errata_43), (4 bytes).
    Removing system_nrf52.o(i.nrf52_errata_44), (4 bytes).
    Removing system_nrf52.o(i.nrf52_errata_46), (4 bytes).
    Removing system_nrf52.o(i.nrf52_errata_47), (4 bytes).
    Removing system_nrf52.o(i.nrf52_errata_48), (4 bytes).
    Removing system_nrf52.o(i.nrf52_errata_49), (4 bytes).
    Removing system_nrf52.o(i.nrf52_errata_51), (4 bytes).
    Removing system_nrf52.o(i.nrf52_errata_54), (68 bytes).
    Removing system_nrf52.o(i.nrf52_errata_55), (68 bytes).
    Removing system_nrf52.o(i.nrf52_errata_57), (4 bytes).
    Removing system_nrf52.o(i.nrf52_errata_58), (68 bytes).
    Removing system_nrf52.o(i.nrf52_errata_62), (4 bytes).
    Removing system_nrf52.o(i.nrf52_errata_63), (4 bytes).
    Removing system_nrf52.o(i.nrf52_errata_64), (4 bytes).
    Removing system_nrf52.o(i.nrf52_errata_65), (4 bytes).
    Removing system_nrf52.o(i.nrf52_errata_67), (4 bytes).
    Removing system_nrf52.o(i.nrf52_errata_68), (68 bytes).
    Removing system_nrf52.o(i.nrf52_errata_7), (4 bytes).
    Removing system_nrf52.o(i.nrf52_errata_70), (4 bytes).
    Removing system_nrf52.o(i.nrf52_errata_71), (4 bytes).
    Removing system_nrf52.o(i.nrf52_errata_72), (4 bytes).
    Removing system_nrf52.o(i.nrf52_errata_73), (4 bytes).
    Removing system_nrf52.o(i.nrf52_errata_74), (4 bytes).
    Removing system_nrf52.o(i.nrf52_errata_75), (4 bytes).
    Removing system_nrf52.o(i.nrf52_errata_76), (4 bytes).
    Removing system_nrf52.o(i.nrf52_errata_77), (4 bytes).
    Removing system_nrf52.o(i.nrf52_errata_78), (68 bytes).
    Removing system_nrf52.o(i.nrf52_errata_79), (4 bytes).
    Removing system_nrf52.o(i.nrf52_errata_8), (4 bytes).
    Removing system_nrf52.o(i.nrf52_errata_81), (68 bytes).
    Removing system_nrf52.o(i.nrf52_errata_83), (68 bytes).
    Removing system_nrf52.o(i.nrf52_errata_84), (4 bytes).
    Removing system_nrf52.o(i.nrf52_errata_86), (4 bytes).
    Removing system_nrf52.o(i.nrf52_errata_87), (68 bytes).
    Removing system_nrf52.o(i.nrf52_errata_88), (4 bytes).
    Removing system_nrf52.o(i.nrf52_errata_89), (68 bytes).
    Removing system_nrf52.o(i.nrf52_errata_9), (4 bytes).
    Removing system_nrf52.o(i.nrf52_errata_91), (4 bytes).
    Removing system_nrf52.o(i.nrf52_errata_94), (68 bytes).
    Removing system_nrf52.o(i.nrf52_errata_96), (68 bytes).
    Removing system_nrf52.o(i.nrf52_errata_97), (68 bytes).
    Removing dadd.o(.text), (334 bytes).
    Removing dmul.o(.text), (228 bytes).
    Removing ddiv.o(.text), (222 bytes).
    Removing dfixul.o(.text), (48 bytes).
    Removing cdrcmple.o(.text), (48 bytes).
    Removing depilogue.o(.text), (186 bytes).

230 unused section(s) (total 25639 bytes) removed from the image.

==============================================================================

Image Symbol Table

    Local Symbols

    Symbol Name                              Value     Ov Type        Size  Object(Section)

    RESET                                    0x00000000   Section      512  arm_startup_nrf52840.o(RESET)
    ../clib/microlib/division.c              0x00000000   Number         0  uldiv.o ABSOLUTE
    ../clib/microlib/division.c              0x00000000   Number         0  uidiv.o ABSOLUTE
    ../clib/microlib/init/entry.s            0x00000000   Number         0  entry.o ABSOLUTE
    ../clib/microlib/init/entry.s            0x00000000   Number         0  entry11a.o ABSOLUTE
    ../clib/microlib/init/entry.s            0x00000000   Number         0  entry7a.o ABSOLUTE
    ../clib/microlib/init/entry.s            0x00000000   Number         0  entry10a.o ABSOLUTE
    ../clib/microlib/init/entry.s            0x00000000   Number         0  entry9b.o ABSOLUTE
    ../clib/microlib/init/entry.s            0x00000000   Number         0  entry9a.o ABSOLUTE
    ../clib/microlib/init/entry.s            0x00000000   Number         0  entry7b.o ABSOLUTE
    ../clib/microlib/init/entry.s            0x00000000   Number         0  entry8b.o ABSOLUTE
    ../clib/microlib/init/entry.s            0x00000000   Number         0  entry8a.o ABSOLUTE
    ../clib/microlib/init/entry.s            0x00000000   Number         0  entry2.o ABSOLUTE
    ../clib/microlib/init/entry.s            0x00000000   Number         0  entry10b.o ABSOLUTE
    ../clib/microlib/init/entry.s            0x00000000   Number         0  entry5.o ABSOLUTE
    ../clib/microlib/init/entry.s            0x00000000   Number         0  entry11b.o ABSOLUTE
    ../clib/microlib/longlong.c              0x00000000   Number         0  llushr.o ABSOLUTE
    ../clib/microlib/longlong.c              0x00000000   Number         0  llsshr.o ABSOLUTE
    ../clib/microlib/longlong.c              0x00000000   Number         0  llshl.o ABSOLUTE
    ../clib/microlib/printf/printf.c         0x00000000   Number         0  printf7.o ABSOLUTE
    ../clib/microlib/printf/printf.c         0x00000000   Number         0  printfb.o ABSOLUTE
    ../clib/microlib/printf/printf.c         0x00000000   Number         0  printf0.o ABSOLUTE
    ../clib/microlib/printf/printf.c         0x00000000   Number         0  printf1.o ABSOLUTE
    ../clib/microlib/printf/printf.c         0x00000000   Number         0  printf2.o ABSOLUTE
    ../clib/microlib/printf/printf.c         0x00000000   Number         0  printf3.o ABSOLUTE
    ../clib/microlib/printf/printf.c         0x00000000   Number         0  printf8.o ABSOLUTE
    ../clib/microlib/printf/printf.c         0x00000000   Number         0  printf4.o ABSOLUTE
    ../clib/microlib/printf/printf.c         0x00000000   Number         0  printfa.o ABSOLUTE
    ../clib/microlib/printf/printf.c         0x00000000   Number         0  printf6.o ABSOLUTE
    ../clib/microlib/printf/printf.c         0x00000000   Number         0  printf5.o ABSOLUTE
    ../clib/microlib/printf/stubs.s          0x00000000   Number         0  stubs.o ABSOLUTE
    ../clib/microlib/stdio/fputc.c           0x00000000   Number         0  fputc.o ABSOLUTE
    ../clib/microlib/stdio/semi.s            0x00000000   Number         0  semi.o ABSOLUTE
    ../clib/microlib/stdio/streams.c         0x00000000   Number         0  stdout.o ABSOLUTE
    ../clib/microlib/stubs.s                 0x00000000   Number         0  iusesemip.o ABSOLUTE
    ../clib/microlib/stubs.s                 0x00000000   Number         0  iusefp.o ABSOLUTE
    ../fplib/microlib/fpadd.c                0x00000000   Number         0  dadd.o ABSOLUTE
    ../fplib/microlib/fpdiv.c                0x00000000   Number         0  ddiv.o ABSOLUTE
    ../fplib/microlib/fpepilogue.c           0x00000000   Number         0  depilogue.o ABSOLUTE
    ../fplib/microlib/fpfix.c                0x00000000   Number         0  dfixul.o ABSOLUTE
    ../fplib/microlib/fpmul.c                0x00000000   Number         0  dmul.o ABSOLUTE
    ..\..\src\TEST_FIFO.c                    0x00000000   Number         0  test_fifo.o ABSOLUTE
    ..\..\src\drv_WTD.c                      0x00000000   Number         0  drv_wtd.o ABSOLUTE
    ..\..\src\drv_botones.c                  0x00000000   Number         0  drv_botones.o ABSOLUTE
    ..\..\src\drv_consumo.c                  0x00000000   Number         0  drv_consumo.o ABSOLUTE
    ..\..\src\drv_leds.c                     0x00000000   Number         0  drv_leds.o ABSOLUTE
    ..\..\src\drv_monitor.c                  0x00000000   Number         0  drv_monitor.o ABSOLUTE
    ..\..\src\drv_tiempo.c                   0x00000000   Number         0  drv_tiempo.o ABSOLUTE
    ..\..\src\main.c                         0x00000000   Number         0  main.o ABSOLUTE
    ..\..\src\rt_GE.c                        0x00000000   Number         0  rt_ge.o ABSOLUTE
    ..\..\src\rt_fifo.c                      0x00000000   Number         0  rt_fifo.o ABSOLUTE
    ..\..\src\svc_SC.c                       0x00000000   Number         0  svc_sc.o ABSOLUTE
    ..\..\src\svc_alarma.c                   0x00000000   Number         0  svc_alarma.o ABSOLUTE
    ..\\src_nrf\\hal_WTD_nrf.c               0x00000000   Number         0  hal_wtd_nrf.o ABSOLUTE
    ..\\src_nrf\\hal_consumo_nrf.c           0x00000000   Number         0  hal_consumo_nrf.o ABSOLUTE
    ..\\src_nrf\\hal_ext_int_nrf.c           0x00000000   Number         0  hal_ext_int_nrf.o ABSOLUTE
    ..\\src_nrf\\hal_gpio_nrf.c              0x00000000   Number         0  hal_gpio_nrf.o ABSOLUTE
    ..\\src_nrf\\hal_tiempo_nrf.c            0x00000000   Number         0  hal_tiempo_nrf.o ABSOLUTE
    ..\src_nrf\hal_WTD_nrf.c                 0x00000000   Number         0  hal_wtd_nrf.o ABSOLUTE
    ..\src_nrf\hal_consumo_nrf.c             0x00000000   Number         0  hal_consumo_nrf.o ABSOLUTE
    ..\src_nrf\hal_ext_int_nrf.c             0x00000000   Number         0  hal_ext_int_nrf.o ABSOLUTE
    ..\src_nrf\hal_gpio_nrf.c                0x00000000   Number         0  hal_gpio_nrf.o ABSOLUTE
    ..\src_nrf\hal_tiempo_nrf.c              0x00000000   Number         0  hal_tiempo_nrf.o ABSOLUTE
    RTE\Device\nRF52840_xxAA\arm_startup_nrf52840.s 0x00000000   Number         0  arm_startup_nrf52840.o ABSOLUTE
    RTE\Device\nRF52840_xxAA\system_nrf52.c  0x00000000   Number         0  system_nrf52.o ABSOLUTE
    RTE\\Device\\nRF52840_xxAA\\system_nrf52.c 0x00000000   Number         0  system_nrf52.o ABSOLUTE
    cdrcmple.s                               0x00000000   Number         0  cdrcmple.o ABSOLUTE
    dc.s                                     0x00000000   Number         0  dc.o ABSOLUTE
    handlers.s                               0x00000000   Number         0  handlers.o ABSOLUTE
    init.s                                   0x00000000   Number         0  init.o ABSOLUTE
    .ARM.Collect$$$$00000000                 0x00000200   Section        0  entry.o(.ARM.Collect$$$$00000000)
    .ARM.Collect$$$$00000001                 0x00000200   Section        4  entry2.o(.ARM.Collect$$$$00000001)
    .ARM.Collect$$$$00000004                 0x00000204   Section        4  entry5.o(.ARM.Collect$$$$00000004)
    .ARM.Collect$$$$00000008                 0x00000208   Section        0  entry7b.o(.ARM.Collect$$$$00000008)
    .ARM.Collect$$$$0000000A                 0x00000208   Section        0  entry8b.o(.ARM.Collect$$$$0000000A)
    .ARM.Collect$$$$0000000B                 0x00000208   Section        8  entry9a.o(.ARM.Collect$$$$0000000B)
    .ARM.Collect$$$$0000000D                 0x00000210   Section        0  entry10a.o(.ARM.Collect$$$$0000000D)
    .ARM.Collect$$$$0000000F                 0x00000210   Section        0  entry11a.o(.ARM.Collect$$$$0000000F)
    .ARM.Collect$$$$00002712                 0x00000210   Section        4  entry2.o(.ARM.Collect$$$$00002712)
    __lit__00000000                          0x00000210   Data           4  entry2.o(.ARM.Collect$$$$00002712)
    .text                                    0x00000214   Section       36  arm_startup_nrf52840.o(.text)
    $v0                                      0x00000214   Number         0  arm_startup_nrf52840.o(.text)
    .text                                    0x00000238   Section        0  uldiv.o(.text)
    .text                                    0x0000029a   Section        0  llshl.o(.text)
    .text                                    0x000002b8   Section        0  llushr.o(.text)
    .text                                    0x000002d8   Section       36  init.o(.text)
    i.GPIOTE_IRQHandler                      0x000002fc   Section        0  hal_ext_int_nrf.o(i.GPIOTE_IRQHandler)
    i.SystemCoreClockUpdate                  0x00000380   Section        0  system_nrf52.o(i.SystemCoreClockUpdate)
    i.SystemInit                             0x00000390   Section        0  system_nrf52.o(i.SystemInit)
    i.TIMER0_IRQHandler                      0x000005b0   Section        0  hal_tiempo_nrf.o(i.TIMER0_IRQHandler)
    i.TIMER1_IRQHandler                      0x000005d0   Section        0  hal_tiempo_nrf.o(i.TIMER1_IRQHandler)
    i.__NVIC_EnableIRQ                       0x000005f0   Section        0  hal_tiempo_nrf.o(i.__NVIC_EnableIRQ)
    __NVIC_EnableIRQ                         0x000005f1   Thumb Code    34  hal_tiempo_nrf.o(i.__NVIC_EnableIRQ)
    i.__scatterload_copy                     0x00000612   Section       14  handlers.o(i.__scatterload_copy)
    i.__scatterload_null                     0x00000620   Section        2  handlers.o(i.__scatterload_null)
    i.__scatterload_zeroinit                 0x00000622   Section       14  handlers.o(i.__scatterload_zeroinit)
    i.bit_counter_strike                     0x00000630   Section        0  main.o(i.bit_counter_strike)
    i.boton_pulsar_counter_strike            0x00000664   Section        0  main.o(i.boton_pulsar_counter_strike)
    i.drv_WDT_alimentar                      0x000006c4   Section        0  drv_wtd.o(i.drv_WDT_alimentar)
    i.drv_WDT_iniciar                        0x000006d4   Section        0  drv_wtd.o(i.drv_WDT_iniciar)
    i.drv_botones_iniciar                    0x000006e0   Section        0  drv_botones.o(i.drv_botones_iniciar)
    i.drv_botones_tratar                     0x0000072c   Section        0  drv_botones.o(i.drv_botones_tratar)
    i.drv_consumo_dormir                     0x000007b4   Section        0  drv_consumo.o(i.drv_consumo_dormir)
    i.drv_consumo_esperar                    0x000007c8   Section        0  drv_consumo.o(i.drv_consumo_esperar)
    i.drv_consumo_iniciar                    0x000007dc   Section        0  drv_consumo.o(i.drv_consumo_iniciar)
    i.drv_funcion_callback                   0x000007f8   Section        0  drv_tiempo.o(i.drv_funcion_callback)
    i.drv_led_apagar                         0x0000081c   Section        0  drv_leds.o(i.drv_led_apagar)
    i.drv_led_encender                       0x0000083c   Section        0  drv_leds.o(i.drv_led_encender)
    i.drv_leds_iniciar                       0x00000858   Section        0  drv_leds.o(i.drv_leds_iniciar)
    i.drv_monitor_desmarcar                  0x0000087c   Section        0  drv_monitor.o(i.drv_monitor_desmarcar)
    i.drv_monitor_marcar                     0x00000894   Section        0  drv_monitor.o(i.drv_monitor_marcar)
    i.drv_tiempo_actual_us                   0x000008ac   Section        0  drv_tiempo.o(i.drv_tiempo_actual_us)
    i.drv_tiempo_iniciar                     0x000008c8   Section        0  drv_tiempo.o(i.drv_tiempo_iniciar)
    i.drv_tiempo_periodico_ms                0x000008d8   Section        0  drv_tiempo.o(i.drv_tiempo_periodico_ms)
    i.drv_tiempo_setMonitor                  0x00000910   Section        0  drv_tiempo.o(i.drv_tiempo_setMonitor)
    i.hal_WDT_alimentar                      0x0000091c   Section        0  hal_wtd_nrf.o(i.hal_WDT_alimentar)
    i.hal_WDT_iniciar                        0x0000092c   Section        0  hal_wtd_nrf.o(i.hal_WDT_iniciar)
    i.hal_consumo_dormir                     0x00000950   Section        0  hal_consumo_nrf.o(i.hal_consumo_dormir)
    i.hal_consumo_esperar                    0x00000960   Section        0  hal_consumo_nrf.o(i.hal_consumo_esperar)
    i.hal_ext_int_deshabilitar_int           0x00000964   Section        0  hal_ext_int_nrf.o(i.hal_ext_int_deshabilitar_int)
    i.hal_ext_int_habilitar_despertar        0x0000097c   Section        0  hal_ext_int_nrf.o(i.hal_ext_int_habilitar_despertar)
    i.hal_ext_int_habilitar_int              0x00000990   Section        0  hal_ext_int_nrf.o(i.hal_ext_int_habilitar_int)
    i.hal_ext_int_iniciar                    0x000009a8   Section        0  hal_ext_int_nrf.o(i.hal_ext_int_iniciar)
    i.hal_gpio_escribir                      0x00000a1c   Section        0  hal_gpio_nrf.o(i.hal_gpio_escribir)
    i.hal_gpio_iniciar                       0x00000a3c   Section        0  hal_gpio_nrf.o(i.hal_gpio_iniciar)
    i.hal_gpio_leer                          0x00000a48   Section        0  hal_gpio_nrf.o(i.hal_gpio_leer)
    i.hal_gpio_sentido                       0x00000a64   Section        0  hal_gpio_nrf.o(i.hal_gpio_sentido)
    i.hal_tiempo_actual_tick                 0x00000a90   Section        0  hal_tiempo_nrf.o(i.hal_tiempo_actual_tick)
    i.hal_tiempo_iniciar_tick                0x00000abc   Section        0  hal_tiempo_nrf.o(i.hal_tiempo_iniciar_tick)
    i.hal_tiempo_reloj_periodico_tick        0x00000b10   Section        0  hal_tiempo_nrf.o(i.hal_tiempo_reloj_periodico_tick)
    i.main                                   0x00000b70   Section        0  main.o(i.main)
    i.nrf52_configuration_249                0x00000bb4   Section        0  system_nrf52.o(i.nrf52_configuration_249)
    nrf52_configuration_249                  0x00000bb5   Thumb Code    62  system_nrf52.o(i.nrf52_configuration_249)
    i.nrf52_errata_103                       0x00000bf8   Section        0  system_nrf52.o(i.nrf52_errata_103)
    nrf52_errata_103                         0x00000bf9   Thumb Code    62  system_nrf52.o(i.nrf52_errata_103)
    i.nrf52_errata_115                       0x00000c3c   Section        0  system_nrf52.o(i.nrf52_errata_115)
    nrf52_errata_115                         0x00000c3d   Thumb Code    62  system_nrf52.o(i.nrf52_errata_115)
    i.nrf52_errata_120                       0x00000c80   Section        0  system_nrf52.o(i.nrf52_errata_120)
    nrf52_errata_120                         0x00000c81   Thumb Code    62  system_nrf52.o(i.nrf52_errata_120)
    i.nrf52_errata_136                       0x00000cc4   Section        0  system_nrf52.o(i.nrf52_errata_136)
    nrf52_errata_136                         0x00000cc5   Thumb Code    62  system_nrf52.o(i.nrf52_errata_136)
    i.nrf52_errata_36                        0x00000d08   Section        0  system_nrf52.o(i.nrf52_errata_36)
    nrf52_errata_36                          0x00000d09   Thumb Code    62  system_nrf52.o(i.nrf52_errata_36)
    i.nrf52_errata_66                        0x00000d4c   Section        0  system_nrf52.o(i.nrf52_errata_66)
    nrf52_errata_66                          0x00000d4d   Thumb Code    62  system_nrf52.o(i.nrf52_errata_66)
    i.nrf52_errata_98                        0x00000d90   Section        0  system_nrf52.o(i.nrf52_errata_98)
    nrf52_errata_98                          0x00000d91   Thumb Code    62  system_nrf52.o(i.nrf52_errata_98)
    i.nvmc_config                            0x00000dd4   Section        0  system_nrf52.o(i.nvmc_config)
    i.nvmc_wait                              0x00000de8   Section        0  system_nrf52.o(i.nvmc_wait)
    i.rt_FIFO_encolar                        0x00000df8   Section        0  rt_fifo.o(i.rt_FIFO_encolar)
    i.rt_FIFO_extraer                        0x00000e78   Section        0  rt_fifo.o(i.rt_FIFO_extraer)
    i.rt_FIFO_llena                          0x00000f30   Section        0  rt_fifo.o(i.rt_FIFO_llena)
    i.rt_FIFO_vacia                          0x00000f54   Section        0  rt_fifo.o(i.rt_FIFO_vacia)
    i.rt_GE_iniciar                          0x00000f68   Section        0  rt_ge.o(i.rt_GE_iniciar)
    i.rt_GE_lanzador                         0x00000fc0   Section        0  rt_ge.o(i.rt_GE_lanzador)
    i.rt_GE_tratar                           0x00001028   Section        0  rt_ge.o(i.rt_GE_tratar)
    i.siguienteLed                           0x0000106c   Section        0  main.o(i.siguienteLed)
    i.svc_GE_suscribir                       0x000010a4   Section        0  rt_ge.o(i.svc_GE_suscribir)
    i.svc_SC_entrar                          0x000010e0   Section        0  svc_sc.o(i.svc_SC_entrar)
    i.svc_SC_salir                           0x000010f8   Section        0  svc_sc.o(i.svc_SC_salir)
    i.svc_alarma_activar                     0x00001110   Section        0  svc_alarma.o(i.svc_alarma_activar)
    i.svc_alarma_codificar                   0x00001240   Section        0  svc_alarma.o(i.svc_alarma_codificar)
    i.svc_alarma_iniciar                     0x0000124c   Section        0  svc_alarma.o(i.svc_alarma_iniciar)
    i.svc_alarma_tratar                      0x000012a4   Section        0  svc_alarma.o(i.svc_alarma_tratar)
    .constdata                               0x00001344   Section        4  drv_leds.o(.constdata)
    led_list                                 0x00001344   Data           4  drv_leds.o(.constdata)
    .constdata                               0x00001348   Section        4  drv_monitor.o(.constdata)
    monitor_list                             0x00001348   Data           4  drv_monitor.o(.constdata)
    .constdata                               0x0000134c   Section        5  drv_botones.o(.constdata)
    user_event_list                          0x0000134c   Data           1  drv_botones.o(.constdata)
    button_list                              0x0000134d   Data           4  drv_botones.o(.constdata)
    .data                                    0x20000000   Section        8  main.o(.data)
    id_led                                   0x20000000   Data           4  main.o(.data)
    n_leds_juego                             0x20000004   Data           4  main.o(.data)
    .data                                    0x20000008   Section       16  drv_tiempo.o(.data)
    TICKS2US                                 0x20000008   Data           4  drv_tiempo.o(.data)
    parametro_callback                       0x2000000c   Data           4  drv_tiempo.o(.data)
    id_monitor                               0x20000010   Data           4  drv_tiempo.o(.data)
    funcion_callback_drv                     0x20000014   Data           4  drv_tiempo.o(.data)
    .data                                    0x20000018   Section        4  drv_consumo.o(.data)
    id_monitor                               0x20000018   Data           4  drv_consumo.o(.data)
    .data                                    0x2000001c   Section       12  rt_fifo.o(.data)
    id_monitor_overflow                      0x2000001c   Data           4  rt_fifo.o(.data)
    ultimo_encolado                          0x20000020   Data           4  rt_fifo.o(.data)
    por_desencolar                           0x20000024   Data           4  rt_fifo.o(.data)
    .data                                    0x20000028   Section        4  rt_ge.o(.data)
    monitor_overflow                         0x20000028   Data           4  rt_ge.o(.data)
    .data                                    0x2000002c   Section        5  svc_alarma.o(.data)
    monitor                                  0x2000002c   Data           4  svc_alarma.o(.data)
    num_alarmas_activas                      0x20000030   Data           1  svc_alarma.o(.data)
    .data                                    0x20000031   Section        1  drv_botones.o(.data)
    estado_boton                             0x20000031   Data           1  drv_botones.o(.data)
    .data                                    0x20000034   Section        4  svc_sc.o(.data)
    n_in_critical_region                     0x20000034   Data           4  svc_sc.o(.data)
    .data                                    0x20000038   Section        8  hal_tiempo_nrf.o(.data)
    timer0_int_count                         0x20000038   Data           4  hal_tiempo_nrf.o(.data)
    f_callback                               0x2000003c   Data           4  hal_tiempo_nrf.o(.data)
    .data                                    0x20000040   Section        8  hal_ext_int_nrf.o(.data)
    callback                                 0x20000040   Data           4  hal_ext_int_nrf.o(.data)
    gpiote_iterator                          0x20000044   Data           4  hal_ext_int_nrf.o(.data)
    .data                                    0x20000048   Section        4  system_nrf52.o(.data)
    __tagsym$$used                           0x20000048   Number         0  system_nrf52.o(.data)
    .bss                                     0x20000050   Section     1048  rt_fifo.o(.bss)
    fifo_array                               0x20000050   Data        1024  rt_fifo.o(.bss)
    counter                                  0x20000450   Data          24  rt_fifo.o(.bss)
    .bss                                     0x20000468   Section       96  rt_ge.o(.bss)
    eventos_suscritos                        0x20000468   Data          96  rt_ge.o(.bss)
    .bss                                     0x200004c8   Section       80  svc_alarma.o(.bss)
    alarm_list                               0x200004c8   Data          80  svc_alarma.o(.bss)
    .bss                                     0x20000518   Section      128  hal_ext_int_nrf.o(.bss)
    gpio_to_gpiote                           0x20000518   Data         128  hal_ext_int_nrf.o(.bss)
    STACK                                    0x20000598   Section    16384  arm_startup_nrf52840.o(STACK)

    Global Symbols

    Symbol Name                              Value     Ov Type        Size  Object(Section)

    BuildAttributes$$THM_ISAv4$E$P$D$K$B$S$7EM$VFPi3$EXTD16$VFPS$VFMA$PE$A:L22UL41UL21$X:L11$S22US41US21$IEEE1$IW$USESV6$~STKCKD$USESV7$~SHL$OSPACE$ROPI$EBA8$MICROLIB$REQ8$PRES8$EABIv2 0x00000000   Number         0  anon$$obj.o ABSOLUTE
    __ARM_use_no_argv                        0x00000000   Number         0  main.o ABSOLUTE
    __Vectors                                0x00000000   Data           4  arm_startup_nrf52840.o(RESET)
    _printf_a                                0x00000000   Number         0  stubs.o ABSOLUTE
    _printf_c                                0x00000000   Number         0  stubs.o ABSOLUTE
    _printf_charcount                        0x00000000   Number         0  stubs.o ABSOLUTE
    _printf_d                                0x00000000   Number         0  stubs.o ABSOLUTE
    _printf_e                                0x00000000   Number         0  stubs.o ABSOLUTE
    _printf_f                                0x00000000   Number         0  stubs.o ABSOLUTE
    _printf_flags                            0x00000000   Number         0  stubs.o ABSOLUTE
    _printf_fp_dec                           0x00000000   Number         0  stubs.o ABSOLUTE
    _printf_fp_hex                           0x00000000   Number         0  stubs.o ABSOLUTE
    _printf_g                                0x00000000   Number         0  stubs.o ABSOLUTE
    _printf_i                                0x00000000   Number         0  stubs.o ABSOLUTE
    _printf_int_dec                          0x00000000   Number         0  stubs.o ABSOLUTE
    _printf_l                                0x00000000   Number         0  stubs.o ABSOLUTE
    _printf_lc                               0x00000000   Number         0  stubs.o ABSOLUTE
    _printf_ll                               0x00000000   Number         0  stubs.o ABSOLUTE
    _printf_lld                              0x00000000   Number         0  stubs.o ABSOLUTE
    _printf_lli                              0x00000000   Number         0  stubs.o ABSOLUTE
    _printf_llo                              0x00000000   Number         0  stubs.o ABSOLUTE
    _printf_llu                              0x00000000   Number         0  stubs.o ABSOLUTE
    _printf_llx                              0x00000000   Number         0  stubs.o ABSOLUTE
    _printf_longlong_dec                     0x00000000   Number         0  stubs.o ABSOLUTE
    _printf_longlong_hex                     0x00000000   Number         0  stubs.o ABSOLUTE
    _printf_longlong_oct                     0x00000000   Number         0  stubs.o ABSOLUTE
    _printf_ls                               0x00000000   Number         0  stubs.o ABSOLUTE
    _printf_mbtowc                           0x00000000   Number         0  stubs.o ABSOLUTE
    _printf_n                                0x00000000   Number         0  stubs.o ABSOLUTE
    _printf_o                                0x00000000   Number         0  stubs.o ABSOLUTE
    _printf_p                                0x00000000   Number         0  stubs.o ABSOLUTE
    _printf_percent                          0x00000000   Number         0  stubs.o ABSOLUTE
    _printf_pre_padding                      0x00000000   Number         0  stubs.o ABSOLUTE
    _printf_return_value                     0x00000000   Number         0  stubs.o ABSOLUTE
    _printf_s                                0x00000000   Number         0  stubs.o ABSOLUTE
    _printf_sizespec                         0x00000000   Number         0  stubs.o ABSOLUTE
    _printf_str                              0x00000000   Number         0  stubs.o ABSOLUTE
    _printf_truncate_signed                  0x00000000   Number         0  stubs.o ABSOLUTE
    _printf_truncate_unsigned                0x00000000   Number         0  stubs.o ABSOLUTE
    _printf_u                                0x00000000   Number         0  stubs.o ABSOLUTE
    _printf_wc                               0x00000000   Number         0  stubs.o ABSOLUTE
    _printf_wctomb                           0x00000000   Number         0  stubs.o ABSOLUTE
    _printf_widthprec                        0x00000000   Number         0  stubs.o ABSOLUTE
    _printf_x                                0x00000000   Number         0  stubs.o ABSOLUTE
    __cpp_initialize__aeabi_                  - Undefined Weak Reference
    __cxa_finalize                            - Undefined Weak Reference
    __decompress                              - Undefined Weak Reference
    _clock_init                               - Undefined Weak Reference
    _microlib_exit                            - Undefined Weak Reference
    __Vectors_End                            0x00000200   Data           0  arm_startup_nrf52840.o(RESET)
    __Vectors_Size                           0x00000200   Number         0  arm_startup_nrf52840.o ABSOLUTE
    __main                                   0x00000201   Thumb Code     0  entry.o(.ARM.Collect$$$$00000000)
    _main_stk                                0x00000201   Thumb Code     0  entry2.o(.ARM.Collect$$$$00000001)
    _main_scatterload                        0x00000205   Thumb Code     0  entry5.o(.ARM.Collect$$$$00000004)
    __main_after_scatterload                 0x00000209   Thumb Code     0  entry5.o(.ARM.Collect$$$$00000004)
    _main_clock                              0x00000209   Thumb Code     0  entry7b.o(.ARM.Collect$$$$00000008)
    _main_cpp_init                           0x00000209   Thumb Code     0  entry8b.o(.ARM.Collect$$$$0000000A)
    _main_init                               0x00000209   Thumb Code     0  entry9a.o(.ARM.Collect$$$$0000000B)
    __rt_final_cpp                           0x00000211   Thumb Code     0  entry10a.o(.ARM.Collect$$$$0000000D)
    __rt_final_exit                          0x00000211   Thumb Code     0  entry11a.o(.ARM.Collect$$$$0000000F)
    Reset_Handler                            0x00000215   Thumb Code     8  arm_startup_nrf52840.o(.text)
    NMI_Handler                              0x0000021d   Thumb Code     2  arm_startup_nrf52840.o(.text)
    HardFault_Handler                        0x0000021f   Thumb Code     2  arm_startup_nrf52840.o(.text)
    MemoryManagement_Handler                 0x00000221   Thumb Code     2  arm_startup_nrf52840.o(.text)
    BusFault_Handler                         0x00000223   Thumb Code     2  arm_startup_nrf52840.o(.text)
    UsageFault_Handler                       0x00000225   Thumb Code     2  arm_startup_nrf52840.o(.text)
    SVC_Handler                              0x00000227   Thumb Code     2  arm_startup_nrf52840.o(.text)
    DebugMon_Handler                         0x00000229   Thumb Code     2  arm_startup_nrf52840.o(.text)
    PendSV_Handler                           0x0000022b   Thumb Code     2  arm_startup_nrf52840.o(.text)
    SysTick_Handler                          0x0000022d   Thumb Code     2  arm_startup_nrf52840.o(.text)
    CCM_AAR_IRQHandler                       0x0000022f   Thumb Code     0  arm_startup_nrf52840.o(.text)
    COMP_LPCOMP_IRQHandler                   0x0000022f   Thumb Code     0  arm_startup_nrf52840.o(.text)
    CRYPTOCELL_IRQHandler                    0x0000022f   Thumb Code     0  arm_startup_nrf52840.o(.text)
    ECB_IRQHandler                           0x0000022f   Thumb Code     0  arm_startup_nrf52840.o(.text)
    FPU_IRQHandler                           0x0000022f   Thumb Code     0  arm_startup_nrf52840.o(.text)
    I2S_IRQHandler                           0x0000022f   Thumb Code     0  arm_startup_nrf52840.o(.text)
    MWU_IRQHandler                           0x0000022f   Thumb Code     0  arm_startup_nrf52840.o(.text)
    NFCT_IRQHandler                          0x0000022f   Thumb Code     0  arm_startup_nrf52840.o(.text)
    PDM_IRQHandler                           0x0000022f   Thumb Code     0  arm_startup_nrf52840.o(.text)
    POWER_CLOCK_IRQHandler                   0x0000022f   Thumb Code     0  arm_startup_nrf52840.o(.text)
    PWM0_IRQHandler                          0x0000022f   Thumb Code     0  arm_startup_nrf52840.o(.text)
    PWM1_IRQHandler                          0x0000022f   Thumb Code     0  arm_startup_nrf52840.o(.text)
    PWM2_IRQHandler                          0x0000022f   Thumb Code     0  arm_startup_nrf52840.o(.text)
    PWM3_IRQHandler                          0x0000022f   Thumb Code     0  arm_startup_nrf52840.o(.text)
    QDEC_IRQHandler                          0x0000022f   Thumb Code     0  arm_startup_nrf52840.o(.text)
    QSPI_IRQHandler                          0x0000022f   Thumb Code     0  arm_startup_nrf52840.o(.text)
    RADIO_IRQHandler                         0x0000022f   Thumb Code     0  arm_startup_nrf52840.o(.text)
    RNG_IRQHandler                           0x0000022f   Thumb Code     0  arm_startup_nrf52840.o(.text)
    RTC0_IRQHandler                          0x0000022f   Thumb Code     0  arm_startup_nrf52840.o(.text)
    RTC1_IRQHandler                          0x0000022f   Thumb Code     0  arm_startup_nrf52840.o(.text)
    RTC2_IRQHandler                          0x0000022f   Thumb Code     0  arm_startup_nrf52840.o(.text)
    SAADC_IRQHandler                         0x0000022f   Thumb Code     0  arm_startup_nrf52840.o(.text)
    SPIM0_SPIS0_TWIM0_TWIS0_SPI0_TWI0_IRQHandler 0x0000022f   Thumb Code     0  arm_startup_nrf52840.o(.text)
    SPIM1_SPIS1_TWIM1_TWIS1_SPI1_TWI1_IRQHandler 0x0000022f   Thumb Code     0  arm_startup_nrf52840.o(.text)
    SPIM2_SPIS2_SPI2_IRQHandler              0x0000022f   Thumb Code     0  arm_startup_nrf52840.o(.text)
    SPIM3_IRQHandler                         0x0000022f   Thumb Code     0  arm_startup_nrf52840.o(.text)
    SWI0_EGU0_IRQHandler                     0x0000022f   Thumb Code     0  arm_startup_nrf52840.o(.text)
    SWI1_EGU1_IRQHandler                     0x0000022f   Thumb Code     0  arm_startup_nrf52840.o(.text)
    SWI2_EGU2_IRQHandler                     0x0000022f   Thumb Code     0  arm_startup_nrf52840.o(.text)
    SWI3_EGU3_IRQHandler                     0x0000022f   Thumb Code     0  arm_startup_nrf52840.o(.text)
    SWI4_EGU4_IRQHandler                     0x0000022f   Thumb Code     0  arm_startup_nrf52840.o(.text)
    SWI5_EGU5_IRQHandler                     0x0000022f   Thumb Code     0  arm_startup_nrf52840.o(.text)
    TEMP_IRQHandler                          0x0000022f   Thumb Code     0  arm_startup_nrf52840.o(.text)
    TIMER2_IRQHandler                        0x0000022f   Thumb Code     0  arm_startup_nrf52840.o(.text)
    TIMER3_IRQHandler                        0x0000022f   Thumb Code     0  arm_startup_nrf52840.o(.text)
    TIMER4_IRQHandler                        0x0000022f   Thumb Code     0  arm_startup_nrf52840.o(.text)
    UARTE0_UART0_IRQHandler                  0x0000022f   Thumb Code     0  arm_startup_nrf52840.o(.text)
    UARTE1_IRQHandler                        0x0000022f   Thumb Code     0  arm_startup_nrf52840.o(.text)
    USBD_IRQHandler                          0x0000022f   Thumb Code     0  arm_startup_nrf52840.o(.text)
    WDT_IRQHandler                           0x0000022f   Thumb Code     0  arm_startup_nrf52840.o(.text)
    __aeabi_uldivmod                         0x00000239   Thumb Code    98  uldiv.o(.text)
    __aeabi_llsl                             0x0000029b   Thumb Code    30  llshl.o(.text)
    _ll_shift_l                              0x0000029b   Thumb Code     0  llshl.o(.text)
    __aeabi_llsr                             0x000002b9   Thumb Code    32  llushr.o(.text)
    _ll_ushift_r                             0x000002b9   Thumb Code     0  llushr.o(.text)
    __scatterload                            0x000002d9   Thumb Code    28  init.o(.text)
    __scatterload_rt2                        0x000002d9   Thumb Code     0  init.o(.text)
    GPIOTE_IRQHandler                        0x000002fd   Thumb Code   120  hal_ext_int_nrf.o(i.GPIOTE_IRQHandler)
    SystemCoreClockUpdate                    0x00000381   Thumb Code     8  system_nrf52.o(i.SystemCoreClockUpdate)
    SystemInit                               0x00000391   Thumb Code   488  system_nrf52.o(i.SystemInit)
    TIMER0_IRQHandler                        0x000005b1   Thumb Code    24  hal_tiempo_nrf.o(i.TIMER0_IRQHandler)
    TIMER1_IRQHandler                        0x000005d1   Thumb Code    22  hal_tiempo_nrf.o(i.TIMER1_IRQHandler)
    __scatterload_copy                       0x00000613   Thumb Code    14  handlers.o(i.__scatterload_copy)
    __scatterload_null                       0x00000621   Thumb Code     2  handlers.o(i.__scatterload_null)
    __scatterload_zeroinit                   0x00000623   Thumb Code    14  handlers.o(i.__scatterload_zeroinit)
    bit_counter_strike                       0x00000631   Thumb Code    44  main.o(i.bit_counter_strike)
    boton_pulsar_counter_strike              0x00000665   Thumb Code    84  main.o(i.boton_pulsar_counter_strike)
    drv_WDT_alimentar                        0x000006c5   Thumb Code    16  drv_wtd.o(i.drv_WDT_alimentar)
    drv_WDT_iniciar                          0x000006d5   Thumb Code    12  drv_wtd.o(i.drv_WDT_iniciar)
    drv_botones_iniciar                      0x000006e1   Thumb Code    66  drv_botones.o(i.drv_botones_iniciar)
    drv_botones_tratar                       0x0000072d   Thumb Code   130  drv_botones.o(i.drv_botones_tratar)
    drv_consumo_dormir                       0x000007b5   Thumb Code    16  drv_consumo.o(i.drv_consumo_dormir)
    drv_consumo_esperar                      0x000007c9   Thumb Code    16  drv_consumo.o(i.drv_consumo_esperar)
    drv_consumo_iniciar                      0x000007dd   Thumb Code    24  drv_consumo.o(i.drv_consumo_iniciar)
    drv_funcion_callback                     0x000007f9   Thumb Code    22  drv_tiempo.o(i.drv_funcion_callback)
    drv_led_apagar                           0x0000081d   Thumb Code    26  drv_leds.o(i.drv_led_apagar)
    drv_led_encender                         0x0000083d   Thumb Code    24  drv_leds.o(i.drv_led_encender)
    drv_leds_iniciar                         0x00000859   Thumb Code    32  drv_leds.o(i.drv_leds_iniciar)
    drv_monitor_desmarcar                    0x0000087d   Thumb Code    20  drv_monitor.o(i.drv_monitor_desmarcar)
    drv_monitor_marcar                       0x00000895   Thumb Code    18  drv_monitor.o(i.drv_monitor_marcar)
    drv_tiempo_actual_us                     0x000008ad   Thumb Code    22  drv_tiempo.o(i.drv_tiempo_actual_us)
    drv_tiempo_iniciar                       0x000008c9   Thumb Code    12  drv_tiempo.o(i.drv_tiempo_iniciar)
    drv_tiempo_periodico_ms                  0x000008d9   Thumb Code    40  drv_tiempo.o(i.drv_tiempo_periodico_ms)
    drv_tiempo_setMonitor                    0x00000911   Thumb Code     6  drv_tiempo.o(i.drv_tiempo_setMonitor)
    hal_WDT_alimentar                        0x0000091d   Thumb Code     8  hal_wtd_nrf.o(i.hal_WDT_alimentar)
    hal_WDT_iniciar                          0x0000092d   Thumb Code    28  hal_wtd_nrf.o(i.hal_WDT_iniciar)
    hal_consumo_dormir                       0x00000951   Thumb Code    12  hal_consumo_nrf.o(i.hal_consumo_dormir)
    hal_consumo_esperar                      0x00000961   Thumb Code     4  hal_consumo_nrf.o(i.hal_consumo_esperar)
    hal_ext_int_deshabilitar_int             0x00000965   Thumb Code    16  hal_ext_int_nrf.o(i.hal_ext_int_deshabilitar_int)
    hal_ext_int_habilitar_despertar          0x0000097d   Thumb Code    10  hal_ext_int_nrf.o(i.hal_ext_int_habilitar_despertar)
    hal_ext_int_habilitar_int                0x00000991   Thumb Code    16  hal_ext_int_nrf.o(i.hal_ext_int_habilitar_int)
    hal_ext_int_iniciar                      0x000009a9   Thumb Code    90  hal_ext_int_nrf.o(i.hal_ext_int_iniciar)
    hal_gpio_escribir                        0x00000a1d   Thumb Code    26  hal_gpio_nrf.o(i.hal_gpio_escribir)
    hal_gpio_iniciar                         0x00000a3d   Thumb Code     8  hal_gpio_nrf.o(i.hal_gpio_iniciar)
    hal_gpio_leer                            0x00000a49   Thumb Code    24  hal_gpio_nrf.o(i.hal_gpio_leer)
    hal_gpio_sentido                         0x00000a65   Thumb Code    36  hal_gpio_nrf.o(i.hal_gpio_sentido)
    hal_tiempo_actual_tick                   0x00000a91   Thumb Code    32  hal_tiempo_nrf.o(i.hal_tiempo_actual_tick)
    hal_tiempo_iniciar_tick                  0x00000abd   Thumb Code    66  hal_tiempo_nrf.o(i.hal_tiempo_iniciar_tick)
    hal_tiempo_reloj_periodico_tick          0x00000b11   Thumb Code    80  hal_tiempo_nrf.o(i.hal_tiempo_reloj_periodico_tick)
    main                                     0x00000b71   Thumb Code    62  main.o(i.main)
    nvmc_config                              0x00000dd5   Thumb Code    14  system_nrf52.o(i.nvmc_config)
    nvmc_wait                                0x00000de9   Thumb Code    12  system_nrf52.o(i.nvmc_wait)
    rt_FIFO_encolar                          0x00000df9   Thumb Code   106  rt_fifo.o(i.rt_FIFO_encolar)
    rt_FIFO_extraer                          0x00000e79   Thumb Code   170  rt_fifo.o(i.rt_FIFO_extraer)
    rt_FIFO_llena                            0x00000f31   Thumb Code    26  rt_fifo.o(i.rt_FIFO_llena)
    rt_FIFO_vacia                            0x00000f55   Thumb Code    16  rt_fifo.o(i.rt_FIFO_vacia)
    rt_GE_iniciar                            0x00000f69   Thumb Code    74  rt_ge.o(i.rt_GE_iniciar)
    rt_GE_lanzador                           0x00000fc1   Thumb Code   100  rt_ge.o(i.rt_GE_lanzador)
    rt_GE_tratar                             0x00001029   Thumb Code    66  rt_ge.o(i.rt_GE_tratar)
    siguienteLed                             0x0000106d   Thumb Code    46  main.o(i.siguienteLed)
    svc_GE_suscribir                         0x000010a5   Thumb Code    52  rt_ge.o(i.svc_GE_suscribir)
    svc_SC_entrar                            0x000010e1   Thumb Code    18  svc_sc.o(i.svc_SC_entrar)
    svc_SC_salir                             0x000010f9   Thumb Code    20  svc_sc.o(i.svc_SC_salir)
    svc_alarma_activar                       0x00001111   Thumb Code   292  svc_alarma.o(i.svc_alarma_activar)
    svc_alarma_codificar                     0x00001241   Thumb Code    10  svc_alarma.o(i.svc_alarma_codificar)
    svc_alarma_iniciar                       0x0000124d   Thumb Code    70  svc_alarma.o(i.svc_alarma_iniciar)
    svc_alarma_tratar                        0x000012a5   Thumb Code   156  svc_alarma.o(i.svc_alarma_tratar)
    Region$$Table$$Base                      0x00001354   Number         0  anon$$obj.o(Region$$Table)
    Region$$Table$$Limit                     0x00001374   Number         0  anon$$obj.o(Region$$Table)
    SystemCoreClock                          0x20000048   Data           4  system_nrf52.o(.data)
    __initial_sp                             0x20004598   Data           0  arm_startup_nrf52840.o(STACK)



==============================================================================

Memory Map of the image

  Image Entry point : 0x00000215

  Load Region LR_1 (Base: 0x00000000, Size: 0x000013c0, Max: 0xffffffff, ABSOLUTE)

    Execution Region ER_RO (Exec base: 0x00000000, Load base: 0x00000000, Size: 0x00001374, Max: 0xffffffff, ABSOLUTE)

    Exec Addr    Load Addr    Size         Type   Attr      Idx    E Section Name        Object

    0x00000000   0x00000000   0x00000200   Data   RO          777    RESET               arm_startup_nrf52840.o
    0x00000200   0x00000200   0x00000000   Code   RO         1789  * .ARM.Collect$$$$00000000  mc_w.l(entry.o)
    0x00000200   0x00000200   0x00000004   Code   RO         2055    .ARM.Collect$$$$00000001  mc_w.l(entry2.o)
    0x00000204   0x00000204   0x00000004   Code   RO         2058    .ARM.Collect$$$$00000004  mc_w.l(entry5.o)
    0x00000208   0x00000208   0x00000000   Code   RO         2060    .ARM.Collect$$$$00000008  mc_w.l(entry7b.o)
    0x00000208   0x00000208   0x00000000   Code   RO         2062    .ARM.Collect$$$$0000000A  mc_w.l(entry8b.o)
    0x00000208   0x00000208   0x00000008   Code   RO         2063    .ARM.Collect$$$$0000000B  mc_w.l(entry9a.o)
    0x00000210   0x00000210   0x00000000   Code   RO         2065    .ARM.Collect$$$$0000000D  mc_w.l(entry10a.o)
    0x00000210   0x00000210   0x00000000   Code   RO         2067    .ARM.Collect$$$$0000000F  mc_w.l(entry11a.o)
    0x00000210   0x00000210   0x00000004   Code   RO         2056    .ARM.Collect$$$$00002712  mc_w.l(entry2.o)
    0x00000214   0x00000214   0x00000024   Code   RO          778  * .text               arm_startup_nrf52840.o
    0x00000238   0x00000238   0x00000062   Code   RO         1792    .text               mc_w.l(uldiv.o)
    0x0000029a   0x0000029a   0x0000001e   Code   RO         2074    .text               mc_w.l(llshl.o)
    0x000002b8   0x000002b8   0x00000020   Code   RO         2076    .text               mc_w.l(llushr.o)
    0x000002d8   0x000002d8   0x00000024   Code   RO         2089    .text               mc_w.l(init.o)
    0x000002fc   0x000002fc   0x00000084   Code   RO          681    i.GPIOTE_IRQHandler  hal_ext_int_nrf.o
    0x00000380   0x00000380   0x00000010   Code   RO          785    i.SystemCoreClockUpdate  system_nrf52.o
    0x00000390   0x00000390   0x00000220   Code   RO          786    i.SystemInit        system_nrf52.o
    0x000005b0   0x000005b0   0x00000020   Code   RO          578    i.TIMER0_IRQHandler  hal_tiempo_nrf.o
    0x000005d0   0x000005d0   0x00000020   Code   RO          579    i.TIMER1_IRQHandler  hal_tiempo_nrf.o
    0x000005f0   0x000005f0   0x00000022   Code   RO          580    i.__NVIC_EnableIRQ  hal_tiempo_nrf.o
    0x00000612   0x00000612   0x0000000e   Code   RO         2099    i.__scatterload_copy  mc_w.l(handlers.o)
    0x00000620   0x00000620   0x00000002   Code   RO         2100    i.__scatterload_null  mc_w.l(handlers.o)
    0x00000622   0x00000622   0x0000000e   Code   RO         2101    i.__scatterload_zeroinit  mc_w.l(handlers.o)
    0x00000630   0x00000630   0x00000034   Code   RO            1    i.bit_counter_strike  main.o
    0x00000664   0x00000664   0x00000060   Code   RO            3    i.boton_pulsar_counter_strike  main.o
    0x000006c4   0x000006c4   0x00000010   Code   RO          432    i.drv_WDT_alimentar  drv_wtd.o
    0x000006d4   0x000006d4   0x0000000c   Code   RO          433    i.drv_WDT_iniciar   drv_wtd.o
    0x000006e0   0x000006e0   0x0000004c   Code   RO          408    i.drv_botones_iniciar  drv_botones.o
    0x0000072c   0x0000072c   0x00000088   Code   RO          409    i.drv_botones_tratar  drv_botones.o
    0x000007b4   0x000007b4   0x00000014   Code   RO          184    i.drv_consumo_dormir  drv_consumo.o
    0x000007c8   0x000007c8   0x00000014   Code   RO          185    i.drv_consumo_esperar  drv_consumo.o
    0x000007dc   0x000007dc   0x0000001c   Code   RO          186    i.drv_consumo_iniciar  drv_consumo.o
    0x000007f8   0x000007f8   0x00000024   Code   RO          119    i.drv_funcion_callback  drv_tiempo.o
    0x0000081c   0x0000081c   0x00000020   Code   RO           87    i.drv_led_apagar    drv_leds.o
    0x0000083c   0x0000083c   0x0000001c   Code   RO           89    i.drv_led_encender  drv_leds.o
    0x00000858   0x00000858   0x00000024   Code   RO           90    i.drv_leds_iniciar  drv_leds.o
    0x0000087c   0x0000087c   0x00000018   Code   RO          219    i.drv_monitor_desmarcar  drv_monitor.o
    0x00000894   0x00000894   0x00000018   Code   RO          220    i.drv_monitor_marcar  drv_monitor.o
    0x000008ac   0x000008ac   0x0000001c   Code   RO          121    i.drv_tiempo_actual_us  drv_tiempo.o
    0x000008c8   0x000008c8   0x00000010   Code   RO          124    i.drv_tiempo_iniciar  drv_tiempo.o
    0x000008d8   0x000008d8   0x00000038   Code   RO          125    i.drv_tiempo_periodico_ms  drv_tiempo.o
    0x00000910   0x00000910   0x0000000c   Code   RO          126    i.drv_tiempo_setMonitor  drv_tiempo.o
    0x0000091c   0x0000091c   0x00000010   Code   RO          745    i.hal_WDT_alimentar  hal_wtd_nrf.o
    0x0000092c   0x0000092c   0x00000024   Code   RO          746    i.hal_WDT_iniciar   hal_wtd_nrf.o
    0x00000950   0x00000950   0x00000010   Code   RO          640    i.hal_consumo_dormir  hal_consumo_nrf.o
    0x00000960   0x00000960   0x00000004   Code   RO          641    i.hal_consumo_esperar  hal_consumo_nrf.o
    0x00000964   0x00000964   0x00000018   Code   RO          683    i.hal_ext_int_deshabilitar_int  hal_ext_int_nrf.o
    0x0000097c   0x0000097c   0x00000014   Code   RO          684    i.hal_ext_int_habilitar_despertar  hal_ext_int_nrf.o
    0x00000990   0x00000990   0x00000018   Code   RO          685    i.hal_ext_int_habilitar_int  hal_ext_int_nrf.o
    0x000009a8   0x000009a8   0x00000074   Code   RO          686    i.hal_ext_int_iniciar  hal_ext_int_nrf.o
    0x00000a1c   0x00000a1c   0x00000020   Code   RO          476    i.hal_gpio_escribir  hal_gpio_nrf.o
    0x00000a3c   0x00000a3c   0x0000000c   Code   RO          478    i.hal_gpio_iniciar  hal_gpio_nrf.o
    0x00000a48   0x00000a48   0x0000001c   Code   RO          479    i.hal_gpio_leer     hal_gpio_nrf.o
    0x00000a64   0x00000a64   0x0000002c   Code   RO          481    i.hal_gpio_sentido  hal_gpio_nrf.o
    0x00000a90   0x00000a90   0x0000002c   Code   RO          581    i.hal_tiempo_actual_tick  hal_tiempo_nrf.o
    0x00000abc   0x00000abc   0x00000054   Code   RO          582    i.hal_tiempo_iniciar_tick  hal_tiempo_nrf.o
    0x00000b10   0x00000b10   0x00000060   Code   RO          583    i.hal_tiempo_reloj_periodico_tick  hal_tiempo_nrf.o
    0x00000b70   0x00000b70   0x00000044   Code   RO            4    i.main              main.o
    0x00000bb4   0x00000bb4   0x00000044   Code   RO          787    i.nrf52_configuration_249  system_nrf52.o
    0x00000bf8   0x00000bf8   0x00000044   Code   RO          796    i.nrf52_errata_103  system_nrf52.o
    0x00000c3c   0x00000c3c   0x00000044   Code   RO          807    i.nrf52_errata_115  system_nrf52.o
    0x00000c80   0x00000c80   0x00000044   Code   RO          813    i.nrf52_errata_120  system_nrf52.o
    0x00000cc4   0x00000cc4   0x00000044   Code   RO          823    i.nrf52_errata_136  system_nrf52.o
    0x00000d08   0x00000d08   0x00000044   Code   RO          924    i.nrf52_errata_36   system_nrf52.o
    0x00000d4c   0x00000d4c   0x00000044   Code   RO          947    i.nrf52_errata_66   system_nrf52.o
    0x00000d90   0x00000d90   0x00000044   Code   RO          974    i.nrf52_errata_98   system_nrf52.o
    0x00000dd4   0x00000dd4   0x00000014   Code   RO          975    i.nvmc_config       system_nrf52.o
    0x00000de8   0x00000de8   0x00000010   Code   RO          976    i.nvmc_wait         system_nrf52.o
    0x00000df8   0x00000df8   0x00000080   Code   RO          239    i.rt_FIFO_encolar   rt_fifo.o
    0x00000e78   0x00000e78   0x000000b8   Code   RO          241    i.rt_FIFO_extraer   rt_fifo.o
    0x00000f30   0x00000f30   0x00000024   Code   RO          243    i.rt_FIFO_llena     rt_fifo.o
    0x00000f54   0x00000f54   0x00000014   Code   RO          244    i.rt_FIFO_vacia     rt_fifo.o
    0x00000f68   0x00000f68   0x00000058   Code   RO          331    i.rt_GE_iniciar     rt_ge.o
    0x00000fc0   0x00000fc0   0x00000068   Code   RO          332    i.rt_GE_lanzador    rt_ge.o
    0x00001028   0x00001028   0x00000042   Code   RO          333    i.rt_GE_tratar      rt_ge.o
    0x0000106a   0x0000106a   0x00000002   PAD
    0x0000106c   0x0000106c   0x00000038   Code   RO            5    i.siguienteLed      main.o
    0x000010a4   0x000010a4   0x0000003c   Code   RO          335    i.svc_GE_suscribir  rt_ge.o
    0x000010e0   0x000010e0   0x00000018   Code   RO          453    i.svc_SC_entrar     svc_sc.o
    0x000010f8   0x000010f8   0x00000018   Code   RO          454    i.svc_SC_salir      svc_sc.o
    0x00001110   0x00001110   0x00000130   Code   RO          374    i.svc_alarma_activar  svc_alarma.o
    0x00001240   0x00001240   0x0000000a   Code   RO          375    i.svc_alarma_codificar  svc_alarma.o
    0x0000124a   0x0000124a   0x00000002   PAD
    0x0000124c   0x0000124c   0x00000058   Code   RO          376    i.svc_alarma_iniciar  svc_alarma.o
    0x000012a4   0x000012a4   0x000000a0   Code   RO          377    i.svc_alarma_tratar  svc_alarma.o
    0x00001344   0x00001344   0x00000004   Data   RO           91    .constdata          drv_leds.o
    0x00001348   0x00001348   0x00000004   Data   RO          221    .constdata          drv_monitor.o
    0x0000134c   0x0000134c   0x00000005   Data   RO          410    .constdata          drv_botones.o
    0x00001351   0x00001351   0x00000003   PAD
    0x00001354   0x00001354   0x00000020   Data   RO         2097    Region$$Table       anon$$obj.o


    Execution Region ER_RW (Exec base: 0x20000000, Load base: 0x00001374, Size: 0x0000004c, Max: 0xffffffff, ABSOLUTE)

    Exec Addr    Load Addr    Size         Type   Attr      Idx    E Section Name        Object

    0x20000000   0x00001374   0x00000008   Data   RW            7    .data               main.o
    0x20000008   0x0000137c   0x00000010   Data   RW          127    .data               drv_tiempo.o
    0x20000018   0x0000138c   0x00000004   Data   RW          187    .data               drv_consumo.o
    0x2000001c   0x00001390   0x0000000c   Data   RW          248    .data               rt_fifo.o
    0x20000028   0x0000139c   0x00000004   Data   RW          338    .data               rt_ge.o
    0x2000002c   0x000013a0   0x00000005   Data   RW          380    .data               svc_alarma.o
    0x20000031   0x000013a5   0x00000001   Data   RW          411    .data               drv_botones.o
    0x20000032   0x000013a6   0x00000002   PAD
    0x20000034   0x000013a8   0x00000004   Data   RW          455    .data               svc_sc.o
    0x20000038   0x000013ac   0x00000008   Data   RW          584    .data               hal_tiempo_nrf.o
    0x20000040   0x000013b4   0x00000008   Data   RW          688    .data               hal_ext_int_nrf.o
    0x20000048   0x000013bc   0x00000004   Data   RW          977    .data               system_nrf52.o


    Execution Region ER_ZI (Exec base: 0x2000004c, Load base: 0x000013c0, Size: 0x0000454c, Max: 0xffffffff, ABSOLUTE)

    Exec Addr    Load Addr    Size         Type   Attr      Idx    E Section Name        Object

    0x2000004c   0x000013c0   0x00000004   PAD
    0x20000050        -       0x00000418   Zero   RW          246    .bss                rt_fifo.o
    0x20000468        -       0x00000060   Zero   RW          336    .bss                rt_ge.o
    0x200004c8        -       0x00000050   Zero   RW          378    .bss                svc_alarma.o
    0x20000518        -       0x00000080   Zero   RW          687    .bss                hal_ext_int_nrf.o
    0x20000598        -       0x00004000   Zero   RW          775    STACK               arm_startup_nrf52840.o


==============================================================================

Image component sizes


      Code (inc. data)   RO Data    RW Data    ZI Data      Debug   Object Name

        36          8        512          0      16384        880   arm_startup_nrf52840.o
       212         16          5          1          0       2431   drv_botones.o
        68         12          0          4          0       1789   drv_consumo.o
        96         14          4          0          0       2335   drv_leds.o
        48         10          4          0          0       1769   drv_monitor.o
       148         46          0         16          0       3921   drv_tiempo.o
        28          0          0          0          0       1046   drv_wtd.o
        20          4          0          0          0        995   hal_consumo_nrf.o
       316         64          0          8        128      34202   hal_ext_int_nrf.o
       116         22          0          0          0      37910   hal_gpio_nrf.o
       322         64          0          8          0       4297   hal_tiempo_nrf.o
        52         16          0          0          0       1010   hal_wtd_nrf.o
       272         36          0          8          0       8245   main.o
       368         50          0         12       1048       4036   rt_fifo.o
       318         26          0          4         96       3439   rt_ge.o
       562         34          0          5         80       3921   svc_alarma.o
        48         10          0          4          0       1167   svc_sc.o
      1140        170          0          4          0      39552   system_nrf52.o

    ----------------------------------------------------------------------
      4174        602        560         76      17740     152945   Object Totals
         0          0         32          0          0          0   (incl. Generated)
         4          0          3          2          4          0   (incl. Padding)

    ----------------------------------------------------------------------

      Code (inc. data)   RO Data    RW Data    ZI Data      Debug   Library Member Name

         0          0          0          0          0          0   entry.o
         0          0          0          0          0          0   entry10a.o
         0          0          0          0          0          0   entry11a.o
         8          4          0          0          0          0   entry2.o
         4          0          0          0          0          0   entry5.o
         0          0          0          0          0          0   entry7b.o
         0          0          0          0          0          0   entry8b.o
         8          4          0          0          0          0   entry9a.o
        30          0          0          0          0          0   handlers.o
        36          8          0          0          0         68   init.o
        30          0          0          0          0         68   llshl.o
        32          0          0          0          0         68   llushr.o
        98          0          0          0          0         92   uldiv.o

    ----------------------------------------------------------------------
       246         16          0          0          0        296   Library Totals
         0          0          0          0          0          0   (incl. Padding)

    ----------------------------------------------------------------------

      Code (inc. data)   RO Data    RW Data    ZI Data      Debug   Library Name

       246         16          0          0          0        296   mc_w.l

    ----------------------------------------------------------------------
       246         16          0          0          0        296   Library Totals

    ----------------------------------------------------------------------

==============================================================================


      Code (inc. data)   RO Data    RW Data    ZI Data      Debug   

      4420        618        560         76      17740     147393   Grand Totals
      4420        618        560         76      17740     147393   ELF Image Totals
      4420        618        560         76          0          0   ROM Totals

==============================================================================

    Total RO  Size (Code + RO Data)                 4980 (   4.86kB)
    Total RW  Size (RW Data + ZI Data)             17816 (  17.40kB)
    Total ROM Size (Code + RO Data + RW Data)       5056 (   4.94kB)

==============================================================================

